Archive member included to satisfy reference by file (symbol)

../Middlewares/ST/ARM/DSP/Lib/libarm_cortexM4lf_math.a(arm_rfft_fast_init_f32.o)
                              ./Core/Src/main.o (arm_rfft_fast_init_f32)
../Middlewares/ST/ARM/DSP/Lib/libarm_cortexM4lf_math.a(arm_rfft_fast_f32.o)
                              ./Core/Src/main.o (arm_rfft_fast_f32)
../Middlewares/ST/ARM/DSP/Lib/libarm_cortexM4lf_math.a(arm_cfft_f32.o)
                              ../Middlewares/ST/ARM/DSP/Lib/libarm_cortexM4lf_math.a(arm_rfft_fast_f32.o) (arm_cfft_f32)
../Middlewares/ST/ARM/DSP/Lib/libarm_cortexM4lf_math.a(arm_bitreversal2.o)
                              ../Middlewares/ST/ARM/DSP/Lib/libarm_cortexM4lf_math.a(arm_cfft_f32.o) (arm_bitreversal_32)
../Middlewares/ST/ARM/DSP/Lib/libarm_cortexM4lf_math.a(arm_common_tables.o)
                              ../Middlewares/ST/ARM/DSP/Lib/libarm_cortexM4lf_math.a(arm_rfft_fast_init_f32.o) (twiddleCoef_rfft_4096)
../Middlewares/ST/ARM/DSP/Lib/libarm_cortexM4lf_math.a(arm_cfft_radix8_f32.o)
                              ../Middlewares/ST/ARM/DSP/Lib/libarm_cortexM4lf_math.a(arm_cfft_f32.o) (arm_radix8_butterfly_f32)
/opt/st/stm32cubeide_1.12.1/plugins/com.st.stm32cube.ide.mcu.externaltools.gnu-tools-for-stm32.10.3-2021.10.linux64_1.0.200.202301161003/tools/bin/../lib/gcc/arm-none-eabi/10.3.1/../../../../arm-none-eabi/lib/thumb/v7e-m+fp/hard/libc_nano.a(lib_a-errno.o)
                              ./Core/Src/syscalls.o (__errno)
/opt/st/stm32cubeide_1.12.1/plugins/com.st.stm32cube.ide.mcu.externaltools.gnu-tools-for-stm32.10.3-2021.10.linux64_1.0.200.202301161003/tools/bin/../lib/gcc/arm-none-eabi/10.3.1/../../../../arm-none-eabi/lib/thumb/v7e-m+fp/hard/libc_nano.a(lib_a-exit.o)
                              /opt/st/stm32cubeide_1.12.1/plugins/com.st.stm32cube.ide.mcu.externaltools.gnu-tools-for-stm32.10.3-2021.10.linux64_1.0.200.202301161003/tools/bin/../lib/gcc/arm-none-eabi/10.3.1/../../../../arm-none-eabi/lib/thumb/v7e-m+fp/hard/crt0.o (exit)
/opt/st/stm32cubeide_1.12.1/plugins/com.st.stm32cube.ide.mcu.externaltools.gnu-tools-for-stm32.10.3-2021.10.linux64_1.0.200.202301161003/tools/bin/../lib/gcc/arm-none-eabi/10.3.1/../../../../arm-none-eabi/lib/thumb/v7e-m+fp/hard/libc_nano.a(lib_a-impure.o)
                              /opt/st/stm32cubeide_1.12.1/plugins/com.st.stm32cube.ide.mcu.externaltools.gnu-tools-for-stm32.10.3-2021.10.linux64_1.0.200.202301161003/tools/bin/../lib/gcc/arm-none-eabi/10.3.1/../../../../arm-none-eabi/lib/thumb/v7e-m+fp/hard/libc_nano.a(lib_a-exit.o) (_global_impure_ptr)
/opt/st/stm32cubeide_1.12.1/plugins/com.st.stm32cube.ide.mcu.externaltools.gnu-tools-for-stm32.10.3-2021.10.linux64_1.0.200.202301161003/tools/bin/../lib/gcc/arm-none-eabi/10.3.1/../../../../arm-none-eabi/lib/thumb/v7e-m+fp/hard/libc_nano.a(lib_a-init.o)
                              /opt/st/stm32cubeide_1.12.1/plugins/com.st.stm32cube.ide.mcu.externaltools.gnu-tools-for-stm32.10.3-2021.10.linux64_1.0.200.202301161003/tools/bin/../lib/gcc/arm-none-eabi/10.3.1/../../../../arm-none-eabi/lib/thumb/v7e-m+fp/hard/crt0.o (__libc_init_array)
/opt/st/stm32cubeide_1.12.1/plugins/com.st.stm32cube.ide.mcu.externaltools.gnu-tools-for-stm32.10.3-2021.10.linux64_1.0.200.202301161003/tools/bin/../lib/gcc/arm-none-eabi/10.3.1/../../../../arm-none-eabi/lib/thumb/v7e-m+fp/hard/libc_nano.a(lib_a-memset.o)
                              /opt/st/stm32cubeide_1.12.1/plugins/com.st.stm32cube.ide.mcu.externaltools.gnu-tools-for-stm32.10.3-2021.10.linux64_1.0.200.202301161003/tools/bin/../lib/gcc/arm-none-eabi/10.3.1/../../../../arm-none-eabi/lib/thumb/v7e-m+fp/hard/crt0.o (memset)
/opt/st/stm32cubeide_1.12.1/plugins/com.st.stm32cube.ide.mcu.externaltools.gnu-tools-for-stm32.10.3-2021.10.linux64_1.0.200.202301161003/tools/bin/../lib/gcc/arm-none-eabi/10.3.1/../../../../arm-none-eabi/lib/thumb/v7e-m+fp/hard/libm.a(lib_a-wf_log10.o)
                              ./Core/Src/main.o (log10f)
/opt/st/stm32cubeide_1.12.1/plugins/com.st.stm32cube.ide.mcu.externaltools.gnu-tools-for-stm32.10.3-2021.10.linux64_1.0.200.202301161003/tools/bin/../lib/gcc/arm-none-eabi/10.3.1/../../../../arm-none-eabi/lib/thumb/v7e-m+fp/hard/libm.a(lib_a-wf_sqrt.o)
                              ./Core/Src/main.o (sqrtf)
/opt/st/stm32cubeide_1.12.1/plugins/com.st.stm32cube.ide.mcu.externaltools.gnu-tools-for-stm32.10.3-2021.10.linux64_1.0.200.202301161003/tools/bin/../lib/gcc/arm-none-eabi/10.3.1/../../../../arm-none-eabi/lib/thumb/v7e-m+fp/hard/libm.a(lib_a-ef_log10.o)
                              /opt/st/stm32cubeide_1.12.1/plugins/com.st.stm32cube.ide.mcu.externaltools.gnu-tools-for-stm32.10.3-2021.10.linux64_1.0.200.202301161003/tools/bin/../lib/gcc/arm-none-eabi/10.3.1/../../../../arm-none-eabi/lib/thumb/v7e-m+fp/hard/libm.a(lib_a-wf_log10.o) (__ieee754_log10f)
[...]
Memory Configuration

Name             Origin             Length             Attributes
RAM              0x0000000020000000 0x0000000000020000 xrw
FLASH            0x0000000008000000 0x0000000000080000 xr
*default*        0x0000000000000000 0xffffffffffffffff

Linker script and memory map

LOAD /opt/st/stm32cubeide_1.12.1/plugins/com.st.stm32cube.ide.mcu.externaltools.gnu-tools-for-stm32.10.3-2021.10.linux64_1.0.200.202301161003/tools/bin/../lib/gcc/arm-none-eabi/10.3.1/thumb/v7e-m+fp/hard/crti.o
LOAD /opt/st/stm32cubeide_1.12.1/plugins/com.st.stm32cube.ide.mcu.externaltools.gnu-tools-for-stm32.10.3-2021.10.linux64_1.0.200.202301161003/tools/bin/../lib/gcc/arm-none-eabi/10.3.1/thumb/v7e-m+fp/hard/crtbegin.o
LOAD /opt/st/stm32cubeide_1.12.1/plugins/com.st.stm32cube.ide.mcu.externaltools.gnu-tools-for-stm32.10.3-2021.10.linux64_1.0.200.202301161003/tools/bin/../lib/gcc/arm-none-eabi/10.3.1/../../../../arm-none-eabi/lib/thumb/v7e-m+fp/hard/crt0.o
LOAD ./Core/Src/main.o
LOAD ./Core/Src/stm32g4xx_hal_msp.o
LOAD ./Core/Src/stm32g4xx_it.o
LOAD ./Core/Src/syscalls.o
LOAD ./Core/Src/sysmem.o
LOAD ./Core/Src/system_stm32g4xx.o
LOAD ./Core/Startup/startup_stm32g474retx.o
LOAD ./Drivers/STM32G4xx_HAL_Driver/Src/stm32g4xx_hal.o
LOAD ./Drivers/STM32G4xx_HAL_Driver/Src/stm32g4xx_hal_cortex.o
LOAD ./Drivers/STM32G4xx_HAL_Driver/Src/stm32g4xx_hal_dma.o
LOAD ./Drivers/STM32G4xx_HAL_Driver/Src/stm32g4xx_hal_dma_ex.o
LOAD ./Drivers/STM32G4xx_HAL_Driver/Src/stm32g4xx_hal_exti.o
LOAD ./Drivers/STM32G4xx_HAL_Driver/Src/stm32g4xx_hal_flash.o
LOAD ./Drivers/STM32G4xx_HAL_Driver/Src/stm32g4xx_hal_flash_ex.o
LOAD ./Drivers/STM32G4xx_HAL_Driver/Src/stm32g4xx_hal_flash_ramfunc.o
LOAD ./Drivers/STM32G4xx_HAL_Driver/Src/stm32g4xx_hal_gpio.o
LOAD ./Drivers/STM32G4xx_HAL_Driver/Src/stm32g4xx_hal_i2s.o
LOAD ./Drivers/STM32G4xx_HAL_Driver/Src/stm32g4xx_hal_pwr.o
LOAD ./Drivers/STM32G4xx_HAL_Driver/Src/stm32g4xx_hal_pwr_ex.o
LOAD ./Drivers/STM32G4xx_HAL_Driver/Src/stm32g4xx_hal_rcc.o
LOAD ./Drivers/STM32G4xx_HAL_Driver/Src/stm32g4xx_hal_rcc_ex.o
LOAD ./Drivers/STM32G4xx_HAL_Driver/Src/stm32g4xx_hal_tim.o
LOAD ./Drivers/STM32G4xx_HAL_Driver/Src/stm32g4xx_hal_tim_ex.o
LOAD ./Drivers/STM32G4xx_HAL_Driver/Src/stm32g4xx_hal_uart.o
LOAD ./Drivers/STM32G4xx_HAL_Driver/Src/stm32g4xx_hal_uart_ex.o
LOAD ../Middlewares/ST/ARM/DSP/Lib/libarm_cortexM4lf_math.a
START GROUP
LOAD /opt/st/stm32cubeide_1.12.1/plugins/com.st.stm32cube.ide.mcu.externaltools.gnu-tools-for-stm32.10.3-2021.10.linux64_1.0.200.202301161003/tools/bin/../lib/gcc/arm-none-eabi/10.3.1/../../../../arm-none-eabi/lib/thumb/v7e-m+fp/hard/libc_nano.a
LOAD /opt/st/stm32cubeide_1.12.1/plugins/com.st.stm32cube.ide.mcu.externaltools.gnu-tools-for-stm32.10.3-2021.10.linux64_1.0.200.202301161003/tools/bin/../lib/gcc/arm-none-eabi/10.3.1/../../../../arm-none-eabi/lib/thumb/v7e-m+fp/hard/libm.a
END GROUP
START GROUP
LOAD /opt/st/stm32cubeide_1.12.1/plugins/com.st.stm32cube.ide.mcu.externaltools.gnu-tools-for-stm32.10.3-2021.10.linux64_1.0.200.202301161003/tools/bin/../lib/gcc/arm-none-eabi/10.3.1/thumb/v7e-m+fp/hard/libgcc.a
LOAD /opt/st/stm32cubeide_1.12.1/plugins/com.st.stm32cube.ide.mcu.externaltools.gnu-tools-for-stm32.10.3-2021.10.linux64_1.0.200.202301161003/tools/bin/../lib/gcc/arm-none-eabi/10.3.1/../../../../arm-none-eabi/lib/thumb/v7e-m+fp/hard/libc_nano.a
END GROUP
START GROUP
LOAD /opt/st/stm32cubeide_1.12.1/plugins/com.st.stm32cube.ide.mcu.externaltools.gnu-tools-for-stm32.10.3-2021.10.linux64_1.0.200.202301161003/tools/bin/../lib/gcc/arm-none-eabi/10.3.1/thumb/v7e-m+fp/hard/libgcc.a
LOAD /opt/st/stm32cubeide_1.12.1/plugins/com.st.stm32cube.ide.mcu.externaltools.gnu-tools-for-stm32.10.3-2021.10.linux64_1.0.200.202301161003/tools/bin/../lib/gcc/arm-none-eabi/10.3.1/../../../../arm-none-eabi/lib/thumb/v7e-m+fp/hard/libc_nano.a
LOAD /opt/st/stm32cubeide_1.12.1/plugins/com.st.stm32cube.ide.mcu.externaltools.gnu-tools-for-stm32.10.3-2021.10.linux64_1.0.200.202301161003/tools/bin/../lib/gcc/arm-none-eabi/10.3.1/../../../../arm-none-eabi/lib/thumb/v7e-m+fp/hard/libnosys.a
END GROUP
START GROUP
LOAD /opt/st/stm32cubeide_1.12.1/plugins/com.st.stm32cube.ide.mcu.externaltools.gnu-tools-for-stm32.10.3-2021.10.linux64_1.0.200.202301161003/tools/bin/../lib/gcc/arm-none-eabi/10.3.1/thumb/v7e-m+fp/hard/libgcc.a
LOAD /opt/st/stm32cubeide_1.12.1/plugins/com.st.stm32cube.ide.mcu.externaltools.gnu-tools-for-stm32.10.3-2021.10.linux64_1.0.200.202301161003/tools/bin/../lib/gcc/arm-none-eabi/10.3.1/../../../../arm-none-eabi/lib/thumb/v7e-m+fp/hard/libc_nano.a
LOAD /opt/st/stm32cubeide_1.12.1/plugins/com.st.stm32cube.ide.mcu.externaltools.gnu-tools-for-stm32.10.3-2021.10.linux64_1.0.200.202301161003/tools/bin/../lib/gcc/arm-none-eabi/10.3.1/../../../../arm-none-eabi/lib/thumb/v7e-m+fp/hard/libnosys.a
END GROUP
LOAD /opt/st/stm32cubeide_1.12.1/plugins/com.st.stm32cube.ide.mcu.externaltools.gnu-tools-for-stm32.10.3-2021.10.linux64_1.0.200.202301161003/tools/bin/../lib/gcc/arm-none-eabi/10.3.1/thumb/v7e-m+fp/hard/crtend.o
LOAD /opt/st/stm32cubeide_1.12.1/plugins/com.st.stm32cube.ide.mcu.externaltools.gnu-tools-for-stm32.10.3-2021.10.linux64_1.0.200.202301161003/tools/bin/../lib/gcc/arm-none-eabi/10.3.1/thumb/v7e-m+fp/hard/crtn.o
                0x0000000020020000                _estack = (ORIGIN (RAM) + LENGTH (RAM))
                0x0000000000000200                _Min_Heap_Size = 0x200
                0x0000000000000400                _Min_Stack_Size = 0x400

.isr_vector     0x0000000008000000      0x1d8
                0x0000000008000000                . = ALIGN (0x4)
 *(.isr_vector)
 .isr_vector    0x0000000008000000      0x1d8 ./Core/Startup/startup_stm32g474retx.o
                0x0000000008000000                g_pfnVectors
                0x00000000080001d8                . = ALIGN (0x4)

.text           0x00000000080001d8     0x5110
                0x00000000080001d8                . = ALIGN (0x4)
 *(.text)
 .text          0x00000000080001d8       0x40 /opt/st/stm32cubeide_1.12.1/plugins/com.st.stm32cube.ide.mcu.externaltools.gnu-tools-for-stm32.10.3-2021.10.linux64_1.0.200.202301161003/tools/bin/../lib/gcc/arm-none-eabi/10.3.1/thumb/v7e-m+fp/hard/crtbegin.o
 .text          0x0000000008000218       0x30 /opt/st/stm32cubeide_1.12.1/plugins/com.st.stm32cube.ide.mcu.externaltools.gnu-tools-for-stm32.10.3-2021.10.linux64_1.0.200.202301161003/tools/bin/../lib/gcc/arm-none-eabi/10.3.1/thumb/v7e-m+fp/hard/libgcc.a(_aeabi_uldivmod.o)
                0x0000000008000218                __aeabi_uldivmod
 .text          0x0000000008000248      0x2d0 /opt/st/stm32cubeide_1.12.1/plugins/com.st.stm32cube.ide.mcu.externaltools.gnu-tools-for-stm32.10.3-2021.10.linux64_1.0.200.202301161003/tools/bin/../lib/gcc/arm-none-eabi/10.3.1/thumb/v7e-m+fp/hard/libgcc.a(_udivmoddi4.o)
                0x0000000008000248                __udivmoddi4
 .text          0x0000000008000518        0x4 /opt/st/stm32cubeide_1.12.1/plugins/com.st.stm32cube.ide.mcu.externaltools.gnu-tools-for-stm32.10.3-2021.10.linux64_1.0.200.202301161003/tools/bin/../lib/gcc/arm-none-eabi/10.3.1/thumb/v7e-m+fp/hard/libgcc.a(_dvmd_tls.o)
                0x0000000008000518                __aeabi_ldiv0
                0x0000000008000518                __aeabi_idiv0
 *(.text*)
 .text.main     0x000000000800051c      0x174 ./Core/Src/main.o
                0x000000000800051c                main
 .text.SystemClock_Config
                0x0000000008000690       0x96 ./Core/Src/main.o
                0x0000000008000690                SystemClock_Config
 *fill*         0x0000000008000726        0x2 
 .text.MX_I2S2_Init
                0x0000000008000728       0x50 ./Core/Src/main.o
 .text.MX_I2S3_Init
                0x0000000008000778       0x50 ./Core/Src/main.o
 .text.MX_LPUART1_UART_Init
                0x00000000080007c8       0x94 ./Core/Src/main.o
 .text.MX_DMA_Init
                0x000000000800085c       0x74 ./Core/Src/main.o
 .text.MX_GPIO_Init
                0x00000000080008d0      0x104 ./Core/Src/main.o
 .text.HAL_I2S_RxHalfCpltCallback
                0x00000000080009d4       0x20 ./Core/Src/main.o
                0x00000000080009d4                HAL_I2S_RxHalfCpltCallback
 .text.HAL_I2S_RxCpltCallback
                0x00000000080009f4       0x20 ./Core/Src/main.o
                0x00000000080009f4                HAL_I2S_RxCpltCallback
 .text.Error_Handler
                0x0000000008000a14        0xa ./Core/Src/main.o
                0x0000000008000a14                Error_Handler
 *fill*         0x0000000008000a1e        0x2 
 .text.HAL_MspInit
                0x0000000008000a20       0x48 ./Core/Src/stm32g4xx_hal_msp.o
                0x0000000008000a20                HAL_MspInit
 .text.HAL_I2S_MspInit
                0x0000000008000a68      0x23c ./Core/Src/stm32g4xx_hal_msp.o
                0x0000000008000a68                HAL_I2S_MspInit
 .text.HAL_UART_MspInit
                0x0000000008000ca4      0x118 ./Core/Src/stm32g4xx_hal_msp.o
                0x0000000008000ca4                HAL_UART_MspInit
 .text.NMI_Handler
                0x0000000008000dbc        0x6 ./Core/Src/stm32g4xx_it.o
                0x0000000008000dbc                NMI_Handler
 .text.HardFault_Handler
                0x0000000008000dc2        0x6 ./Core/Src/stm32g4xx_it.o
                0x0000000008000dc2                HardFault_Handler
 .text.MemManage_Handler
                0x0000000008000dc8        0x6 ./Core/Src/stm32g4xx_it.o
                0x0000000008000dc8                MemManage_Handler
 .text.BusFault_Handler
                0x0000000008000dce        0x6 ./Core/Src/stm32g4xx_it.o
                0x0000000008000dce                BusFault_Handler
 .text.UsageFault_Handler
                0x0000000008000dd4        0x6 ./Core/Src/stm32g4xx_it.o
                0x0000000008000dd4                UsageFault_Handler
 .text.SVC_Handler
                0x0000000008000dda        0xe ./Core/Src/stm32g4xx_it.o
                0x0000000008000dda                SVC_Handler
 .text.DebugMon_Handler
                0x0000000008000de8        0xe ./Core/Src/stm32g4xx_it.o
                0x0000000008000de8                DebugMon_Handler
 .text.PendSV_Handler
                0x0000000008000df6        0xe ./Core/Src/stm32g4xx_it.o
                0x0000000008000df6                PendSV_Handler
 .text.SysTick_Handler
                0x0000000008000e04        0xc ./Core/Src/stm32g4xx_it.o
                0x0000000008000e04                SysTick_Handler
 .text.DMA1_Channel1_IRQHandler
                0x0000000008000e10       0x14 ./Core/Src/stm32g4xx_it.o
                0x0000000008000e10                DMA1_Channel1_IRQHandler
 .text.DMA1_Channel2_IRQHandler
                0x0000000008000e24       0x14 ./Core/Src/stm32g4xx_it.o
                0x0000000008000e24                DMA1_Channel2_IRQHandler
 .text.DMA1_Channel3_IRQHandler
                0x0000000008000e38       0x14 ./Core/Src/stm32g4xx_it.o
                0x0000000008000e38                DMA1_Channel3_IRQHandler
 .text.EXTI15_10_IRQHandler
                0x0000000008000e4c       0x10 ./Core/Src/stm32g4xx_it.o
                0x0000000008000e4c                EXTI15_10_IRQHandler
 .text.LPUART1_IRQHandler
                0x0000000008000e5c       0x14 ./Core/Src/stm32g4xx_it.o
                0x0000000008000e5c                LPUART1_IRQHandler
 .text.SystemInit
                0x0000000008000e70       0x24 ./Core/Src/system_stm32g4xx.o
                0x0000000008000e70                SystemInit
 .text.Reset_Handler
                0x0000000008000e94       0x50 ./Core/Startup/startup_stm32g474retx.o
                0x0000000008000e94                Reset_Handler
 .text.Default_Handler
                0x0000000008000ee4        0x2 ./Core/Startup/startup_stm32g474retx.o
                0x0000000008000ee4                RTC_Alarm_IRQHandler
                0x0000000008000ee4                EXTI2_IRQHandler
                0x0000000008000ee4                TIM8_TRG_COM_IRQHandler
                0x0000000008000ee4                TIM8_CC_IRQHandler
                0x0000000008000ee4                HRTIM1_Master_IRQHandler
                0x0000000008000ee4                SPI4_IRQHandler
                0x0000000008000ee4                FDCAN3_IT0_IRQHandler
                0x0000000008000ee4                TIM1_CC_IRQHandler
                0x0000000008000ee4                HRTIM1_FLT_IRQHandler
                0x0000000008000ee4                HRTIM1_TIMF_IRQHandler
                0x0000000008000ee4                USB_HP_IRQHandler
                0x0000000008000ee4                CORDIC_IRQHandler
                0x0000000008000ee4                HRTIM1_TIMD_IRQHandler
                0x0000000008000ee4                DMA2_Channel8_IRQHandler
                0x0000000008000ee4                EXTI3_IRQHandler
                0x0000000008000ee4                I2C3_ER_IRQHandler
                0x0000000008000ee4                EXTI0_IRQHandler
                0x0000000008000ee4                I2C2_EV_IRQHandler
                0x0000000008000ee4                FPU_IRQHandler
                0x0000000008000ee4                FDCAN1_IT1_IRQHandler
                0x0000000008000ee4                TIM1_UP_TIM16_IRQHandler
                0x0000000008000ee4                ADC1_2_IRQHandler
                0x0000000008000ee4                HRTIM1_TIME_IRQHandler
                0x0000000008000ee4                SPI1_IRQHandler
                0x0000000008000ee4                TIM6_DAC_IRQHandler
                0x0000000008000ee4                HRTIM1_TIMC_IRQHandler
                0x0000000008000ee4                TIM8_UP_IRQHandler
                0x0000000008000ee4                DMA2_Channel2_IRQHandler
                0x0000000008000ee4                DMA1_Channel4_IRQHandler
                0x0000000008000ee4                TIM20_TRG_COM_IRQHandler
                0x0000000008000ee4                USART3_IRQHandler
                0x0000000008000ee4                DMA1_Channel7_IRQHandler
                0x0000000008000ee4                UART5_IRQHandler
                0x0000000008000ee4                ADC3_IRQHandler
                0x0000000008000ee4                TIM4_IRQHandler
                0x0000000008000ee4                DMA2_Channel1_IRQHandler
                0x0000000008000ee4                QUADSPI_IRQHandler
                0x0000000008000ee4                I2C1_EV_IRQHandler
                0x0000000008000ee4                DMA1_Channel6_IRQHandler
                0x0000000008000ee4                UART4_IRQHandler
                0x0000000008000ee4                DMA2_Channel4_IRQHandler
                0x0000000008000ee4                TIM3_IRQHandler
                0x0000000008000ee4                RCC_IRQHandler
                0x0000000008000ee4                TIM20_UP_IRQHandler
                0x0000000008000ee4                Default_Handler
                0x0000000008000ee4                DMA2_Channel7_IRQHandler
                0x0000000008000ee4                RTC_TAMP_LSECSS_IRQHandler
                0x0000000008000ee4                FMAC_IRQHandler
                0x0000000008000ee4                DMA1_Channel8_IRQHandler
                0x0000000008000ee4                HRTIM1_TIMA_IRQHandler
                0x0000000008000ee4                TIM7_DAC_IRQHandler
                0x0000000008000ee4                FDCAN3_IT1_IRQHandler
                0x0000000008000ee4                TIM5_IRQHandler
                0x0000000008000ee4                UCPD1_IRQHandler
                0x0000000008000ee4                I2C3_EV_IRQHandler
                0x0000000008000ee4                EXTI9_5_IRQHandler
                0x0000000008000ee4                RTC_WKUP_IRQHandler
                0x0000000008000ee4                PVD_PVM_IRQHandler
                0x0000000008000ee4                SPI2_IRQHandler
                0x0000000008000ee4                ADC5_IRQHandler
                0x0000000008000ee4                DMA2_Channel5_IRQHandler
                0x0000000008000ee4                CRS_IRQHandler
                0x0000000008000ee4                DMA1_Channel5_IRQHandler
                0x0000000008000ee4                USB_LP_IRQHandler
                0x0000000008000ee4                EXTI4_IRQHandler
                0x0000000008000ee4                RNG_IRQHandler
                0x0000000008000ee4                HRTIM1_TIMB_IRQHandler
                0x0000000008000ee4                TIM1_TRG_COM_TIM17_IRQHandler
                0x0000000008000ee4                FDCAN2_IT1_IRQHandler
                0x0000000008000ee4                ADC4_IRQHandler
                0x0000000008000ee4                WWDG_IRQHandler
                0x0000000008000ee4                I2C4_EV_IRQHandler
                0x0000000008000ee4                FDCAN2_IT0_IRQHandler
                0x0000000008000ee4                DMA2_Channel6_IRQHandler
                0x0000000008000ee4                FDCAN1_IT0_IRQHandler
                0x0000000008000ee4                TIM2_IRQHandler
                0x0000000008000ee4                COMP7_IRQHandler
                0x0000000008000ee4                COMP1_2_3_IRQHandler
                0x0000000008000ee4                EXTI1_IRQHandler
                0x0000000008000ee4                USART2_IRQHandler
                0x0000000008000ee4                COMP4_5_6_IRQHandler
                0x0000000008000ee4                TIM20_BRK_IRQHandler
                0x0000000008000ee4                I2C2_ER_IRQHandler
                0x0000000008000ee4                TIM8_BRK_IRQHandler
                0x0000000008000ee4                FLASH_IRQHandler
                0x0000000008000ee4                TIM20_CC_IRQHandler
                0x0000000008000ee4                USART1_IRQHandler
                0x0000000008000ee4                SPI3_IRQHandler
                0x0000000008000ee4                I2C1_ER_IRQHandler
                0x0000000008000ee4                FMC_IRQHandler
                0x0000000008000ee4                LPTIM1_IRQHandler
                0x0000000008000ee4                DMAMUX_OVR_IRQHandler
                0x0000000008000ee4                I2C4_ER_IRQHandler
                0x0000000008000ee4                USBWakeUp_IRQHandler
                0x0000000008000ee4                SAI1_IRQHandler
                0x0000000008000ee4                DMA2_Channel3_IRQHandler
                0x0000000008000ee4                TIM1_BRK_TIM15_IRQHandler
 .text.HAL_Init
                0x0000000008000ee6       0x30 ./Drivers/STM32G4xx_HAL_Driver/Src/stm32g4xx_hal.o
                0x0000000008000ee6                HAL_Init
 *fill*         0x0000000008000f16        0x2 
 .text.HAL_InitTick
                0x0000000008000f18       0x74 ./Drivers/STM32G4xx_HAL_Driver/Src/stm32g4xx_hal.o
                0x0000000008000f18                HAL_InitTick
 .text.HAL_IncTick
                0x0000000008000f8c       0x24 ./Drivers/STM32G4xx_HAL_Driver/Src/stm32g4xx_hal.o
                0x0000000008000f8c                HAL_IncTick
 .text.HAL_GetTick
                0x0000000008000fb0       0x18 ./Drivers/STM32G4xx_HAL_Driver/Src/stm32g4xx_hal.o
                0x0000000008000fb0                HAL_GetTick
 .text.__NVIC_SetPriorityGrouping
                0x0000000008000fc8       0x48 ./Drivers/STM32G4xx_HAL_Driver/Src/stm32g4xx_hal_cortex.o
 .text.__NVIC_GetPriorityGrouping
                0x0000000008001010       0x1c ./Drivers/STM32G4xx_HAL_Driver/Src/stm32g4xx_hal_cortex.o
 .text.__NVIC_EnableIRQ
                0x000000000800102c       0x3c ./Drivers/STM32G4xx_HAL_Driver/Src/stm32g4xx_hal_cortex.o
 .text.__NVIC_SetPriority
                0x0000000008001068       0x54 ./Drivers/STM32G4xx_HAL_Driver/Src/stm32g4xx_hal_cortex.o
 .text.NVIC_EncodePriority
                0x00000000080010bc       0x66 ./Drivers/STM32G4xx_HAL_Driver/Src/stm32g4xx_hal_cortex.o
 *fill*         0x0000000008001122        0x2 
 .text.SysTick_Config
                0x0000000008001124       0x44 ./Drivers/STM32G4xx_HAL_Driver/Src/stm32g4xx_hal_cortex.o
 .text.HAL_NVIC_SetPriorityGrouping
                0x0000000008001168       0x16 ./Drivers/STM32G4xx_HAL_Driver/Src/stm32g4xx_hal_cortex.o
                0x0000000008001168                HAL_NVIC_SetPriorityGrouping
 .text.HAL_NVIC_SetPriority
                0x000000000800117e       0x34 ./Drivers/STM32G4xx_HAL_Driver/Src/stm32g4xx_hal_cortex.o
                0x000000000800117e                HAL_NVIC_SetPriority
 .text.HAL_NVIC_EnableIRQ
                0x00000000080011b2       0x1c ./Drivers/STM32G4xx_HAL_Driver/Src/stm32g4xx_hal_cortex.o
                0x00000000080011b2                HAL_NVIC_EnableIRQ
 .text.HAL_SYSTICK_Config
                0x00000000080011ce       0x18 ./Drivers/STM32G4xx_HAL_Driver/Src/stm32g4xx_hal_cortex.o
                0x00000000080011ce                HAL_SYSTICK_Config
 *fill*         0x00000000080011e6        0x2 
 .text.HAL_DMA_Init
                0x00000000080011e8      0x150 ./Drivers/STM32G4xx_HAL_Driver/Src/stm32g4xx_hal_dma.o
                0x00000000080011e8                HAL_DMA_Init
 .text.HAL_DMA_Start_IT
                0x0000000008001338       0xf6 ./Drivers/STM32G4xx_HAL_Driver/Src/stm32g4xx_hal_dma.o
                0x0000000008001338                HAL_DMA_Start_IT
 .text.HAL_DMA_Abort
                0x000000000800142e       0xb2 ./Drivers/STM32G4xx_HAL_Driver/Src/stm32g4xx_hal_dma.o
                0x000000000800142e                HAL_DMA_Abort
 .text.HAL_DMA_Abort_IT
                0x00000000080014e0       0xce ./Drivers/STM32G4xx_HAL_Driver/Src/stm32g4xx_hal_dma.o
                0x00000000080014e0                HAL_DMA_Abort_IT
 .text.HAL_DMA_IRQHandler
                0x00000000080015ae      0x15e ./Drivers/STM32G4xx_HAL_Driver/Src/stm32g4xx_hal_dma.o
                0x00000000080015ae                HAL_DMA_IRQHandler
 .text.DMA_SetConfig
                0x000000000800170c       0x7c ./Drivers/STM32G4xx_HAL_Driver/Src/stm32g4xx_hal_dma.o
 .text.DMA_CalcDMAMUXChannelBaseAndMask
                0x0000000008001788       0x7c ./Drivers/STM32G4xx_HAL_Driver/Src/stm32g4xx_hal_dma.o
 .text.DMA_CalcDMAMUXRequestGenBaseAndMask
                0x0000000008001804       0x48 ./Drivers/STM32G4xx_HAL_Driver/Src/stm32g4xx_hal_dma.o
 .text.HAL_GPIO_Init
                0x000000000800184c      0x304 ./Drivers/STM32G4xx_HAL_Driver/Src/stm32g4xx_hal_gpio.o
                0x000000000800184c                HAL_GPIO_Init
 .text.HAL_GPIO_WritePin
                0x0000000008001b50       0x30 ./Drivers/STM32G4xx_HAL_Driver/Src/stm32g4xx_hal_gpio.o
                0x0000000008001b50                HAL_GPIO_WritePin
 .text.HAL_GPIO_EXTI_IRQHandler
                0x0000000008001b80       0x30 ./Drivers/STM32G4xx_HAL_Driver/Src/stm32g4xx_hal_gpio.o
                0x0000000008001b80                HAL_GPIO_EXTI_IRQHandler
 .text.HAL_GPIO_EXTI_Callback
                0x0000000008001bb0       0x16 ./Drivers/STM32G4xx_HAL_Driver/Src/stm32g4xx_hal_gpio.o
                0x0000000008001bb0                HAL_GPIO_EXTI_Callback
 *fill*         0x0000000008001bc6        0x2 
 .text.HAL_I2S_Init
                0x0000000008001bc8      0x1c0 ./Drivers/STM32G4xx_HAL_Driver/Src/stm32g4xx_hal_i2s.o
                0x0000000008001bc8                HAL_I2S_Init
 .text.HAL_I2S_Transmit_DMA
                0x0000000008001d88      0x150 ./Drivers/STM32G4xx_HAL_Driver/Src/stm32g4xx_hal_i2s.o
                0x0000000008001d88                HAL_I2S_Transmit_DMA
 .text.HAL_I2S_Receive_DMA
                0x0000000008001ed8      0x178 ./Drivers/STM32G4xx_HAL_Driver/Src/stm32g4xx_hal_i2s.o
                0x0000000008001ed8                HAL_I2S_Receive_DMA
 .text.HAL_I2S_TxHalfCpltCallback
                0x0000000008002050       0x14 ./Drivers/STM32G4xx_HAL_Driver/Src/stm32g4xx_hal_i2s.o
                0x0000000008002050                HAL_I2S_TxHalfCpltCallback
 .text.HAL_I2S_TxCpltCallback
                0x0000000008002064       0x14 ./Drivers/STM32G4xx_HAL_Driver/Src/stm32g4xx_hal_i2s.o
                0x0000000008002064                HAL_I2S_TxCpltCallback
 .text.HAL_I2S_ErrorCallback
                0x0000000008002078       0x14 ./Drivers/STM32G4xx_HAL_Driver/Src/stm32g4xx_hal_i2s.o
                0x0000000008002078                HAL_I2S_ErrorCallback
 .text.I2S_DMATxCplt
                0x000000000800208c       0x42 ./Drivers/STM32G4xx_HAL_Driver/Src/stm32g4xx_hal_i2s.o
 .text.I2S_DMATxHalfCplt
                0x00000000080020ce       0x1c ./Drivers/STM32G4xx_HAL_Driver/Src/stm32g4xx_hal_i2s.o
 .text.I2S_DMARxCplt
                0x00000000080020ea       0x42 ./Drivers/STM32G4xx_HAL_Driver/Src/stm32g4xx_hal_i2s.o
 .text.I2S_DMARxHalfCplt
                0x000000000800212c       0x1c ./Drivers/STM32G4xx_HAL_Driver/Src/stm32g4xx_hal_i2s.o
 .text.I2S_DMAError
                0x0000000008002148       0x4c ./Drivers/STM32G4xx_HAL_Driver/Src/stm32g4xx_hal_i2s.o
 .text.HAL_PWREx_ControlVoltageScaling
                0x0000000008002194      0x148 ./Drivers/STM32G4xx_HAL_Driver/Src/stm32g4xx_hal_pwr_ex.o
                0x0000000008002194                HAL_PWREx_ControlVoltageScaling
 .text.HAL_PWREx_DisableUCPDDeadBattery
                0x00000000080022dc       0x20 ./Drivers/STM32G4xx_HAL_Driver/Src/stm32g4xx_hal_pwr_ex.o
                0x00000000080022dc                HAL_PWREx_DisableUCPDDeadBattery
 .text.HAL_RCC_OscConfig
                0x00000000080022fc      0x630 ./Drivers/STM32G4xx_HAL_Driver/Src/stm32g4xx_hal_rcc.o
                0x00000000080022fc                HAL_RCC_OscConfig
 .text.HAL_RCC_ClockConfig
                0x000000000800292c      0x278 ./Drivers/STM32G4xx_HAL_Driver/Src/stm32g4xx_hal_rcc.o
                0x000000000800292c                HAL_RCC_ClockConfig
 .text.HAL_RCC_GetSysClockFreq
                0x0000000008002ba4       0xc4 ./Drivers/STM32G4xx_HAL_Driver/Src/stm32g4xx_hal_rcc.o
                0x0000000008002ba4                HAL_RCC_GetSysClockFreq
 .text.HAL_RCC_GetHCLKFreq
                0x0000000008002c68       0x18 ./Drivers/STM32G4xx_HAL_Driver/Src/stm32g4xx_hal_rcc.o
                0x0000000008002c68                HAL_RCC_GetHCLKFreq
 .text.HAL_RCC_GetPCLK1Freq
                0x0000000008002c80       0x2c ./Drivers/STM32G4xx_HAL_Driver/Src/stm32g4xx_hal_rcc.o
                0x0000000008002c80                HAL_RCC_GetPCLK1Freq
 .text.HAL_RCC_GetPCLK2Freq
                0x0000000008002cac       0x2c ./Drivers/STM32G4xx_HAL_Driver/Src/stm32g4xx_hal_rcc.o
                0x0000000008002cac                HAL_RCC_GetPCLK2Freq
 .text.RCC_GetSysClockFreqFromPLLSource
                0x0000000008002cd8       0x8c ./Drivers/STM32G4xx_HAL_Driver/Src/stm32g4xx_hal_rcc.o
 .text.HAL_RCCEx_PeriphCLKConfig
                0x0000000008002d64      0x49c ./Drivers/STM32G4xx_HAL_Driver/Src/stm32g4xx_hal_rcc_ex.o
                0x0000000008002d64                HAL_RCCEx_PeriphCLKConfig
 .text.HAL_RCCEx_GetPeriphCLKFreq
                0x0000000008003200      0xa7c ./Drivers/STM32G4xx_HAL_Driver/Src/stm32g4xx_hal_rcc_ex.o
                0x0000000008003200                HAL_RCCEx_GetPeriphCLKFreq
 .text.HAL_UART_Init
                0x0000000008003c7c       0xa0 ./Drivers/STM32G4xx_HAL_Driver/Src/stm32g4xx_hal_uart.o
                0x0000000008003c7c                HAL_UART_Init
 .text.HAL_UART_IRQHandler
                0x0000000008003d1c      0x630 ./Drivers/STM32G4xx_HAL_Driver/Src/stm32g4xx_hal_uart.o
                0x0000000008003d1c                HAL_UART_IRQHandler
 .text.HAL_UART_TxCpltCallback
                0x000000000800434c       0x14 ./Drivers/STM32G4xx_HAL_Driver/Src/stm32g4xx_hal_uart.o
                0x000000000800434c                HAL_UART_TxCpltCallback
 .text.HAL_UART_ErrorCallback
                0x0000000008004360       0x14 ./Drivers/STM32G4xx_HAL_Driver/Src/stm32g4xx_hal_uart.o
                0x0000000008004360                HAL_UART_ErrorCallback
 .text.HAL_UARTEx_RxEventCallback
                0x0000000008004374       0x18 ./Drivers/STM32G4xx_HAL_Driver/Src/stm32g4xx_hal_uart.o
                0x0000000008004374                HAL_UARTEx_RxEventCallback
 .text.UART_SetConfig
                0x000000000800438c      0x5f8 ./Drivers/STM32G4xx_HAL_Driver/Src/stm32g4xx_hal_uart.o
                0x000000000800438c                UART_SetConfig
 .text.UART_AdvFeatureConfig
                0x0000000008004984      0x144 ./Drivers/STM32G4xx_HAL_Driver/Src/stm32g4xx_hal_uart.o
                0x0000000008004984                UART_AdvFeatureConfig
 .text.UART_CheckIdleState
                0x0000000008004ac8       0x96 ./Drivers/STM32G4xx_HAL_Driver/Src/stm32g4xx_hal_uart.o
                0x0000000008004ac8                UART_CheckIdleState
 .text.UART_WaitOnFlagUntilTimeout
                0x0000000008004b5e      0x190 ./Drivers/STM32G4xx_HAL_Driver/Src/stm32g4xx_hal_uart.o
                0x0000000008004b5e                UART_WaitOnFlagUntilTimeout
 .text.UART_EndRxTransfer
                0x0000000008004cee       0xcc ./Drivers/STM32G4xx_HAL_Driver/Src/stm32g4xx_hal_uart.o
 .text.UART_DMAAbortOnError
                0x0000000008004dba       0x2c ./Drivers/STM32G4xx_HAL_Driver/Src/stm32g4xx_hal_uart.o
 .text.UART_EndTransmit_IT
                0x0000000008004de6       0x56 ./Drivers/STM32G4xx_HAL_Driver/Src/stm32g4xx_hal_uart.o
 .text.HAL_UARTEx_WakeupCallback
                0x0000000008004e3c       0x14 ./Drivers/STM32G4xx_HAL_Driver/Src/stm32g4xx_hal_uart_ex.o
                0x0000000008004e3c                HAL_UARTEx_WakeupCallback
 .text.HAL_UARTEx_RxFifoFullCallback
                0x0000000008004e50       0x14 ./Drivers/STM32G4xx_HAL_Driver/Src/stm32g4xx_hal_uart_ex.o
                0x0000000008004e50                HAL_UARTEx_RxFifoFullCallback
 .text.HAL_UARTEx_TxFifoEmptyCallback
                0x0000000008004e64       0x14 ./Drivers/STM32G4xx_HAL_Driver/Src/stm32g4xx_hal_uart_ex.o
                0x0000000008004e64                HAL_UARTEx_TxFifoEmptyCallback
 .text.HAL_UARTEx_DisableFifoMode
                0x0000000008004e78       0x72 ./Drivers/STM32G4xx_HAL_Driver/Src/stm32g4xx_hal_uart_ex.o
                0x0000000008004e78                HAL_UARTEx_DisableFifoMode
 .text.HAL_UARTEx_SetTxFifoThreshold
                0x0000000008004eea       0x7c ./Drivers/STM32G4xx_HAL_Driver/Src/stm32g4xx_hal_uart_ex.o
                0x0000000008004eea                HAL_UARTEx_SetTxFifoThreshold
 .text.HAL_UARTEx_SetRxFifoThreshold
                0x0000000008004f66       0x7c ./Drivers/STM32G4xx_HAL_Driver/Src/stm32g4xx_hal_uart_ex.o
                0x0000000008004f66                HAL_UARTEx_SetRxFifoThreshold
 *fill*         0x0000000008004fe2        0x2 
 .text.UARTEx_SetNbDataToProcess
                0x0000000008004fe4       0x9c ./Drivers/STM32G4xx_HAL_Driver/Src/stm32g4xx_hal_uart_ex.o
 .text.arm_rfft_32_fast_init_f32
                0x0000000008005080       0x34 ../Middlewares/ST/ARM/DSP/Lib/libarm_cortexM4lf_math.a(arm_rfft_fast_init_f32.o)
                0x0000000008005080                arm_rfft_32_fast_init_f32
 .text.arm_rfft_64_fast_init_f32
                0x00000000080050b4       0x34 ../Middlewares/ST/ARM/DSP/Lib/libarm_cortexM4lf_math.a(arm_rfft_fast_init_f32.o)
                0x00000000080050b4                arm_rfft_64_fast_init_f32
 .text.arm_rfft_256_fast_init_f32
                0x00000000080050e8       0x38 ../Middlewares/ST/ARM/DSP/Lib/libarm_cortexM4lf_math.a(arm_rfft_fast_init_f32.o)
                0x00000000080050e8                arm_rfft_256_fast_init_f32
 .text.arm_rfft_512_fast_init_f32
                0x0000000008005120       0x3c ../Middlewares/ST/ARM/DSP/Lib/libarm_cortexM4lf_math.a(arm_rfft_fast_init_f32.o)
                0x0000000008005120                arm_rfft_512_fast_init_f32
 .text.arm_rfft_1024_fast_init_f32
                0x000000000800515c       0x3c ../Middlewares/ST/ARM/DSP/Lib/libarm_cortexM4lf_math.a(arm_rfft_fast_init_f32.o)
                0x000000000800515c                arm_rfft_1024_fast_init_f32
 .text.arm_rfft_2048_fast_init_f32
                0x0000000008005198       0x3c ../Middlewares/ST/ARM/DSP/Lib/libarm_cortexM4lf_math.a(arm_rfft_fast_init_f32.o)
                0x0000000008005198                arm_rfft_2048_fast_init_f32
 .text.arm_rfft_4096_fast_init_f32
                0x00000000080051d4       0x3c ../Middlewares/ST/ARM/DSP/Lib/libarm_cortexM4lf_math.a(arm_rfft_fast_init_f32.o)
                0x00000000080051d4                arm_rfft_4096_fast_init_f32
 .text.arm_rfft_fast_init_f32
                0x0000000008005210       0x68 ../Middlewares/ST/ARM/DSP/Lib/libarm_cortexM4lf_math.a(arm_rfft_fast_init_f32.o)
                0x0000000008005210                arm_rfft_fast_init_f32
 .text.__libc_init_array
                0x0000000008005278       0x48 /opt/st/stm32cubeide_1.12.1/plugins/com.st.stm32cube.ide.mcu.externaltools.gnu-tools-for-stm32.10.3-2021.10.linux64_1.0.200.202301161003/tools/bin/../lib/gcc/arm-none-eabi/10.3.1/../../../../arm-none-eabi/lib/thumb/v7e-m+fp/hard/libc_nano.a(lib_a-init.o)
                0x0000000008005278                __libc_init_array
 .text.memset   0x00000000080052c0       0x10 /opt/st/stm32cubeide_1.12.1/plugins/com.st.stm32cube.ide.mcu.externaltools.gnu-tools-for-stm32.10.3-2021.10.linux64_1.0.200.202301161003/tools/bin/../lib/gcc/arm-none-eabi/10.3.1/../../../../arm-none-eabi/lib/thumb/v7e-m+fp/hard/libc_nano.a(lib_a-memset.o)
                0x00000000080052c0                memset
 *(.glue_7)
 .glue_7        0x00000000080052d0        0x0 linker stubs
 *(.glue_7t)
 .glue_7t       0x00000000080052d0        0x0 linker stubs
 *(.eh_frame)
 .eh_frame      0x00000000080052d0        0x0 /opt/st/stm32cubeide_1.12.1/plugins/com.st.stm32cube.ide.mcu.externaltools.gnu-tools-for-stm32.10.3-2021.10.linux64_1.0.200.202301161003/tools/bin/../lib/gcc/arm-none-eabi/10.3.1/thumb/v7e-m+fp/hard/crtbegin.o
 *(.init)
 .init          0x00000000080052d0        0x4 /opt/st/stm32cubeide_1.12.1/plugins/com.st.stm32cube.ide.mcu.externaltools.gnu-tools-for-stm32.10.3-2021.10.linux64_1.0.200.202301161003/tools/bin/../lib/gcc/arm-none-eabi/10.3.1/thumb/v7e-m+fp/hard/crti.o
                0x00000000080052d0                _init
 .init          0x00000000080052d4        0x8 /opt/st/stm32cubeide_1.12.1/plugins/com.st.stm32cube.ide.mcu.externaltools.gnu-tools-for-stm32.10.3-2021.10.linux64_1.0.200.202301161003/tools/bin/../lib/gcc/arm-none-eabi/10.3.1/thumb/v7e-m+fp/hard/crtn.o
 *(.fini)
 .fini          0x00000000080052dc        0x4 /opt/st/stm32cubeide_1.12.1/plugins/com.st.stm32cube.ide.mcu.externaltools.gnu-tools-for-stm32.10.3-2021.10.linux64_1.0.200.202301161003/tools/bin/../lib/gcc/arm-none-eabi/10.3.1/thumb/v7e-m+fp/hard/crti.o
                0x00000000080052dc                _fini
 .fini          0x00000000080052e0        0x8 /opt/st/stm32cubeide_1.12.1/plugins/com.st.stm32cube.ide.mcu.externaltools.gnu-tools-for-stm32.10.3-2021.10.linux64_1.0.200.202301161003/tools/bin/../lib/gcc/arm-none-eabi/10.3.1/thumb/v7e-m+fp/hard/crtn.o
                0x00000000080052e8                . = ALIGN (0x4)
                0x00000000080052e8                _etext = .

.vfp11_veneer   0x00000000080052e8        0x0
 .vfp11_veneer  0x00000000080052e8        0x0 linker stubs

.v4_bx          0x00000000080052e8        0x0
 .v4_bx         0x00000000080052e8        0x0 linker stubs

.iplt           0x00000000080052e8        0x0
 .iplt          0x00000000080052e8        0x0 /opt/st/stm32cubeide_1.12.1/plugins/com.st.stm32cube.ide.mcu.externaltools.gnu-tools-for-stm32.10.3-2021.10.linux64_1.0.200.202301161003/tools/bin/../lib/gcc/arm-none-eabi/10.3.1/thumb/v7e-m+fp/hard/crtbegin.o

.rodata         0x00000000080052e8    0x13028
                0x00000000080052e8                . = ALIGN (0x4)
 *(.rodata)
 *(.rodata*)
 .rodata.AHBPrescTable
                0x00000000080052e8       0x10 ./Core/Src/system_stm32g4xx.o
                0x00000000080052e8                AHBPrescTable
 .rodata.APBPrescTable
                0x00000000080052f8        0x8 ./Core/Src/system_stm32g4xx.o
                0x00000000080052f8                APBPrescTable
 .rodata.UARTPrescTable
                0x0000000008005300       0x18 ./Drivers/STM32G4xx_HAL_Driver/Src/stm32g4xx_hal_uart.o
                0x0000000008005300                UARTPrescTable
 .rodata.numerator.1
                0x0000000008005318        0x8 ./Drivers/STM32G4xx_HAL_Driver/Src/stm32g4xx_hal_uart_ex.o
 .rodata.denominator.0
                0x0000000008005320        0x8 ./Drivers/STM32G4xx_HAL_Driver/Src/stm32g4xx_hal_uart_ex.o
 .rodata.armBitRevIndexTable1024
                0x0000000008005328      0xe10 ../Middlewares/ST/ARM/DSP/Lib/libarm_cortexM4lf_math.a(arm_common_tables.o)
                0x0000000008005328                armBitRevIndexTable1024
 .rodata.armBitRevIndexTable128
                0x0000000008006138      0x1a0 ../Middlewares/ST/ARM/DSP/Lib/libarm_cortexM4lf_math.a(arm_common_tables.o)
                0x0000000008006138                armBitRevIndexTable128
 .rodata.armBitRevIndexTable16
                0x00000000080062d8       0x28 ../Middlewares/ST/ARM/DSP/Lib/libarm_cortexM4lf_math.a(arm_common_tables.o)
                0x00000000080062d8                armBitRevIndexTable16
 .rodata.armBitRevIndexTable2048
                0x0000000008006300     0x1dc0 ../Middlewares/ST/ARM/DSP/Lib/libarm_cortexM4lf_math.a(arm_common_tables.o)
                0x0000000008006300                armBitRevIndexTable2048
 .rodata.armBitRevIndexTable256
                0x00000000080080c0      0x370 ../Middlewares/ST/ARM/DSP/Lib/libarm_cortexM4lf_math.a(arm_common_tables.o)
                0x00000000080080c0                armBitRevIndexTable256
 .rodata.armBitRevIndexTable32
                0x0000000008008430       0x60 ../Middlewares/ST/ARM/DSP/Lib/libarm_cortexM4lf_math.a(arm_common_tables.o)
                0x0000000008008430                armBitRevIndexTable32
 .rodata.armBitRevIndexTable512
                0x0000000008008490      0x380 ../Middlewares/ST/ARM/DSP/Lib/libarm_cortexM4lf_math.a(arm_common_tables.o)
                0x0000000008008490                armBitRevIndexTable512
 .rodata.twiddleCoef_1024
                0x0000000008008810     0x2000 ../Middlewares/ST/ARM/DSP/Lib/libarm_cortexM4lf_math.a(arm_common_tables.o)
                0x0000000008008810                twiddleCoef_1024
 .rodata.twiddleCoef_128
                0x000000000800a810      0x400 ../Middlewares/ST/ARM/DSP/Lib/libarm_cortexM4lf_math.a(arm_common_tables.o)
                0x000000000800a810                twiddleCoef_128
 .rodata.twiddleCoef_16
                0x000000000800ac10       0x80 ../Middlewares/ST/ARM/DSP/Lib/libarm_cortexM4lf_math.a(arm_common_tables.o)
                0x000000000800ac10                twiddleCoef_16
 .rodata.twiddleCoef_2048
                0x000000000800ac90     0x4000 ../Middlewares/ST/ARM/DSP/Lib/libarm_cortexM4lf_math.a(arm_common_tables.o)
                0x000000000800ac90                twiddleCoef_2048
 .rodata.twiddleCoef_256
                0x000000000800ec90      0x800 ../Middlewares/ST/ARM/DSP/Lib/libarm_cortexM4lf_math.a(arm_common_tables.o)
                0x000000000800ec90                twiddleCoef_256
 .rodata.twiddleCoef_32
                0x000000000800f490      0x100 ../Middlewares/ST/ARM/DSP/Lib/libarm_cortexM4lf_math.a(arm_common_tables.o)
                0x000000000800f490                twiddleCoef_32
 .rodata.twiddleCoef_512
                0x000000000800f590     0x1000 ../Middlewares/ST/ARM/DSP/Lib/libarm_cortexM4lf_math.a(arm_common_tables.o)
                0x000000000800f590                twiddleCoef_512
 .rodata.twiddleCoef_rfft_1024
                0x0000000008010590     0x1000 ../Middlewares/ST/ARM/DSP/Lib/libarm_cortexM4lf_math.a(arm_common_tables.o)
                0x0000000008010590                twiddleCoef_rfft_1024
 .rodata.twiddleCoef_rfft_2048
                0x0000000008011590     0x2000 ../Middlewares/ST/ARM/DSP/Lib/libarm_cortexM4lf_math.a(arm_common_tables.o)
                0x0000000008011590                twiddleCoef_rfft_2048
 .rodata.twiddleCoef_rfft_256
                0x0000000008013590      0x400 ../Middlewares/ST/ARM/DSP/Lib/libarm_cortexM4lf_math.a(arm_common_tables.o)
                0x0000000008013590                twiddleCoef_rfft_256
 .rodata.twiddleCoef_rfft_32
                0x0000000008013990       0x80 ../Middlewares/ST/ARM/DSP/Lib/libarm_cortexM4lf_math.a(arm_common_tables.o)
                0x0000000008013990                twiddleCoef_rfft_32
 .rodata.twiddleCoef_rfft_4096
                0x0000000008013a10     0x4000 ../Middlewares/ST/ARM/DSP/Lib/libarm_cortexM4lf_math.a(arm_common_tables.o)
                0x0000000008013a10                twiddleCoef_rfft_4096
 .rodata.twiddleCoef_rfft_512
                0x0000000008017a10      0x800 ../Middlewares/ST/ARM/DSP/Lib/libarm_cortexM4lf_math.a(arm_common_tables.o)
                0x0000000008017a10                twiddleCoef_rfft_512
 .rodata.twiddleCoef_rfft_64
                0x0000000008018210      0x100 ../Middlewares/ST/ARM/DSP/Lib/libarm_cortexM4lf_math.a(arm_common_tables.o)
                0x0000000008018210                twiddleCoef_rfft_64
                0x0000000008018310                . = ALIGN (0x4)

.ARM.extab      0x0000000008018310        0x0
                0x0000000008018310                . = ALIGN (0x4)
 *(.ARM.extab* .gnu.linkonce.armextab.*)
                0x0000000008018310                . = ALIGN (0x4)

.ARM            0x0000000008018310        0x8
                0x0000000008018310                . = ALIGN (0x4)
                0x0000000008018310                __exidx_start = .
 *(.ARM.exidx*)
 .ARM.exidx     0x0000000008018310        0x8 /opt/st/stm32cubeide_1.12.1/plugins/com.st.stm32cube.ide.mcu.externaltools.gnu-tools-for-stm32.10.3-2021.10.linux64_1.0.200.202301161003/tools/bin/../lib/gcc/arm-none-eabi/10.3.1/thumb/v7e-m+fp/hard/libgcc.a(_udivmoddi4.o)
                0x0000000008018318                __exidx_end = .
                0x0000000008018318                . = ALIGN (0x4)

.rel.dyn        0x0000000008018318        0x0
 .rel.iplt      0x0000000008018318        0x0 /opt/st/stm32cubeide_1.12.1/plugins/com.st.stm32cube.ide.mcu.externaltools.gnu-tools-for-stm32.10.3-2021.10.linux64_1.0.200.202301161003/tools/bin/../lib/gcc/arm-none-eabi/10.3.1/thumb/v7e-m+fp/hard/crtbegin.o

.preinit_array  0x0000000008018318        0x0
                0x0000000008018318                . = ALIGN (0x4)
                0x0000000008018318                PROVIDE (__preinit_array_start = .)
 *(.preinit_array*)
                0x0000000008018318                PROVIDE (__preinit_array_end = .)
                0x0000000008018318                . = ALIGN (0x4)

.init_array     0x0000000008018318        0x4
                0x0000000008018318                . = ALIGN (0x4)
                0x0000000008018318                PROVIDE (__init_array_start = .)
 *(SORT_BY_NAME(.init_array.*))
 *(.init_array*)
 .init_array    0x0000000008018318        0x4 /opt/st/stm32cubeide_1.12.1/plugins/com.st.stm32cube.ide.mcu.externaltools.gnu-tools-for-stm32.10.3-2021.10.linux64_1.0.200.202301161003/tools/bin/../lib/gcc/arm-none-eabi/10.3.1/thumb/v7e-m+fp/hard/crtbegin.o
                0x000000000801831c                PROVIDE (__init_array_end = .)
                0x000000000801831c                . = ALIGN (0x4)

.fini_array     0x000000000801831c        0x4
                0x000000000801831c                . = ALIGN (0x4)
                [!provide]                        PROVIDE (__fini_array_start = .)
 *(SORT_BY_NAME(.fini_array.*))
 *(.fini_array*)
 .fini_array    0x000000000801831c        0x4 /opt/st/stm32cubeide_1.12.1/plugins/com.st.stm32cube.ide.mcu.externaltools.gnu-tools-for-stm32.10.3-2021.10.linux64_1.0.200.202301161003/tools/bin/../lib/gcc/arm-none-eabi/10.3.1/thumb/v7e-m+fp/hard/crtbegin.o
                [!provide]                        PROVIDE (__fini_array_end = .)
                0x0000000008018320                . = ALIGN (0x4)
                0x0000000008018320                _sidata = LOADADDR (.data)

.data           0x0000000020000000        0xc load address 0x0000000008018320
                0x0000000020000000                . = ALIGN (0x4)
                0x0000000020000000                _sdata = .
 *(.data)
 *(.data*)
 .data.SystemCoreClock
                0x0000000020000000        0x4 ./Core/Src/system_stm32g4xx.o
                0x0000000020000000                SystemCoreClock
 .data.uwTickPrio
                0x0000000020000004        0x4 ./Drivers/STM32G4xx_HAL_Driver/Src/stm32g4xx_hal.o
                0x0000000020000004                uwTickPrio
 .data.uwTickFreq
                0x0000000020000008        0x4 ./Drivers/STM32G4xx_HAL_Driver/Src/stm32g4xx_hal.o
                0x0000000020000008                uwTickFreq
 *(.RamFunc)
 *(.RamFunc*)
                0x000000002000000c                . = ALIGN (0x4)
                0x000000002000000c                _edata = .

.igot.plt       0x000000002000000c        0x0 load address 0x000000000801832c
 .igot.plt      0x000000002000000c        0x0 /opt/st/stm32cubeide_1.12.1/plugins/com.st.stm32cube.ide.mcu.externaltools.gnu-tools-for-stm32.10.3-2021.10.linux64_1.0.200.202301161003/tools/bin/../lib/gcc/arm-none-eabi/10.3.1/thumb/v7e-m+fp/hard/crtbegin.o
                0x000000002000000c                . = ALIGN (0x4)

.bss            0x000000002000000c     0x1b64 load address 0x000000000801832c
                0x000000002000000c                _sbss = .
                0x000000002000000c                __bss_start__ = _sbss
 *(.bss)
 .bss           0x000000002000000c       0x1c /opt/st/stm32cubeide_1.12.1/plugins/com.st.stm32cube.ide.mcu.externaltools.gnu-tools-for-stm32.10.3-2021.10.linux64_1.0.200.202301161003/tools/bin/../lib/gcc/arm-none-eabi/10.3.1/thumb/v7e-m+fp/hard/crtbegin.o
 *(.bss*)
 .bss.hi2s2     0x0000000020000028       0x3c ./Core/Src/main.o
                0x0000000020000028                hi2s2
 .bss.hi2s3     0x0000000020000064       0x3c ./Core/Src/main.o
                0x0000000020000064                hi2s3
 .bss.hdma_spi2_rx
                0x00000000200000a0       0x60 ./Core/Src/main.o
                0x00000000200000a0                hdma_spi2_rx
 .bss.hdma_spi3_tx
                0x0000000020000100       0x60 ./Core/Src/main.o
                0x0000000020000100                hdma_spi3_tx
 .bss.hlpuart1  0x0000000020000160       0x90 ./Core/Src/main.o
                0x0000000020000160                hlpuart1
 .bss.hdma_lpuart1_tx
                0x00000000200001f0       0x60 ./Core/Src/main.o
                0x00000000200001f0                hdma_lpuart1_tx
 .bss.i2s_rxBuf
                0x0000000020000250      0xa00 ./Core/Src/main.o
                0x0000000020000250                i2s_rxBuf
 .bss.i2s_txBuf
                0x0000000020000c50      0xa00 ./Core/Src/main.o
                0x0000000020000c50                i2s_txBuf
 .bss.streamBuf
                0x0000000020001650      0x280 ./Core/Src/main.o
                0x0000000020001650                streamBuf
 .bss.dataBuf   0x00000000200018d0      0x280 ./Core/Src/main.o
                0x00000000200018d0                dataBuf
 .bss.fft_handler
                0x0000000020001b50       0x18 ./Core/Src/main.o
                0x0000000020001b50                fft_handler
 .bss.rxBuf_status
                0x0000000020001b68        0x1 ./Core/Src/main.o
                0x0000000020001b68                rxBuf_status
 *fill*         0x0000000020001b69        0x3 
 .bss.uwTick    0x0000000020001b6c        0x4 ./Drivers/STM32G4xx_HAL_Driver/Src/stm32g4xx_hal.o
                0x0000000020001b6c                uwTick
 *(COMMON)
                0x0000000020001b70                . = ALIGN (0x4)
                0x0000000020001b70                _ebss = .
                0x0000000020001b70                __bss_end__ = _ebss

._user_heap_stack
                0x0000000020001b70      0x600 load address 0x000000000801832c
                0x0000000020001b70                . = ALIGN (0x8)
                [!provide]                        PROVIDE (end = .)
                0x0000000020001b70                PROVIDE (_end = .)
                0x0000000020001d70                . = (. + _Min_Heap_Size)
 *fill*         0x0000000020001b70      0x200 
                0x0000000020002170                . = (. + _Min_Stack_Size)
 *fill*         0x0000000020001d70      0x400 
                0x0000000020002170                . = ALIGN (0x8)

/DISCARD/
 libc.a(*)
 libm.a(*)
 libgcc.a(*)

.ARM.attributes
                0x0000000000000000       0x30
 *(.ARM.attributes)
 .ARM.attributes
                0x0000000000000000       0x1e /opt/st/stm32cubeide_1.12.1/plugins/com.st.stm32cube.ide.mcu.externaltools.gnu-tools-for-stm32.10.3-2021.10.linux64_1.0.200.202301161003/tools/bin/../lib/gcc/arm-none-eabi/10.3.1/thumb/v7e-m+fp/hard/crti.o
 .ARM.attributes
                0x000000000000001e       0x34 /opt/st/stm32cubeide_1.12.1/plugins/com.st.stm32cube.ide.mcu.externaltools.gnu-tools-for-stm32.10.3-2021.10.linux64_1.0.200.202301161003/tools/bin/../lib/gcc/arm-none-eabi/10.3.1/thumb/v7e-m+fp/hard/crtbegin.o
 .ARM.attributes
                0x0000000000000052       0x34 ./Core/Src/main.o
 .ARM.attributes
                0x0000000000000086       0x34 ./Core/Src/stm32g4xx_hal_msp.o
 .ARM.attributes
                0x00000000000000ba       0x34 ./Core/Src/stm32g4xx_it.o
 .ARM.attributes
                0x00000000000000ee       0x34 ./Core/Src/system_stm32g4xx.o
 .ARM.attributes
                0x0000000000000122       0x21 ./Core/Startup/startup_stm32g474retx.o
 .ARM.attributes
                0x0000000000000143       0x34 ./Drivers/STM32G4xx_HAL_Driver/Src/stm32g4xx_hal.o
 .ARM.attributes
                0x0000000000000177       0x34 ./Drivers/STM32G4xx_HAL_Driver/Src/stm32g4xx_hal_cortex.o
 .ARM.attributes
                0x00000000000001ab       0x34 ./Drivers/STM32G4xx_HAL_Driver/Src/stm32g4xx_hal_dma.o
 .ARM.attributes
                0x00000000000001df       0x34 ./Drivers/STM32G4xx_HAL_Driver/Src/stm32g4xx_hal_gpio.o
 .ARM.attributes
                0x0000000000000213       0x34 ./Drivers/STM32G4xx_HAL_Driver/Src/stm32g4xx_hal_i2s.o
 .ARM.attributes
                0x0000000000000247       0x34 ./Drivers/STM32G4xx_HAL_Driver/Src/stm32g4xx_hal_pwr_ex.o
 .ARM.attributes
                0x000000000000027b       0x34 ./Drivers/STM32G4xx_HAL_Driver/Src/stm32g4xx_hal_rcc.o
 .ARM.attributes
                0x00000000000002af       0x34 ./Drivers/STM32G4xx_HAL_Driver/Src/stm32g4xx_hal_rcc_ex.o
 .ARM.attributes
                0x00000000000002e3       0x34 ./Drivers/STM32G4xx_HAL_Driver/Src/stm32g4xx_hal_uart.o
 .ARM.attributes
                0x0000000000000317       0x34 ./Drivers/STM32G4xx_HAL_Driver/Src/stm32g4xx_hal_uart_ex.o
 .ARM.attributes
                0x000000000000034b       0x34 ../Middlewares/ST/ARM/DSP/Lib/libarm_cortexM4lf_math.a(arm_rfft_fast_init_f32.o)
 .ARM.attributes
                0x000000000000037f       0x39 ../Middlewares/ST/ARM/DSP/Lib/libarm_cortexM4lf_math.a(arm_common_tables.o)
 .ARM.attributes
                0x00000000000003b8       0x34 /opt/st/stm32cubeide_1.12.1/plugins/com.st.stm32cube.ide.mcu.externaltools.gnu-tools-for-stm32.10.3-2021.10.linux64_1.0.200.202301161003/tools/bin/../lib/gcc/arm-none-eabi/10.3.1/../../../../arm-none-eabi/lib/thumb/v7e-m+fp/hard/libc_nano.a(lib_a-init.o)
 .ARM.attributes
                0x00000000000003ec       0x34 /opt/st/stm32cubeide_1.12.1/plugins/com.st.stm32cube.ide.mcu.externaltools.gnu-tools-for-stm32.10.3-2021.10.linux64_1.0.200.202301161003/tools/bin/../lib/gcc/arm-none-eabi/10.3.1/../../../../arm-none-eabi/lib/thumb/v7e-m+fp/hard/libc_nano.a(lib_a-memset.o)
 .ARM.attributes
                0x0000000000000420       0x1e /opt/st/stm32cubeide_1.12.1/plugins/com.st.stm32cube.ide.mcu.externaltools.gnu-tools-for-stm32.10.3-2021.10.linux64_1.0.200.202301161003/tools/bin/../lib/gcc/arm-none-eabi/10.3.1/thumb/v7e-m+fp/hard/libgcc.a(_aeabi_uldivmod.o)
 .ARM.attributes
                0x000000000000043e       0x34 /opt/st/stm32cubeide_1.12.1/plugins/com.st.stm32cube.ide.mcu.externaltools.gnu-tools-for-stm32.10.3-2021.10.linux64_1.0.200.202301161003/tools/bin/../lib/gcc/arm-none-eabi/10.3.1/thumb/v7e-m+fp/hard/libgcc.a(_udivmoddi4.o)
 .ARM.attributes
                0x0000000000000472       0x1e /opt/st/stm32cubeide_1.12.1/plugins/com.st.stm32cube.ide.mcu.externaltools.gnu-tools-for-stm32.10.3-2021.10.linux64_1.0.200.202301161003/tools/bin/../lib/gcc/arm-none-eabi/10.3.1/thumb/v7e-m+fp/hard/libgcc.a(_dvmd_tls.o)
 .ARM.attributes
                0x0000000000000490       0x1e /opt/st/stm32cubeide_1.12.1/plugins/com.st.stm32cube.ide.mcu.externaltools.gnu-tools-for-stm32.10.3-2021.10.linux64_1.0.200.202301161003/tools/bin/../lib/gcc/arm-none-eabi/10.3.1/thumb/v7e-m+fp/hard/crtn.o
OUTPUT(mic-stream-g4.elf elf32-littlearm)
LOAD linker stubs
LOAD /opt/st/stm32cubeide_1.12.1/plugins/com.st.stm32cube.ide.mcu.externaltools.gnu-tools-for-stm32.10.3-2021.10.linux64_1.0.200.202301161003/tools/bin/../lib/gcc/arm-none-eabi/10.3.1/../../../../arm-none-eabi/lib/thumb/v7e-m+fp/hard/libc.a
LOAD /opt/st/stm32cubeide_1.12.1/plugins/com.st.stm32cube.ide.mcu.externaltools.gnu-tools-for-stm32.10.3-2021.10.linux64_1.0.200.202301161003/tools/bin/../lib/gcc/arm-none-eabi/10.3.1/../../../../arm-none-eabi/lib/thumb/v7e-m+fp/hard/libm.a
LOAD /opt/st/stm32cubeide_1.12.1/plugins/com.st.stm32cube.ide.mcu.externaltools.gnu-tools-for-stm32.10.3-2021.10.linux64_1.0.200.202301161003/tools/bin/../lib/gcc/arm-none-eabi/10.3.1/thumb/v7e-m+fp/hard/libgcc.a

.debug_info     0x0000000000000000    0x126a7
 .debug_info    0x0000000000000000     0x1994 ./Core/Src/main.o
 .debug_info    0x0000000000001994     0x1402 ./Core/Src/stm32g4xx_hal_msp.o
 .debug_info    0x0000000000002d96      0x907 ./Core/Src/stm32g4xx_it.o
 .debug_info    0x000000000000369d      0x59f ./Core/Src/system_stm32g4xx.o
 .debug_info    0x0000000000003c3c       0x22 ./Core/Startup/startup_stm32g474retx.o
 .debug_info    0x0000000000003c5e      0xb9d ./Drivers/STM32G4xx_HAL_Driver/Src/stm32g4xx_hal.o
 .debug_info    0x00000000000047fb      0xe7e ./Drivers/STM32G4xx_HAL_Driver/Src/stm32g4xx_hal_cortex.o
 .debug_info    0x0000000000005679      0x8ee ./Drivers/STM32G4xx_HAL_Driver/Src/stm32g4xx_hal_dma.o
 .debug_info    0x0000000000005f67      0x82f ./Drivers/STM32G4xx_HAL_Driver/Src/stm32g4xx_hal_gpio.o
 .debug_info    0x0000000000006796      0xe90 ./Drivers/STM32G4xx_HAL_Driver/Src/stm32g4xx_hal_i2s.o
 .debug_info    0x0000000000007626      0x983 ./Drivers/STM32G4xx_HAL_Driver/Src/stm32g4xx_hal_pwr_ex.o
 .debug_info    0x0000000000007fa9      0xcb7 ./Drivers/STM32G4xx_HAL_Driver/Src/stm32g4xx_hal_rcc.o
 .debug_info    0x0000000000008c60      0xd32 ./Drivers/STM32G4xx_HAL_Driver/Src/stm32g4xx_hal_rcc_ex.o
 .debug_info    0x0000000000009992     0x4936 ./Drivers/STM32G4xx_HAL_Driver/Src/stm32g4xx_hal_uart.o
 .debug_info    0x000000000000e2c8     0x1031 ./Drivers/STM32G4xx_HAL_Driver/Src/stm32g4xx_hal_uart_ex.o
 .debug_info    0x000000000000f2f9     0x192a ../Middlewares/ST/ARM/DSP/Lib/libarm_cortexM4lf_math.a(arm_rfft_fast_init_f32.o)
 .debug_info    0x0000000000010c23     0x1a84 ../Middlewares/ST/ARM/DSP/Lib/libarm_cortexM4lf_math.a(arm_common_tables.o)

.debug_abbrev   0x0000000000000000     0x2489
 .debug_abbrev  0x0000000000000000      0x31e ./Core/Src/main.o
 .debug_abbrev  0x000000000000031e      0x232 ./Core/Src/stm32g4xx_hal_msp.o
 .debug_abbrev  0x0000000000000550      0x180 ./Core/Src/stm32g4xx_it.o
 .debug_abbrev  0x00000000000006d0      0x116 ./Core/Src/system_stm32g4xx.o
 .debug_abbrev  0x00000000000007e6       0x12 ./Core/Startup/startup_stm32g474retx.o
 .debug_abbrev  0x00000000000007f8      0x269 ./Drivers/STM32G4xx_HAL_Driver/Src/stm32g4xx_hal.o
 .debug_abbrev  0x0000000000000a61      0x30d ./Drivers/STM32G4xx_HAL_Driver/Src/stm32g4xx_hal_cortex.o
 .debug_abbrev  0x0000000000000d6e      0x1d7 ./Drivers/STM32G4xx_HAL_Driver/Src/stm32g4xx_hal_dma.o
 .debug_abbrev  0x0000000000000f45      0x1bb ./Drivers/STM32G4xx_HAL_Driver/Src/stm32g4xx_hal_gpio.o
 .debug_abbrev  0x0000000000001100      0x232 ./Drivers/STM32G4xx_HAL_Driver/Src/stm32g4xx_hal_i2s.o
 .debug_abbrev  0x0000000000001332      0x229 ./Drivers/STM32G4xx_HAL_Driver/Src/stm32g4xx_hal_pwr_ex.o
 .debug_abbrev  0x000000000000155b      0x2bd ./Drivers/STM32G4xx_HAL_Driver/Src/stm32g4xx_hal_rcc.o
 .debug_abbrev  0x0000000000001818      0x247 ./Drivers/STM32G4xx_HAL_Driver/Src/stm32g4xx_hal_rcc_ex.o
 .debug_abbrev  0x0000000000001a5f      0x2f0 ./Drivers/STM32G4xx_HAL_Driver/Src/stm32g4xx_hal_uart.o
 .debug_abbrev  0x0000000000001d4f      0x2bd ./Drivers/STM32G4xx_HAL_Driver/Src/stm32g4xx_hal_uart_ex.o
 .debug_abbrev  0x000000000000200c      0x2a0 ../Middlewares/ST/ARM/DSP/Lib/libarm_cortexM4lf_math.a(arm_rfft_fast_init_f32.o)
 .debug_abbrev  0x00000000000022ac      0x1dd ../Middlewares/ST/ARM/DSP/Lib/libarm_cortexM4lf_math.a(arm_common_tables.o)

.debug_aranges  0x0000000000000000      0xbb0
 .debug_aranges
                0x0000000000000000       0x80 ./Core/Src/main.o
 .debug_aranges
                0x0000000000000080       0x40 ./Core/Src/stm32g4xx_hal_msp.o
 .debug_aranges
                0x00000000000000c0       0x88 ./Core/Src/stm32g4xx_it.o
 .debug_aranges
                0x0000000000000148       0x28 ./Core/Src/system_stm32g4xx.o
 .debug_aranges
                0x0000000000000170       0x28 ./Core/Startup/startup_stm32g474retx.o
 .debug_aranges
                0x0000000000000198      0x130 ./Drivers/STM32G4xx_HAL_Driver/Src/stm32g4xx_hal.o
 .debug_aranges
                0x00000000000002c8      0x118 ./Drivers/STM32G4xx_HAL_Driver/Src/stm32g4xx_hal_cortex.o
 .debug_aranges
                0x00000000000003e0       0x90 ./Drivers/STM32G4xx_HAL_Driver/Src/stm32g4xx_hal_dma.o
 .debug_aranges
                0x0000000000000470       0x58 ./Drivers/STM32G4xx_HAL_Driver/Src/stm32g4xx_hal_gpio.o
 .debug_aranges
                0x00000000000004c8      0x100 ./Drivers/STM32G4xx_HAL_Driver/Src/stm32g4xx_hal_i2s.o
 .debug_aranges
                0x00000000000005c8      0x140 ./Drivers/STM32G4xx_HAL_Driver/Src/stm32g4xx_hal_pwr_ex.o
 .debug_aranges
                0x0000000000000708       0x98 ./Drivers/STM32G4xx_HAL_Driver/Src/stm32g4xx_hal_rcc.o
 .debug_aranges
                0x00000000000007a0       0xb0 ./Drivers/STM32G4xx_HAL_Driver/Src/stm32g4xx_hal_rcc_ex.o
 .debug_aranges
                0x0000000000000850      0x248 ./Drivers/STM32G4xx_HAL_Driver/Src/stm32g4xx_hal_uart.o
 .debug_aranges
                0x0000000000000a98       0xa0 ./Drivers/STM32G4xx_HAL_Driver/Src/stm32g4xx_hal_uart_ex.o
 .debug_aranges
                0x0000000000000b38       0x60 ../Middlewares/ST/ARM/DSP/Lib/libarm_cortexM4lf_math.a(arm_rfft_fast_init_f32.o)
 .debug_aranges
                0x0000000000000b98       0x18 ../Middlewares/ST/ARM/DSP/Lib/libarm_cortexM4lf_math.a(arm_common_tables.o)

.debug_ranges   0x0000000000000000      0xad0
 .debug_ranges  0x0000000000000000       0x70 ./Core/Src/main.o
 .debug_ranges  0x0000000000000070       0x30 ./Core/Src/stm32g4xx_hal_msp.o
 .debug_ranges  0x00000000000000a0       0x78 ./Core/Src/stm32g4xx_it.o
 .debug_ranges  0x0000000000000118       0x18 ./Core/Src/system_stm32g4xx.o
 .debug_ranges  0x0000000000000130       0x20 ./Core/Startup/startup_stm32g474retx.o
 .debug_ranges  0x0000000000000150      0x120 ./Drivers/STM32G4xx_HAL_Driver/Src/stm32g4xx_hal.o
 .debug_ranges  0x0000000000000270      0x108 ./Drivers/STM32G4xx_HAL_Driver/Src/stm32g4xx_hal_cortex.o
 .debug_ranges  0x0000000000000378       0x80 ./Drivers/STM32G4xx_HAL_Driver/Src/stm32g4xx_hal_dma.o
 .debug_ranges  0x00000000000003f8       0x48 ./Drivers/STM32G4xx_HAL_Driver/Src/stm32g4xx_hal_gpio.o
 .debug_ranges  0x0000000000000440       0xf0 ./Drivers/STM32G4xx_HAL_Driver/Src/stm32g4xx_hal_i2s.o
 .debug_ranges  0x0000000000000530      0x130 ./Drivers/STM32G4xx_HAL_Driver/Src/stm32g4xx_hal_pwr_ex.o
 .debug_ranges  0x0000000000000660       0x88 ./Drivers/STM32G4xx_HAL_Driver/Src/stm32g4xx_hal_rcc.o
 .debug_ranges  0x00000000000006e8       0xa0 ./Drivers/STM32G4xx_HAL_Driver/Src/stm32g4xx_hal_rcc_ex.o
 .debug_ranges  0x0000000000000788      0x268 ./Drivers/STM32G4xx_HAL_Driver/Src/stm32g4xx_hal_uart.o
 .debug_ranges  0x00000000000009f0       0x90 ./Drivers/STM32G4xx_HAL_Driver/Src/stm32g4xx_hal_uart_ex.o
 .debug_ranges  0x0000000000000a80       0x50 ../Middlewares/ST/ARM/DSP/Lib/libarm_cortexM4lf_math.a(arm_rfft_fast_init_f32.o)

.debug_macro    0x0000000000000000    0x253f4
 .debug_macro   0x0000000000000000      0x3ae ./Core/Src/main.o
 .debug_macro   0x00000000000003ae      0xa78 ./Core/Src/main.o
 .debug_macro   0x0000000000000e26      0x15b ./Core/Src/main.o
 .debug_macro   0x0000000000000f81       0x2e ./Core/Src/main.o
 .debug_macro   0x0000000000000faf       0x28 ./Core/Src/main.o
 .debug_macro   0x0000000000000fd7       0x22 ./Core/Src/main.o
 .debug_macro   0x0000000000000ff9       0x8e ./Core/Src/main.o
 .debug_macro   0x0000000000001087       0x51 ./Core/Src/main.o
 .debug_macro   0x00000000000010d8      0x103 ./Core/Src/main.o
 .debug_macro   0x00000000000011db       0x6a ./Core/Src/main.o
 .debug_macro   0x0000000000001245      0x1df ./Core/Src/main.o
 .debug_macro   0x0000000000001424       0x1c ./Core/Src/main.o
 .debug_macro   0x0000000000001440       0x22 ./Core/Src/main.o
 .debug_macro   0x0000000000001462       0xfb ./Core/Src/main.o
 .debug_macro   0x000000000000155d     0x1011 ./Core/Src/main.o
 .debug_macro   0x000000000000256e      0x11f ./Core/Src/main.o
 .debug_macro   0x000000000000268d    0x18b93 ./Core/Src/main.o
 .debug_macro   0x000000000001b220       0x6d ./Core/Src/main.o
 .debug_macro   0x000000000001b28d     0x3554 ./Core/Src/main.o
 .debug_macro   0x000000000001e7e1      0x174 ./Core/Src/main.o
 .debug_macro   0x000000000001e955       0x5c ./Core/Src/main.o
 .debug_macro   0x000000000001e9b1     0x171f ./Core/Src/main.o
 .debug_macro   0x00000000000200d0      0x600 ./Core/Src/main.o
 .debug_macro   0x00000000000206d0      0x1b6 ./Core/Src/main.o
 .debug_macro   0x0000000000020886      0x34a ./Core/Src/main.o
 .debug_macro   0x0000000000020bd0      0x53c ./Core/Src/main.o
 .debug_macro   0x000000000002110c      0x18b ./Core/Src/main.o
 .debug_macro   0x0000000000021297       0x43 ./Core/Src/main.o
 .debug_macro   0x00000000000212da      0x23d ./Core/Src/main.o
 .debug_macro   0x0000000000021517      0x211 ./Core/Src/main.o
 .debug_macro   0x0000000000021728      0x45c ./Core/Src/main.o
 .debug_macro   0x0000000000021b84      0x11c ./Core/Src/main.o
 .debug_macro   0x0000000000021ca0      0x1c3 ./Core/Src/main.o
 .debug_macro   0x0000000000021e63      0x122 ./Core/Src/main.o
 .debug_macro   0x0000000000021f85      0x3d1 ./Core/Src/main.o
 .debug_macro   0x0000000000022356      0x67e ./Core/Src/main.o
 .debug_macro   0x00000000000229d4       0xa6 ./Core/Src/main.o
 .debug_macro   0x0000000000022a7a      0x358 ./Core/Src/main.o
 .debug_macro   0x0000000000022dd2       0x5e ./Core/Src/main.o
 .debug_macro   0x0000000000022e30       0x52 ./Core/Src/main.o
 .debug_macro   0x0000000000022e82       0x1e ./Core/Src/main.o
 .debug_macro   0x0000000000022ea0       0x3c ./Core/Src/main.o
 .debug_macro   0x0000000000022edc       0x34 ./Core/Src/main.o
 .debug_macro   0x0000000000022f10       0x16 ./Core/Src/main.o
 .debug_macro   0x0000000000022f26       0x35 ./Core/Src/main.o
 .debug_macro   0x0000000000022f5b      0x341 ./Core/Src/main.o
 .debug_macro   0x000000000002329c       0x10 ./Core/Src/main.o
 .debug_macro   0x00000000000232ac       0x16 ./Core/Src/main.o
 .debug_macro   0x00000000000232c2       0x43 ./Core/Src/main.o
 .debug_macro   0x0000000000023305       0x34 ./Core/Src/main.o
 .debug_macro   0x0000000000023339       0x10 ./Core/Src/main.o
 .debug_macro   0x0000000000023349       0x58 ./Core/Src/main.o
 .debug_macro   0x00000000000233a1       0x71 ./Core/Src/main.o
 .debug_macro   0x0000000000023412       0x1c ./Core/Src/main.o
 .debug_macro   0x000000000002342e      0x12a ./Core/Src/main.o
 .debug_macro   0x0000000000023558       0x10 ./Core/Src/main.o
 .debug_macro   0x0000000000023568       0x1c ./Core/Src/main.o
 .debug_macro   0x0000000000023584       0x52 ./Core/Src/main.o
 .debug_macro   0x00000000000235d6       0x22 ./Core/Src/main.o
 .debug_macro   0x00000000000235f8       0x10 ./Core/Src/main.o
 .debug_macro   0x0000000000023608       0x52 ./Core/Src/main.o
 .debug_macro   0x000000000002365a       0xd5 ./Core/Src/main.o
 .debug_macro   0x000000000002372f       0x1c ./Core/Src/main.o
 .debug_macro   0x000000000002374b       0x3d ./Core/Src/main.o
 .debug_macro   0x0000000000023788       0x16 ./Core/Src/main.o
 .debug_macro   0x000000000002379e      0x145 ./Core/Src/main.o
 .debug_macro   0x00000000000238e3       0x12 ./Core/Src/main.o
 .debug_macro   0x00000000000238f5       0x12 ./Core/Src/main.o
 .debug_macro   0x0000000000023907       0x16 ./Core/Src/main.o
 .debug_macro   0x000000000002391d       0x20 ./Core/Src/main.o
 .debug_macro   0x000000000002393d      0x19b ./Core/Src/main.o
 .debug_macro   0x0000000000023ad8       0xd6 ./Core/Src/main.o
 .debug_macro   0x0000000000023bae      0x1d3 ./Core/Src/stm32g4xx_hal_msp.o
 .debug_macro   0x0000000000023d81      0x1dd ./Core/Src/stm32g4xx_it.o
 .debug_macro   0x0000000000023f5e      0x1c4 ./Core/Src/system_stm32g4xx.o
 .debug_macro   0x0000000000024122      0x212 ./Drivers/STM32G4xx_HAL_Driver/Src/stm32g4xx_hal.o
 .debug_macro   0x0000000000024334      0x1c4 ./Drivers/STM32G4xx_HAL_Driver/Src/stm32g4xx_hal_cortex.o
 .debug_macro   0x00000000000244f8      0x1c4 ./Drivers/STM32G4xx_HAL_Driver/Src/stm32g4xx_hal_dma.o
 .debug_macro   0x00000000000246bc      0x1cb ./Drivers/STM32G4xx_HAL_Driver/Src/stm32g4xx_hal_gpio.o
 .debug_macro   0x0000000000024887      0x1cc ./Drivers/STM32G4xx_HAL_Driver/Src/stm32g4xx_hal_i2s.o
 .debug_macro   0x0000000000024a53      0x1ee ./Drivers/STM32G4xx_HAL_Driver/Src/stm32g4xx_hal_pwr_ex.o
 .debug_macro   0x0000000000024c41      0x206 ./Drivers/STM32G4xx_HAL_Driver/Src/stm32g4xx_hal_rcc.o
 .debug_macro   0x0000000000024e47      0x1ee ./Drivers/STM32G4xx_HAL_Driver/Src/stm32g4xx_hal_rcc_ex.o
 .debug_macro   0x0000000000025035      0x1ef ./Drivers/STM32G4xx_HAL_Driver/Src/stm32g4xx_hal_uart.o
 .debug_macro   0x0000000000025224      0x1d0 ./Drivers/STM32G4xx_HAL_Driver/Src/stm32g4xx_hal_uart_ex.o

.debug_line     0x0000000000000000     0xe077
 .debug_line    0x0000000000000000      0xc87 ./Core/Src/main.o
 .debug_line    0x0000000000000c87      0x82d ./Core/Src/stm32g4xx_hal_msp.o
 .debug_line    0x00000000000014b4      0x7db ./Core/Src/stm32g4xx_it.o
 .debug_line    0x0000000000001c8f      0x70a ./Core/Src/system_stm32g4xx.o
 .debug_line    0x0000000000002399       0x89 ./Core/Startup/startup_stm32g474retx.o
 .debug_line    0x0000000000002422      0xa81 ./Drivers/STM32G4xx_HAL_Driver/Src/stm32g4xx_hal.o
 .debug_line    0x0000000000002ea3      0xc34 ./Drivers/STM32G4xx_HAL_Driver/Src/stm32g4xx_hal_cortex.o
 .debug_line    0x0000000000003ad7      0xded ./Drivers/STM32G4xx_HAL_Driver/Src/stm32g4xx_hal_dma.o
 .debug_line    0x00000000000048c4      0xac4 ./Drivers/STM32G4xx_HAL_Driver/Src/stm32g4xx_hal_gpio.o
 .debug_line    0x0000000000005388     0x1002 ./Drivers/STM32G4xx_HAL_Driver/Src/stm32g4xx_hal_i2s.o
 .debug_line    0x000000000000638a      0xc38 ./Drivers/STM32G4xx_HAL_Driver/Src/stm32g4xx_hal_pwr_ex.o
 .debug_line    0x0000000000006fc2      0xe97 ./Drivers/STM32G4xx_HAL_Driver/Src/stm32g4xx_hal_rcc.o
 .debug_line    0x0000000000007e59     0x11a4 ./Drivers/STM32G4xx_HAL_Driver/Src/stm32g4xx_hal_rcc_ex.o
 .debug_line    0x0000000000008ffd     0x3afb ./Drivers/STM32G4xx_HAL_Driver/Src/stm32g4xx_hal_uart.o
 .debug_line    0x000000000000caf8      0xd2c ./Drivers/STM32G4xx_HAL_Driver/Src/stm32g4xx_hal_uart_ex.o
 .debug_line    0x000000000000d824      0x610 ../Middlewares/ST/ARM/DSP/Lib/libarm_cortexM4lf_math.a(arm_rfft_fast_init_f32.o)
 .debug_line    0x000000000000de34      0x243 ../Middlewares/ST/ARM/DSP/Lib/libarm_cortexM4lf_math.a(arm_common_tables.o)

.debug_str      0x0000000000000000    0xeca34
 .debug_str     0x0000000000000000    0xe8f65 ./Core/Src/main.o
                                      0xe92d5 (size before relaxing)
 .debug_str     0x00000000000e8f65      0x2b8 ./Core/Src/stm32g4xx_hal_msp.o
                                      0xe43fb (size before relaxing)
 .debug_str     0x00000000000e921d      0x17c ./Core/Src/stm32g4xx_it.o
                                      0xe3930 (size before relaxing)
 .debug_str     0x00000000000e9399       0xdb ./Core/Src/system_stm32g4xx.o
                                      0xe3315 (size before relaxing)
 .debug_str     0x00000000000e9474       0x73 ./Core/Startup/startup_stm32g474retx.o
 .debug_str     0x00000000000e94e7      0x5c6 ./Drivers/STM32G4xx_HAL_Driver/Src/stm32g4xx_hal.o
                                      0xe4000 (size before relaxing)
 .debug_str     0x00000000000e9aad      0x31d ./Drivers/STM32G4xx_HAL_Driver/Src/stm32g4xx_hal_cortex.o
                                      0xe3cab (size before relaxing)
 .debug_str     0x00000000000e9dca      0x2a4 ./Drivers/STM32G4xx_HAL_Driver/Src/stm32g4xx_hal_dma.o
                                      0xe36ef (size before relaxing)
 .debug_str     0x00000000000ea06e      0x10a ./Drivers/STM32G4xx_HAL_Driver/Src/stm32g4xx_hal_gpio.o
                                      0xe34a0 (size before relaxing)
 .debug_str     0x00000000000ea178      0x24f ./Drivers/STM32G4xx_HAL_Driver/Src/stm32g4xx_hal_i2s.o
                                      0xe38bc (size before relaxing)
 .debug_str     0x00000000000ea3c7      0x4a5 ./Drivers/STM32G4xx_HAL_Driver/Src/stm32g4xx_hal_pwr_ex.o
                                      0xe3803 (size before relaxing)
 .debug_str     0x00000000000ea86c      0x4fb ./Drivers/STM32G4xx_HAL_Driver/Src/stm32g4xx_hal_rcc.o
                                      0xe3a34 (size before relaxing)
 .debug_str     0x00000000000ead67      0x3f9 ./Drivers/STM32G4xx_HAL_Driver/Src/stm32g4xx_hal_rcc_ex.o
                                      0xe3a5e (size before relaxing)
 .debug_str     0x00000000000eb160      0x975 ./Drivers/STM32G4xx_HAL_Driver/Src/stm32g4xx_hal_uart.o
                                      0xe42a8 (size before relaxing)
 .debug_str     0x00000000000ebad5      0x251 ./Drivers/STM32G4xx_HAL_Driver/Src/stm32g4xx_hal_uart_ex.o
                                      0xe3a8c (size before relaxing)
 .debug_str     0x00000000000ebd26      0xce0 ../Middlewares/ST/ARM/DSP/Lib/libarm_cortexM4lf_math.a(arm_rfft_fast_init_f32.o)
                                        0xf3b (size before relaxing)
 .debug_str     0x00000000000eca06       0x2e ../Middlewares/ST/ARM/DSP/Lib/libarm_cortexM4lf_math.a(arm_common_tables.o)
                                        0xd1d (size before relaxing)

.comment        0x0000000000000000       0xc5
 .comment       0x0000000000000000       0x50 ./Core/Src/main.o
                                         0x51 (size before relaxing)
 .comment       0x0000000000000050       0x51 ./Core/Src/stm32g4xx_hal_msp.o
 .comment       0x0000000000000050       0x51 ./Core/Src/stm32g4xx_it.o
 .comment       0x0000000000000050       0x51 ./Core/Src/system_stm32g4xx.o
 .comment       0x0000000000000050       0x51 ./Drivers/STM32G4xx_HAL_Driver/Src/stm32g4xx_hal.o
 .comment       0x0000000000000050       0x51 ./Drivers/STM32G4xx_HAL_Driver/Src/stm32g4xx_hal_cortex.o
 .comment       0x0000000000000050       0x51 ./Drivers/STM32G4xx_HAL_Driver/Src/stm32g4xx_hal_dma.o
 .comment       0x0000000000000050       0x51 ./Drivers/STM32G4xx_HAL_Driver/Src/stm32g4xx_hal_gpio.o
 .comment       0x0000000000000050       0x51 ./Drivers/STM32G4xx_HAL_Driver/Src/stm32g4xx_hal_i2s.o
 .comment       0x0000000000000050       0x51 ./Drivers/STM32G4xx_HAL_Driver/Src/stm32g4xx_hal_pwr_ex.o
 .comment       0x0000000000000050       0x51 ./Drivers/STM32G4xx_HAL_Driver/Src/stm32g4xx_hal_rcc.o
 .comment       0x0000000000000050       0x51 ./Drivers/STM32G4xx_HAL_Driver/Src/stm32g4xx_hal_rcc_ex.o
 .comment       0x0000000000000050       0x51 ./Drivers/STM32G4xx_HAL_Driver/Src/stm32g4xx_hal_uart.o
 .comment       0x0000000000000050       0x51 ./Drivers/STM32G4xx_HAL_Driver/Src/stm32g4xx_hal_uart_ex.o
 .comment       0x0000000000000050       0x75 ../Middlewares/ST/ARM/DSP/Lib/libarm_cortexM4lf_math.a(arm_rfft_fast_init_f32.o)
                                         0x76 (size before relaxing)
 .comment       0x00000000000000c5       0x76 ../Middlewares/ST/ARM/DSP/Lib/libarm_cortexM4lf_math.a(arm_common_tables.o)

.debug_frame    0x0000000000000000     0x2e64
 .debug_frame   0x0000000000000000      0x1c8 ./Core/Src/main.o
 .debug_frame   0x00000000000001c8       0xcc ./Core/Src/stm32g4xx_hal_msp.o
 .debug_frame   0x0000000000000294      0x190 ./Core/Src/stm32g4xx_it.o
 .debug_frame   0x0000000000000424       0x58 ./Core/Src/system_stm32g4xx.o
 .debug_frame   0x000000000000047c      0x4a0 ./Drivers/STM32G4xx_HAL_Driver/Src/stm32g4xx_hal.o
 .debug_frame   0x000000000000091c      0x498 ./Drivers/STM32G4xx_HAL_Driver/Src/stm32g4xx_hal_cortex.o
 .debug_frame   0x0000000000000db4      0x24c ./Drivers/STM32G4xx_HAL_Driver/Src/stm32g4xx_hal_dma.o
 .debug_frame   0x0000000000001000      0x14c ./Drivers/STM32G4xx_HAL_Driver/Src/stm32g4xx_hal_gpio.o
 .debug_frame   0x000000000000114c      0x458 ./Drivers/STM32G4xx_HAL_Driver/Src/stm32g4xx_hal_i2s.o
 .debug_frame   0x00000000000015a4      0x4fc ./Drivers/STM32G4xx_HAL_Driver/Src/stm32g4xx_hal_pwr_ex.o
 .debug_frame   0x0000000000001aa0      0x23c ./Drivers/STM32G4xx_HAL_Driver/Src/stm32g4xx_hal_rcc.o
 .debug_frame   0x0000000000001cdc      0x2ac ./Drivers/STM32G4xx_HAL_Driver/Src/stm32g4xx_hal_rcc_ex.o
 .debug_frame   0x0000000000001f88      0xa94 ./Drivers/STM32G4xx_HAL_Driver/Src/stm32g4xx_hal_uart.o
 .debug_frame   0x0000000000002a1c      0x29c ./Drivers/STM32G4xx_HAL_Driver/Src/stm32g4xx_hal_uart_ex.o
 .debug_frame   0x0000000000002cb8      0x100 ../Middlewares/ST/ARM/DSP/Lib/libarm_cortexM4lf_math.a(arm_rfft_fast_init_f32.o)
 .debug_frame   0x0000000000002db8       0x2c /opt/st/stm32cubeide_1.12.1/plugins/com.st.stm32cube.ide.mcu.externaltools.gnu-tools-for-stm32.10.3-2021.10.linux64_1.0.200.202301161003/tools/bin/../lib/gcc/arm-none-eabi/10.3.1/../../../../arm-none-eabi/lib/thumb/v7e-m+fp/hard/libc_nano.a(lib_a-init.o)
 .debug_frame   0x0000000000002de4       0x20 /opt/st/stm32cubeide_1.12.1/plugins/com.st.stm32cube.ide.mcu.externaltools.gnu-tools-for-stm32.10.3-2021.10.linux64_1.0.200.202301161003/tools/bin/../lib/gcc/arm-none-eabi/10.3.1/../../../../arm-none-eabi/lib/thumb/v7e-m+fp/hard/libc_nano.a(lib_a-memset.o)
 .debug_frame   0x0000000000002e04       0x2c /opt/st/stm32cubeide_1.12.1/plugins/com.st.stm32cube.ide.mcu.externaltools.gnu-tools-for-stm32.10.3-2021.10.linux64_1.0.200.202301161003/tools/bin/../lib/gcc/arm-none-eabi/10.3.1/thumb/v7e-m+fp/hard/libgcc.a(_aeabi_uldivmod.o)
 .debug_frame   0x0000000000002e30       0x34 /opt/st/stm32cubeide_1.12.1/plugins/com.st.stm32cube.ide.mcu.externaltools.gnu-tools-for-stm32.10.3-2021.10.linux64_1.0.200.202301161003/tools/bin/../lib/gcc/arm-none-eabi/10.3.1/thumb/v7e-m+fp/hard/libgcc.a(_udivmoddi4.o)

.debug_loc      0x0000000000000000      0x67f
 .debug_loc     0x0000000000000000      0x67f ../Middlewares/ST/ARM/DSP/Lib/libarm_cortexM4lf_math.a(arm_rfft_fast_init_f32.o)
