../Core/Src/main.c:92:5:main	32	static
../Core/Src/main.c:189:6:SystemClock_Config	88	static
../Core/Src/main.c:236:13:MX_I2S2_Init	8	static
../Core/Src/main.c:268:13:MX_I2S3_Init	8	static
../Core/Src/main.c:300:13:MX_LPUART1_UART_Init	8	static
../Core/Src/main.c:345:13:MX_DMA_Init	16	static
../Core/Src/main.c:370:13:MX_GPIO_Init	48	static
../Core/Src/main.c:418:11:complexABS	16	static
../Core/Src/main.c:422:6:DoFFT	344	static
../Core/Src/main.c:451:6:HAL_I2S_RxHalfCpltCallback	16	static
../Core/Src/main.c:457:6:HAL_I2S_RxCpltCallback	16	static
../Core/Src/main.c:471:1:__io_putchar	16	static
../Core/Src/main.c:495:6:Error_Handler	4	static,ignoring_inline_asm
