../Core/Src/main.c:86:5:matrix_new	32	static
../Core/Src/main.c:98:6:matrix_delete	16	static
../Core/Src/main.c:105:6:matrix_transpose	40	static
../Core/Src/main.c:116:5:matrix_copy	40	static
../Core/Src/main.c:125:5:matrix_mul	32	static
../Core/Src/main.c:136:6:gram_schmidt	128	static
../Core/Src/main.c:176:6:eigenvals	40	static
../Core/Src/main.c:203:6:swap	24	static
../Core/Src/main.c:213:6:complex_mul	40	static
../Core/Src/main.c:222:6:filter1	64	static
../Core/Src/main.c:245:6:voice_obfuscation	21976	static
../Core/Src/main.c:392:5:main	5176	static
../Core/Src/main.c:537:6:SystemClock_Config	88	static
../Core/Src/main.c:584:13:MX_I2S2_Init	8	static
../Core/Src/main.c:616:13:MX_I2S3_Init	8	static
../Core/Src/main.c:648:13:MX_LPUART1_UART_Init	8	static
../Core/Src/main.c:693:13:MX_DMA_Init	16	static
../Core/Src/main.c:718:13:MX_GPIO_Init	48	static
../Core/Src/main.c:765:6:HAL_I2S_RxHalfCpltCallback	16	static
../Core/Src/main.c:771:6:HAL_I2S_RxCpltCallback	16	static
../Core/Src/main.c:785:1:__io_putchar	16	static
../Core/Src/main.c:809:6:Error_Handler	4	static,ignoring_inline_asm
