../Core/Src/main.c:94:5:main	8	static
../Core/Src/main.c:152:6:SystemClock_Config	88	static
../Core/Src/main.c:199:13:MX_I2S2_Init	8	static
../Core/Src/main.c:231:13:MX_I2S3_Init	8	static
../Core/Src/main.c:263:13:MX_LPUART1_UART_Init	8	static
../Core/Src/main.c:310:13:MX_TIM16_Init	8	static
../Core/Src/main.c:340:13:MX_DMA_Init	16	static
../Core/Src/main.c:365:13:MX_GPIO_Init	48	static
../Core/Src/main.c:418:6:HAL_TIM_PeriodElapsedCallback	16	static
../Core/Src/main.c:426:6:HAL_GPIO_EXTI_Callback	16	static
../Core/Src/main.c:451:5:hp_filter	24	static
../Core/Src/main.c:473:10:shifter	48	static
../Core/Src/main.c:520:6:HAL_I2S_RxHalfCpltCallback	24	static
../Core/Src/main.c:532:6:HAL_I2S_RxCpltCallback	24	static
../Core/Src/main.c:550:6:Error_Handler	4	static,ignoring_inline_asm
