Archive member included to satisfy reference by file (symbol)

/opt/st/stm32cubeide_1.12.1/plugins/com.st.stm32cube.ide.mcu.externaltools.gnu-tools-for-stm32.10.3-2021.10.linux64_1.0.200.202301161003/tools/bin/../lib/gcc/arm-none-eabi/10.3.1/../../../../arm-none-eabi/lib/thumb/v7e-m+fp/hard/libc_nano.a(lib_a-errno.o)
                              ./Core/Src/syscalls.o (__errno)
/opt/st/stm32cubeide_1.12.1/plugins/com.st.stm32cube.ide.mcu.externaltools.gnu-tools-for-stm32.10.3-2021.10.linux64_1.0.200.202301161003/tools/bin/../lib/gcc/arm-none-eabi/10.3.1/../../../../arm-none-eabi/lib/thumb/v7e-m+fp/hard/libc_nano.a(lib_a-exit.o)
                              /opt/st/stm32cubeide_1.12.1/plugins/com.st.stm32cube.ide.mcu.externaltools.gnu-tools-for-stm32.10.3-2021.10.linux64_1.0.200.202301161003/tools/bin/../lib/gcc/arm-none-eabi/10.3.1/../../../../arm-none-eabi/lib/thumb/v7e-m+fp/hard/crt0.o (exit)
/opt/st/stm32cubeide_1.12.1/plugins/com.st.stm32cube.ide.mcu.externaltools.gnu-tools-for-stm32.10.3-2021.10.linux64_1.0.200.202301161003/tools/bin/../lib/gcc/arm-none-eabi/10.3.1/../../../../arm-none-eabi/lib/thumb/v7e-m+fp/hard/libc_nano.a(lib_a-impure.o)
                              /opt/st/stm32cubeide_1.12.1/plugins/com.st.stm32cube.ide.mcu.externaltools.gnu-tools-for-stm32.10.3-2021.10.linux64_1.0.200.202301161003/tools/bin/../lib/gcc/arm-none-eabi/10.3.1/../../../../arm-none-eabi/lib/thumb/v7e-m+fp/hard/libc_nano.a(lib_a-exit.o) (_global_impure_ptr)
/opt/st/stm32cubeide_1.12.1/plugins/com.st.stm32cube.ide.mcu.externaltools.gnu-tools-for-stm32.10.3-2021.10.linux64_1.0.200.202301161003/tools/bin/../lib/gcc/arm-none-eabi/10.3.1/../../../../arm-none-eabi/lib/thumb/v7e-m+fp/hard/libc_nano.a(lib_a-init.o)
                              /opt/st/stm32cubeide_1.12.1/plugins/com.st.stm32cube.ide.mcu.externaltools.gnu-tools-for-stm32.10.3-2021.10.linux64_1.0.200.202301161003/tools/bin/../lib/gcc/arm-none-eabi/10.3.1/../../../../arm-none-eabi/lib/thumb/v7e-m+fp/hard/crt0.o (__libc_init_array)
/opt/st/stm32cubeide_1.12.1/plugins/com.st.stm32cube.ide.mcu.externaltools.gnu-tools-for-stm32.10.3-2021.10.linux64_1.0.200.202301161003/tools/bin/../lib/gcc/arm-none-eabi/10.3.1/../../../../arm-none-eabi/lib/thumb/v7e-m+fp/hard/libc_nano.a(lib_a-memset.o)
                              /opt/st/stm32cubeide_1.12.1/plugins/com.st.stm32cube.ide.mcu.externaltools.gnu-tools-for-stm32.10.3-2021.10.linux64_1.0.200.202301161003/tools/bin/../lib/gcc/arm-none-eabi/10.3.1/../../../../arm-none-eabi/lib/thumb/v7e-m+fp/hard/crt0.o (memset)
/opt/st/stm32cubeide_1.12.1/plugins/com.st.stm32cube.ide.mcu.externaltools.gnu-tools-for-stm32.10.3-2021.10.linux64_1.0.200.202301161003/tools/bin/../lib/gcc/arm-none-eabi/10.3.1/../../../../arm-none-eabi/lib/thumb/v7e-m+fp/hard/libm.a(lib_a-sf_round.o)
                              ./Core/Src/main.o (roundf)
/opt/st/stm32cubeide_1.12.1/plugins/com.st.stm32cube.ide.mcu.externaltools.gnu-tools-for-stm32.10.3-2021.10.linux64_1.0.200.202301161003/tools/bin/../lib/gcc/arm-none-eabi/10.3.1/thumb/v7e-m+fp/hard/libgcc.a(_aeabi_uldivmod.o)
                              ./Drivers/STM32G4xx_HAL_Driver/Src/stm32g4xx_hal_uart.o (__aeabi_uldivmod)
/opt/st/stm32cubeide_1.12.1/plugins/com.st.stm32cube.ide.mcu.externaltools.gnu-tools-for-stm32.10.3-2021.10.linux64_1.0.200.202301161003/tools/bin/../lib/gcc/arm-none-eabi/10.3.1/thumb/v7e-m+fp/hard/libgcc.a(_udivmoddi4.o)
                              /opt/st/stm32cubeide_1.12.1/plugins/com.st.stm32cube.ide.mcu.externaltools.gnu-tools-for-stm32.10.3-2021.10.linux64_1.0.200.202301161003/tools/bin/../lib/gcc/arm-none-eabi/10.3.1/thumb/v7e-m+fp/hard/libgcc.a(_aeabi_uldivmod.o) (__udivmoddi4)
/opt/st/stm32cubeide_1.12.1/plugins/com.st.stm32cube.ide.mcu.externaltools.gnu-tools-for-stm32.10.3-2021.10.linux64_1.0.200.202301161003/tools/bin/../lib/gcc/arm-none-eabi/10.3.1/thumb/v7e-m+fp/hard/libgcc.a(_dvmd_tls.o)
                              /opt/st/stm32cubeide_1.12.1/plugins/com.st.stm32cube.ide.mcu.externaltools.gnu-tools-for-stm32.10.3-2021.10.linux64_1.0.200.202301161003/tools/bin/../lib/gcc/arm-none-eabi/10.3.1/thumb/v7e-m+fp/hard/libgcc.a(_aeabi_uldivmod.o) (__aeabi_ldiv0)

Discarded input sections

 .text          0x0000000000000000        0x0 /opt/st/stm32cubeide_1.12.1/plugins/com.st.stm32cube.ide.mcu.externaltools.gnu-tools-for-stm32.10.3-2021.10.linux64_1.0.200.202301161003/tools/bin/../lib/gcc/arm-none-eabi/10.3.1/thumb/v7e-m+fp/hard/crti.o
 .data          0x0000000000000000        0x0 /opt/st/stm32cubeide_1.12.1/plugins/com.st.stm32cube.ide.mcu.externaltools.gnu-tools-for-stm32.10.3-2021.10.linux64_1.0.200.202301161003/tools/bin/../lib/gcc/arm-none-eabi/10.3.1/thumb/v7e-m+fp/hard/crti.o
 .bss           0x0000000000000000        0x0 /opt/st/stm32cubeide_1.12.1/plugins/com.st.stm32cube.ide.mcu.externaltools.gnu-tools-for-stm32.10.3-2021.10.linux64_1.0.200.202301161003/tools/bin/../lib/gcc/arm-none-eabi/10.3.1/thumb/v7e-m+fp/hard/crti.o
[...]
Memory Configuration

Name             Origin             Length             Attributes
RAM              0x0000000020000000 0x0000000000020000 xrw
FLASH            0x0000000008000000 0x0000000000080000 xr
*default*        0x0000000000000000 0xffffffffffffffff

Linker script and memory map

LOAD /opt/st/stm32cubeide_1.12.1/plugins/com.st.stm32cube.ide.mcu.externaltools.gnu-tools-for-stm32.10.3-2021.10.linux64_1.0.200.202301161003/tools/bin/../lib/gcc/arm-none-eabi/10.3.1/thumb/v7e-m+fp/hard/crti.o
LOAD /opt/st/stm32cubeide_1.12.1/plugins/com.st.stm32cube.ide.mcu.externaltools.gnu-tools-for-stm32.10.3-2021.10.linux64_1.0.200.202301161003/tools/bin/../lib/gcc/arm-none-eabi/10.3.1/thumb/v7e-m+fp/hard/crtbegin.o
LOAD /opt/st/stm32cubeide_1.12.1/plugins/com.st.stm32cube.ide.mcu.externaltools.gnu-tools-for-stm32.10.3-2021.10.linux64_1.0.200.202301161003/tools/bin/../lib/gcc/arm-none-eabi/10.3.1/../../../../arm-none-eabi/lib/thumb/v7e-m+fp/hard/crt0.o
LOAD ./Core/Src/main.o
LOAD ./Core/Src/stm32g4xx_hal_msp.o
LOAD ./Core/Src/stm32g4xx_it.o
LOAD ./Core/Src/syscalls.o
LOAD ./Core/Src/sysmem.o
LOAD ./Core/Src/system_stm32g4xx.o
LOAD ./Core/Startup/startup_stm32g474retx.o
LOAD ./Drivers/STM32G4xx_HAL_Driver/Src/stm32g4xx_hal.o
LOAD ./Drivers/STM32G4xx_HAL_Driver/Src/stm32g4xx_hal_cortex.o
LOAD ./Drivers/STM32G4xx_HAL_Driver/Src/stm32g4xx_hal_dma.o
LOAD ./Drivers/STM32G4xx_HAL_Driver/Src/stm32g4xx_hal_dma_ex.o
LOAD ./Drivers/STM32G4xx_HAL_Driver/Src/stm32g4xx_hal_exti.o
LOAD ./Drivers/STM32G4xx_HAL_Driver/Src/stm32g4xx_hal_flash.o
LOAD ./Drivers/STM32G4xx_HAL_Driver/Src/stm32g4xx_hal_flash_ex.o
LOAD ./Drivers/STM32G4xx_HAL_Driver/Src/stm32g4xx_hal_flash_ramfunc.o
LOAD ./Drivers/STM32G4xx_HAL_Driver/Src/stm32g4xx_hal_gpio.o
LOAD ./Drivers/STM32G4xx_HAL_Driver/Src/stm32g4xx_hal_i2s.o
LOAD ./Drivers/STM32G4xx_HAL_Driver/Src/stm32g4xx_hal_pwr.o
LOAD ./Drivers/STM32G4xx_HAL_Driver/Src/stm32g4xx_hal_pwr_ex.o
LOAD ./Drivers/STM32G4xx_HAL_Driver/Src/stm32g4xx_hal_rcc.o
LOAD ./Drivers/STM32G4xx_HAL_Driver/Src/stm32g4xx_hal_rcc_ex.o
LOAD ./Drivers/STM32G4xx_HAL_Driver/Src/stm32g4xx_hal_tim.o
LOAD ./Drivers/STM32G4xx_HAL_Driver/Src/stm32g4xx_hal_tim_ex.o
LOAD ./Drivers/STM32G4xx_HAL_Driver/Src/stm32g4xx_hal_uart.o
LOAD ./Drivers/STM32G4xx_HAL_Driver/Src/stm32g4xx_hal_uart_ex.o
LOAD ../Middlewares/ST/ARM/DSP/Lib/libarm_cortexM4lf_math.a
START GROUP
LOAD /opt/st/stm32cubeide_1.12.1/plugins/com.st.stm32cube.ide.mcu.externaltools.gnu-tools-for-stm32.10.3-2021.10.linux64_1.0.200.202301161003/tools/bin/../lib/gcc/arm-none-eabi/10.3.1/../../../../arm-none-eabi/lib/thumb/v7e-m+fp/hard/libc_nano.a
LOAD /opt/st/stm32cubeide_1.12.1/plugins/com.st.stm32cube.ide.mcu.externaltools.gnu-tools-for-stm32.10.3-2021.10.linux64_1.0.200.202301161003/tools/bin/../lib/gcc/arm-none-eabi/10.3.1/../../../../arm-none-eabi/lib/thumb/v7e-m+fp/hard/libm.a
END GROUP
START GROUP
LOAD /opt/st/stm32cubeide_1.12.1/plugins/com.st.stm32cube.ide.mcu.externaltools.gnu-tools-for-stm32.10.3-2021.10.linux64_1.0.200.202301161003/tools/bin/../lib/gcc/arm-none-eabi/10.3.1/thumb/v7e-m+fp/hard/libgcc.a
LOAD /opt/st/stm32cubeide_1.12.1/plugins/com.st.stm32cube.ide.mcu.externaltools.gnu-tools-for-stm32.10.3-2021.10.linux64_1.0.200.202301161003/tools/bin/../lib/gcc/arm-none-eabi/10.3.1/../../../../arm-none-eabi/lib/thumb/v7e-m+fp/hard/libc_nano.a
END GROUP
START GROUP
LOAD /opt/st/stm32cubeide_1.12.1/plugins/com.st.stm32cube.ide.mcu.externaltools.gnu-tools-for-stm32.10.3-2021.10.linux64_1.0.200.202301161003/tools/bin/../lib/gcc/arm-none-eabi/10.3.1/thumb/v7e-m+fp/hard/libgcc.a
LOAD /opt/st/stm32cubeide_1.12.1/plugins/com.st.stm32cube.ide.mcu.externaltools.gnu-tools-for-stm32.10.3-2021.10.linux64_1.0.200.202301161003/tools/bin/../lib/gcc/arm-none-eabi/10.3.1/../../../../arm-none-eabi/lib/thumb/v7e-m+fp/hard/libc_nano.a
LOAD /opt/st/stm32cubeide_1.12.1/plugins/com.st.stm32cube.ide.mcu.externaltools.gnu-tools-for-stm32.10.3-2021.10.linux64_1.0.200.202301161003/tools/bin/../lib/gcc/arm-none-eabi/10.3.1/../../../../arm-none-eabi/lib/thumb/v7e-m+fp/hard/libnosys.a
END GROUP
START GROUP
LOAD /opt/st/stm32cubeide_1.12.1/plugins/com.st.stm32cube.ide.mcu.externaltools.gnu-tools-for-stm32.10.3-2021.10.linux64_1.0.200.202301161003/tools/bin/../lib/gcc/arm-none-eabi/10.3.1/thumb/v7e-m+fp/hard/libgcc.a
LOAD /opt/st/stm32cubeide_1.12.1/plugins/com.st.stm32cube.ide.mcu.externaltools.gnu-tools-for-stm32.10.3-2021.10.linux64_1.0.200.202301161003/tools/bin/../lib/gcc/arm-none-eabi/10.3.1/../../../../arm-none-eabi/lib/thumb/v7e-m+fp/hard/libc_nano.a
LOAD /opt/st/stm32cubeide_1.12.1/plugins/com.st.stm32cube.ide.mcu.externaltools.gnu-tools-for-stm32.10.3-2021.10.linux64_1.0.200.202301161003/tools/bin/../lib/gcc/arm-none-eabi/10.3.1/../../../../arm-none-eabi/lib/thumb/v7e-m+fp/hard/libnosys.a
END GROUP
LOAD /opt/st/stm32cubeide_1.12.1/plugins/com.st.stm32cube.ide.mcu.externaltools.gnu-tools-for-stm32.10.3-2021.10.linux64_1.0.200.202301161003/tools/bin/../lib/gcc/arm-none-eabi/10.3.1/thumb/v7e-m+fp/hard/crtend.o
LOAD /opt/st/stm32cubeide_1.12.1/plugins/com.st.stm32cube.ide.mcu.externaltools.gnu-tools-for-stm32.10.3-2021.10.linux64_1.0.200.202301161003/tools/bin/../lib/gcc/arm-none-eabi/10.3.1/thumb/v7e-m+fp/hard/crtn.o
                0x0000000020020000                _estack = (ORIGIN (RAM) + LENGTH (RAM))
                0x0000000000000200                _Min_Heap_Size = 0x200
                0x0000000000000400                _Min_Stack_Size = 0x400

.isr_vector     0x0000000008000000      0x1d8
                0x0000000008000000                . = ALIGN (0x4)
 *(.isr_vector)
 .isr_vector    0x0000000008000000      0x1d8 ./Core/Startup/startup_stm32g474retx.o
                0x0000000008000000                g_pfnVectors
                0x00000000080001d8                . = ALIGN (0x4)

.text           0x00000000080001d8     0x5904
                0x00000000080001d8                . = ALIGN (0x4)
 *(.text)
 .text          0x00000000080001d8       0x40 /opt/st/stm32cubeide_1.12.1/plugins/com.st.stm32cube.ide.mcu.externaltools.gnu-tools-for-stm32.10.3-2021.10.linux64_1.0.200.202301161003/tools/bin/../lib/gcc/arm-none-eabi/10.3.1/thumb/v7e-m+fp/hard/crtbegin.o
 .text          0x0000000008000218       0x30 /opt/st/stm32cubeide_1.12.1/plugins/com.st.stm32cube.ide.mcu.externaltools.gnu-tools-for-stm32.10.3-2021.10.linux64_1.0.200.202301161003/tools/bin/../lib/gcc/arm-none-eabi/10.3.1/thumb/v7e-m+fp/hard/libgcc.a(_aeabi_uldivmod.o)
                0x0000000008000218                __aeabi_uldivmod
 .text          0x0000000008000248      0x2d0 /opt/st/stm32cubeide_1.12.1/plugins/com.st.stm32cube.ide.mcu.externaltools.gnu-tools-for-stm32.10.3-2021.10.linux64_1.0.200.202301161003/tools/bin/../lib/gcc/arm-none-eabi/10.3.1/thumb/v7e-m+fp/hard/libgcc.a(_udivmoddi4.o)
                0x0000000008000248                __udivmoddi4
 .text          0x0000000008000518        0x4 /opt/st/stm32cubeide_1.12.1/plugins/com.st.stm32cube.ide.mcu.externaltools.gnu-tools-for-stm32.10.3-2021.10.linux64_1.0.200.202301161003/tools/bin/../lib/gcc/arm-none-eabi/10.3.1/thumb/v7e-m+fp/hard/libgcc.a(_dvmd_tls.o)
                0x0000000008000518                __aeabi_ldiv0
                0x0000000008000518                __aeabi_idiv0
 *(.text*)
 .text.main     0x000000000800051c       0x80 ./Core/Src/main.o
                0x000000000800051c                main
 .text.SystemClock_Config
                0x000000000800059c       0x96 ./Core/Src/main.o
                0x000000000800059c                SystemClock_Config
 *fill*         0x0000000008000632        0x2 
 .text.MX_I2S2_Init
                0x0000000008000634       0x50 ./Core/Src/main.o
 .text.MX_I2S3_Init
                0x0000000008000684       0x50 ./Core/Src/main.o
 .text.MX_LPUART1_UART_Init
                0x00000000080006d4       0x94 ./Core/Src/main.o
 .text.MX_TIM16_Init
                0x0000000008000768       0x50 ./Core/Src/main.o
 .text.MX_DMA_Init
                0x00000000080007b8       0x74 ./Core/Src/main.o
 .text.MX_GPIO_Init
                0x000000000800082c      0x120 ./Core/Src/main.o
 .text.HAL_TIM_PeriodElapsedCallback
                0x000000000800094c       0x14 ./Core/Src/main.o
                0x000000000800094c                HAL_TIM_PeriodElapsedCallback
 .text.HAL_GPIO_EXTI_Callback
                0x0000000008000960       0x54 ./Core/Src/main.o
                0x0000000008000960                HAL_GPIO_EXTI_Callback
 .text.shifter  0x00000000080009b4      0x214 ./Core/Src/main.o
                0x00000000080009b4                shifter
 .text.HAL_I2S_RxHalfCpltCallback
                0x0000000008000bc8       0x50 ./Core/Src/main.o
                0x0000000008000bc8                HAL_I2S_RxHalfCpltCallback
 .text.HAL_I2S_RxCpltCallback
                0x0000000008000c18       0x50 ./Core/Src/main.o
                0x0000000008000c18                HAL_I2S_RxCpltCallback
 .text.Error_Handler
                0x0000000008000c68        0xa ./Core/Src/main.o
                0x0000000008000c68                Error_Handler
 *fill*         0x0000000008000c72        0x2 
 .text.HAL_MspInit
                0x0000000008000c74       0x48 ./Core/Src/stm32g4xx_hal_msp.o
                0x0000000008000c74                HAL_MspInit
 .text.HAL_I2S_MspInit
                0x0000000008000cbc      0x23c ./Core/Src/stm32g4xx_hal_msp.o
                0x0000000008000cbc                HAL_I2S_MspInit
 .text.HAL_UART_MspInit
                0x0000000008000ef8      0x118 ./Core/Src/stm32g4xx_hal_msp.o
                0x0000000008000ef8                HAL_UART_MspInit
 .text.HAL_TIM_Base_MspInit
                0x0000000008001010       0x4c ./Core/Src/stm32g4xx_hal_msp.o
                0x0000000008001010                HAL_TIM_Base_MspInit
 .text.NMI_Handler
                0x000000000800105c        0x6 ./Core/Src/stm32g4xx_it.o
                0x000000000800105c                NMI_Handler
 .text.HardFault_Handler
                0x0000000008001062        0x6 ./Core/Src/stm32g4xx_it.o
                0x0000000008001062                HardFault_Handler
 .text.MemManage_Handler
                0x0000000008001068        0x6 ./Core/Src/stm32g4xx_it.o
                0x0000000008001068                MemManage_Handler
 .text.BusFault_Handler
                0x000000000800106e        0x6 ./Core/Src/stm32g4xx_it.o
                0x000000000800106e                BusFault_Handler
 .text.UsageFault_Handler
                0x0000000008001074        0x6 ./Core/Src/stm32g4xx_it.o
                0x0000000008001074                UsageFault_Handler
 .text.SVC_Handler
                0x000000000800107a        0xe ./Core/Src/stm32g4xx_it.o
                0x000000000800107a                SVC_Handler
 .text.DebugMon_Handler
                0x0000000008001088        0xe ./Core/Src/stm32g4xx_it.o
                0x0000000008001088                DebugMon_Handler
 .text.PendSV_Handler
                0x0000000008001096        0xe ./Core/Src/stm32g4xx_it.o
                0x0000000008001096                PendSV_Handler
 .text.SysTick_Handler
                0x00000000080010a4        0xc ./Core/Src/stm32g4xx_it.o
                0x00000000080010a4                SysTick_Handler
 .text.DMA1_Channel1_IRQHandler
                0x00000000080010b0       0x14 ./Core/Src/stm32g4xx_it.o
                0x00000000080010b0                DMA1_Channel1_IRQHandler
 .text.DMA1_Channel2_IRQHandler
                0x00000000080010c4       0x14 ./Core/Src/stm32g4xx_it.o
                0x00000000080010c4                DMA1_Channel2_IRQHandler
 .text.DMA1_Channel3_IRQHandler
                0x00000000080010d8       0x14 ./Core/Src/stm32g4xx_it.o
                0x00000000080010d8                DMA1_Channel3_IRQHandler
 .text.TIM1_UP_TIM16_IRQHandler
                0x00000000080010ec       0x14 ./Core/Src/stm32g4xx_it.o
                0x00000000080010ec                TIM1_UP_TIM16_IRQHandler
 .text.EXTI15_10_IRQHandler
                0x0000000008001100       0x18 ./Core/Src/stm32g4xx_it.o
                0x0000000008001100                EXTI15_10_IRQHandler
 .text.LPUART1_IRQHandler
                0x0000000008001118       0x14 ./Core/Src/stm32g4xx_it.o
                0x0000000008001118                LPUART1_IRQHandler
 .text.SystemInit
                0x000000000800112c       0x24 ./Core/Src/system_stm32g4xx.o
                0x000000000800112c                SystemInit
 .text.Reset_Handler
                0x0000000008001150       0x50 ./Core/Startup/startup_stm32g474retx.o
                0x0000000008001150                Reset_Handler
 .text.Default_Handler
                0x00000000080011a0        0x2 ./Core/Startup/startup_stm32g474retx.o
                0x00000000080011a0                RTC_Alarm_IRQHandler
                0x00000000080011a0                EXTI2_IRQHandler
                0x00000000080011a0                TIM8_TRG_COM_IRQHandler
                0x00000000080011a0                TIM8_CC_IRQHandler
                0x00000000080011a0                HRTIM1_Master_IRQHandler
                0x00000000080011a0                SPI4_IRQHandler
                0x00000000080011a0                FDCAN3_IT0_IRQHandler
                0x00000000080011a0                TIM1_CC_IRQHandler
                0x00000000080011a0                HRTIM1_FLT_IRQHandler
                0x00000000080011a0                HRTIM1_TIMF_IRQHandler
                0x00000000080011a0                USB_HP_IRQHandler
                0x00000000080011a0                CORDIC_IRQHandler
                0x00000000080011a0                HRTIM1_TIMD_IRQHandler
                0x00000000080011a0                DMA2_Channel8_IRQHandler
                0x00000000080011a0                EXTI3_IRQHandler
                0x00000000080011a0                I2C3_ER_IRQHandler
                0x00000000080011a0                EXTI0_IRQHandler
                0x00000000080011a0                I2C2_EV_IRQHandler
                0x00000000080011a0                FPU_IRQHandler
                0x00000000080011a0                FDCAN1_IT1_IRQHandler
                0x00000000080011a0                ADC1_2_IRQHandler
                0x00000000080011a0                HRTIM1_TIME_IRQHandler
                0x00000000080011a0                SPI1_IRQHandler
                0x00000000080011a0                TIM6_DAC_IRQHandler
                0x00000000080011a0                HRTIM1_TIMC_IRQHandler
                0x00000000080011a0                TIM8_UP_IRQHandler
                0x00000000080011a0                DMA2_Channel2_IRQHandler
                0x00000000080011a0                DMA1_Channel4_IRQHandler
                0x00000000080011a0                TIM20_TRG_COM_IRQHandler
                0x00000000080011a0                USART3_IRQHandler
                0x00000000080011a0                DMA1_Channel7_IRQHandler
                0x00000000080011a0                UART5_IRQHandler
                0x00000000080011a0                ADC3_IRQHandler
                0x00000000080011a0                TIM4_IRQHandler
                0x00000000080011a0                DMA2_Channel1_IRQHandler
                0x00000000080011a0                QUADSPI_IRQHandler
                0x00000000080011a0                I2C1_EV_IRQHandler
                0x00000000080011a0                DMA1_Channel6_IRQHandler
                0x00000000080011a0                UART4_IRQHandler
                0x00000000080011a0                DMA2_Channel4_IRQHandler
                0x00000000080011a0                TIM3_IRQHandler
                0x00000000080011a0                RCC_IRQHandler
                0x00000000080011a0                TIM20_UP_IRQHandler
                0x00000000080011a0                Default_Handler
                0x00000000080011a0                DMA2_Channel7_IRQHandler
                0x00000000080011a0                RTC_TAMP_LSECSS_IRQHandler
                0x00000000080011a0                FMAC_IRQHandler
                0x00000000080011a0                DMA1_Channel8_IRQHandler
                0x00000000080011a0                HRTIM1_TIMA_IRQHandler
                0x00000000080011a0                TIM7_DAC_IRQHandler
                0x00000000080011a0                FDCAN3_IT1_IRQHandler
                0x00000000080011a0                TIM5_IRQHandler
                0x00000000080011a0                UCPD1_IRQHandler
                0x00000000080011a0                I2C3_EV_IRQHandler
                0x00000000080011a0                EXTI9_5_IRQHandler
                0x00000000080011a0                RTC_WKUP_IRQHandler
                0x00000000080011a0                PVD_PVM_IRQHandler
                0x00000000080011a0                SPI2_IRQHandler
                0x00000000080011a0                ADC5_IRQHandler
                0x00000000080011a0                DMA2_Channel5_IRQHandler
                0x00000000080011a0                CRS_IRQHandler
                0x00000000080011a0                DMA1_Channel5_IRQHandler
                0x00000000080011a0                USB_LP_IRQHandler
                0x00000000080011a0                EXTI4_IRQHandler
                0x00000000080011a0                RNG_IRQHandler
                0x00000000080011a0                HRTIM1_TIMB_IRQHandler
                0x00000000080011a0                TIM1_TRG_COM_TIM17_IRQHandler
                0x00000000080011a0                FDCAN2_IT1_IRQHandler
                0x00000000080011a0                ADC4_IRQHandler
                0x00000000080011a0                WWDG_IRQHandler
                0x00000000080011a0                I2C4_EV_IRQHandler
                0x00000000080011a0                FDCAN2_IT0_IRQHandler
                0x00000000080011a0                DMA2_Channel6_IRQHandler
                0x00000000080011a0                FDCAN1_IT0_IRQHandler
                0x00000000080011a0                TIM2_IRQHandler
                0x00000000080011a0                COMP7_IRQHandler
                0x00000000080011a0                COMP1_2_3_IRQHandler
                0x00000000080011a0                EXTI1_IRQHandler
                0x00000000080011a0                USART2_IRQHandler
                0x00000000080011a0                COMP4_5_6_IRQHandler
                0x00000000080011a0                TIM20_BRK_IRQHandler
                0x00000000080011a0                I2C2_ER_IRQHandler
                0x00000000080011a0                TIM8_BRK_IRQHandler
                0x00000000080011a0                FLASH_IRQHandler
                0x00000000080011a0                TIM20_CC_IRQHandler
                0x00000000080011a0                USART1_IRQHandler
                0x00000000080011a0                SPI3_IRQHandler
                0x00000000080011a0                I2C1_ER_IRQHandler
                0x00000000080011a0                FMC_IRQHandler
                0x00000000080011a0                LPTIM1_IRQHandler
                0x00000000080011a0                DMAMUX_OVR_IRQHandler
                0x00000000080011a0                I2C4_ER_IRQHandler
                0x00000000080011a0                USBWakeUp_IRQHandler
                0x00000000080011a0                SAI1_IRQHandler
                0x00000000080011a0                DMA2_Channel3_IRQHandler
                0x00000000080011a0                TIM1_BRK_TIM15_IRQHandler
 .text.HAL_Init
                0x00000000080011a2       0x30 ./Drivers/STM32G4xx_HAL_Driver/Src/stm32g4xx_hal.o
                0x00000000080011a2                HAL_Init
 *fill*         0x00000000080011d2        0x2 
 .text.HAL_InitTick
                0x00000000080011d4       0x74 ./Drivers/STM32G4xx_HAL_Driver/Src/stm32g4xx_hal.o
                0x00000000080011d4                HAL_InitTick
 .text.HAL_IncTick
                0x0000000008001248       0x24 ./Drivers/STM32G4xx_HAL_Driver/Src/stm32g4xx_hal.o
                0x0000000008001248                HAL_IncTick
 .text.HAL_GetTick
                0x000000000800126c       0x18 ./Drivers/STM32G4xx_HAL_Driver/Src/stm32g4xx_hal.o
                0x000000000800126c                HAL_GetTick
 .text.__NVIC_SetPriorityGrouping
                0x0000000008001284       0x48 ./Drivers/STM32G4xx_HAL_Driver/Src/stm32g4xx_hal_cortex.o
 .text.__NVIC_GetPriorityGrouping
                0x00000000080012cc       0x1c ./Drivers/STM32G4xx_HAL_Driver/Src/stm32g4xx_hal_cortex.o
 .text.__NVIC_EnableIRQ
                0x00000000080012e8       0x3c ./Drivers/STM32G4xx_HAL_Driver/Src/stm32g4xx_hal_cortex.o
 .text.__NVIC_SetPriority
                0x0000000008001324       0x54 ./Drivers/STM32G4xx_HAL_Driver/Src/stm32g4xx_hal_cortex.o
 .text.NVIC_EncodePriority
                0x0000000008001378       0x66 ./Drivers/STM32G4xx_HAL_Driver/Src/stm32g4xx_hal_cortex.o
 *fill*         0x00000000080013de        0x2 
 .text.SysTick_Config
                0x00000000080013e0       0x44 ./Drivers/STM32G4xx_HAL_Driver/Src/stm32g4xx_hal_cortex.o
 .text.HAL_NVIC_SetPriorityGrouping
                0x0000000008001424       0x16 ./Drivers/STM32G4xx_HAL_Driver/Src/stm32g4xx_hal_cortex.o
                0x0000000008001424                HAL_NVIC_SetPriorityGrouping
 .text.HAL_NVIC_SetPriority
                0x000000000800143a       0x34 ./Drivers/STM32G4xx_HAL_Driver/Src/stm32g4xx_hal_cortex.o
                0x000000000800143a                HAL_NVIC_SetPriority
 .text.HAL_NVIC_EnableIRQ
                0x000000000800146e       0x1c ./Drivers/STM32G4xx_HAL_Driver/Src/stm32g4xx_hal_cortex.o
                0x000000000800146e                HAL_NVIC_EnableIRQ
 .text.HAL_SYSTICK_Config
                0x000000000800148a       0x18 ./Drivers/STM32G4xx_HAL_Driver/Src/stm32g4xx_hal_cortex.o
                0x000000000800148a                HAL_SYSTICK_Config
 *fill*         0x00000000080014a2        0x2 
 .text.HAL_DMA_Init
                0x00000000080014a4      0x150 ./Drivers/STM32G4xx_HAL_Driver/Src/stm32g4xx_hal_dma.o
                0x00000000080014a4                HAL_DMA_Init
 .text.HAL_DMA_Start_IT
                0x00000000080015f4       0xf6 ./Drivers/STM32G4xx_HAL_Driver/Src/stm32g4xx_hal_dma.o
                0x00000000080015f4                HAL_DMA_Start_IT
 .text.HAL_DMA_Abort
                0x00000000080016ea       0xb2 ./Drivers/STM32G4xx_HAL_Driver/Src/stm32g4xx_hal_dma.o
                0x00000000080016ea                HAL_DMA_Abort
 .text.HAL_DMA_Abort_IT
                0x000000000800179c       0xce ./Drivers/STM32G4xx_HAL_Driver/Src/stm32g4xx_hal_dma.o
                0x000000000800179c                HAL_DMA_Abort_IT
 .text.HAL_DMA_IRQHandler
                0x000000000800186a      0x15e ./Drivers/STM32G4xx_HAL_Driver/Src/stm32g4xx_hal_dma.o
                0x000000000800186a                HAL_DMA_IRQHandler
 .text.DMA_SetConfig
                0x00000000080019c8       0x7c ./Drivers/STM32G4xx_HAL_Driver/Src/stm32g4xx_hal_dma.o
 .text.DMA_CalcDMAMUXChannelBaseAndMask
                0x0000000008001a44       0x7c ./Drivers/STM32G4xx_HAL_Driver/Src/stm32g4xx_hal_dma.o
 .text.DMA_CalcDMAMUXRequestGenBaseAndMask
                0x0000000008001ac0       0x48 ./Drivers/STM32G4xx_HAL_Driver/Src/stm32g4xx_hal_dma.o
 .text.HAL_GPIO_Init
                0x0000000008001b08      0x304 ./Drivers/STM32G4xx_HAL_Driver/Src/stm32g4xx_hal_gpio.o
                0x0000000008001b08                HAL_GPIO_Init
 .text.HAL_GPIO_WritePin
                0x0000000008001e0c       0x30 ./Drivers/STM32G4xx_HAL_Driver/Src/stm32g4xx_hal_gpio.o
                0x0000000008001e0c                HAL_GPIO_WritePin
 .text.HAL_GPIO_TogglePin
                0x0000000008001e3c       0x34 ./Drivers/STM32G4xx_HAL_Driver/Src/stm32g4xx_hal_gpio.o
                0x0000000008001e3c                HAL_GPIO_TogglePin
 .text.HAL_GPIO_EXTI_IRQHandler
                0x0000000008001e70       0x30 ./Drivers/STM32G4xx_HAL_Driver/Src/stm32g4xx_hal_gpio.o
                0x0000000008001e70                HAL_GPIO_EXTI_IRQHandler
 .text.HAL_I2S_Init
                0x0000000008001ea0      0x1c0 ./Drivers/STM32G4xx_HAL_Driver/Src/stm32g4xx_hal_i2s.o
                0x0000000008001ea0                HAL_I2S_Init
 .text.HAL_I2S_Transmit_DMA
                0x0000000008002060      0x150 ./Drivers/STM32G4xx_HAL_Driver/Src/stm32g4xx_hal_i2s.o
                0x0000000008002060                HAL_I2S_Transmit_DMA
 .text.HAL_I2S_Receive_DMA
                0x00000000080021b0      0x178 ./Drivers/STM32G4xx_HAL_Driver/Src/stm32g4xx_hal_i2s.o
                0x00000000080021b0                HAL_I2S_Receive_DMA
 .text.HAL_I2S_TxHalfCpltCallback
                0x0000000008002328       0x14 ./Drivers/STM32G4xx_HAL_Driver/Src/stm32g4xx_hal_i2s.o
                0x0000000008002328                HAL_I2S_TxHalfCpltCallback
 .text.HAL_I2S_TxCpltCallback
                0x000000000800233c       0x14 ./Drivers/STM32G4xx_HAL_Driver/Src/stm32g4xx_hal_i2s.o
                0x000000000800233c                HAL_I2S_TxCpltCallback
 .text.HAL_I2S_ErrorCallback
                0x0000000008002350       0x14 ./Drivers/STM32G4xx_HAL_Driver/Src/stm32g4xx_hal_i2s.o
                0x0000000008002350                HAL_I2S_ErrorCallback
 .text.I2S_DMATxCplt
                0x0000000008002364       0x42 ./Drivers/STM32G4xx_HAL_Driver/Src/stm32g4xx_hal_i2s.o
 .text.I2S_DMATxHalfCplt
                0x00000000080023a6       0x1c ./Drivers/STM32G4xx_HAL_Driver/Src/stm32g4xx_hal_i2s.o
 .text.I2S_DMARxCplt
                0x00000000080023c2       0x42 ./Drivers/STM32G4xx_HAL_Driver/Src/stm32g4xx_hal_i2s.o
 .text.I2S_DMARxHalfCplt
                0x0000000008002404       0x1c ./Drivers/STM32G4xx_HAL_Driver/Src/stm32g4xx_hal_i2s.o
 .text.I2S_DMAError
                0x0000000008002420       0x4c ./Drivers/STM32G4xx_HAL_Driver/Src/stm32g4xx_hal_i2s.o
 .text.HAL_PWREx_ControlVoltageScaling
                0x000000000800246c      0x148 ./Drivers/STM32G4xx_HAL_Driver/Src/stm32g4xx_hal_pwr_ex.o
                0x000000000800246c                HAL_PWREx_ControlVoltageScaling
 .text.HAL_PWREx_DisableUCPDDeadBattery
                0x00000000080025b4       0x20 ./Drivers/STM32G4xx_HAL_Driver/Src/stm32g4xx_hal_pwr_ex.o
                0x00000000080025b4                HAL_PWREx_DisableUCPDDeadBattery
 .text.HAL_RCC_OscConfig
                0x00000000080025d4      0x630 ./Drivers/STM32G4xx_HAL_Driver/Src/stm32g4xx_hal_rcc.o
                0x00000000080025d4                HAL_RCC_OscConfig
 .text.HAL_RCC_ClockConfig
                0x0000000008002c04      0x278 ./Drivers/STM32G4xx_HAL_Driver/Src/stm32g4xx_hal_rcc.o
                0x0000000008002c04                HAL_RCC_ClockConfig
 .text.HAL_RCC_GetSysClockFreq
                0x0000000008002e7c       0xc4 ./Drivers/STM32G4xx_HAL_Driver/Src/stm32g4xx_hal_rcc.o
                0x0000000008002e7c                HAL_RCC_GetSysClockFreq
 .text.HAL_RCC_GetHCLKFreq
                0x0000000008002f40       0x18 ./Drivers/STM32G4xx_HAL_Driver/Src/stm32g4xx_hal_rcc.o
                0x0000000008002f40                HAL_RCC_GetHCLKFreq
 .text.HAL_RCC_GetPCLK1Freq
                0x0000000008002f58       0x2c ./Drivers/STM32G4xx_HAL_Driver/Src/stm32g4xx_hal_rcc.o
                0x0000000008002f58                HAL_RCC_GetPCLK1Freq
 .text.HAL_RCC_GetPCLK2Freq
                0x0000000008002f84       0x2c ./Drivers/STM32G4xx_HAL_Driver/Src/stm32g4xx_hal_rcc.o
                0x0000000008002f84                HAL_RCC_GetPCLK2Freq
 .text.RCC_GetSysClockFreqFromPLLSource
                0x0000000008002fb0       0x8c ./Drivers/STM32G4xx_HAL_Driver/Src/stm32g4xx_hal_rcc.o
 .text.HAL_RCCEx_PeriphCLKConfig
                0x000000000800303c      0x49c ./Drivers/STM32G4xx_HAL_Driver/Src/stm32g4xx_hal_rcc_ex.o
                0x000000000800303c                HAL_RCCEx_PeriphCLKConfig
 .text.HAL_RCCEx_GetPeriphCLKFreq
                0x00000000080034d8      0xa7c ./Drivers/STM32G4xx_HAL_Driver/Src/stm32g4xx_hal_rcc_ex.o
                0x00000000080034d8                HAL_RCCEx_GetPeriphCLKFreq
 .text.HAL_TIM_Base_Init
                0x0000000008003f54       0xae ./Drivers/STM32G4xx_HAL_Driver/Src/stm32g4xx_hal_tim.o
                0x0000000008003f54                HAL_TIM_Base_Init
 *fill*         0x0000000008004002        0x2 
 .text.HAL_TIM_Base_Start_IT
                0x0000000008004004       0xf0 ./Drivers/STM32G4xx_HAL_Driver/Src/stm32g4xx_hal_tim.o
                0x0000000008004004                HAL_TIM_Base_Start_IT
 .text.HAL_TIM_IRQHandler
                0x00000000080040f4      0x2fe ./Drivers/STM32G4xx_HAL_Driver/Src/stm32g4xx_hal_tim.o
                0x00000000080040f4                HAL_TIM_IRQHandler
 .text.HAL_TIM_OC_DelayElapsedCallback
                0x00000000080043f2       0x14 ./Drivers/STM32G4xx_HAL_Driver/Src/stm32g4xx_hal_tim.o
                0x00000000080043f2                HAL_TIM_OC_DelayElapsedCallback
 .text.HAL_TIM_IC_CaptureCallback
                0x0000000008004406       0x14 ./Drivers/STM32G4xx_HAL_Driver/Src/stm32g4xx_hal_tim.o
                0x0000000008004406                HAL_TIM_IC_CaptureCallback
 .text.HAL_TIM_PWM_PulseFinishedCallback
                0x000000000800441a       0x14 ./Drivers/STM32G4xx_HAL_Driver/Src/stm32g4xx_hal_tim.o
                0x000000000800441a                HAL_TIM_PWM_PulseFinishedCallback
 .text.HAL_TIM_TriggerCallback
                0x000000000800442e       0x14 ./Drivers/STM32G4xx_HAL_Driver/Src/stm32g4xx_hal_tim.o
                0x000000000800442e                HAL_TIM_TriggerCallback
 *fill*         0x0000000008004442        0x2 
 .text.TIM_Base_SetConfig
                0x0000000008004444      0x150 ./Drivers/STM32G4xx_HAL_Driver/Src/stm32g4xx_hal_tim.o
                0x0000000008004444                TIM_Base_SetConfig
 .text.HAL_TIMEx_CommutCallback
                0x0000000008004594       0x14 ./Drivers/STM32G4xx_HAL_Driver/Src/stm32g4xx_hal_tim_ex.o
                0x0000000008004594                HAL_TIMEx_CommutCallback
 .text.HAL_TIMEx_BreakCallback
                0x00000000080045a8       0x14 ./Drivers/STM32G4xx_HAL_Driver/Src/stm32g4xx_hal_tim_ex.o
                0x00000000080045a8                HAL_TIMEx_BreakCallback
 .text.HAL_TIMEx_Break2Callback
                0x00000000080045bc       0x14 ./Drivers/STM32G4xx_HAL_Driver/Src/stm32g4xx_hal_tim_ex.o
                0x00000000080045bc                HAL_TIMEx_Break2Callback
 .text.HAL_TIMEx_EncoderIndexCallback
                0x00000000080045d0       0x14 ./Drivers/STM32G4xx_HAL_Driver/Src/stm32g4xx_hal_tim_ex.o
                0x00000000080045d0                HAL_TIMEx_EncoderIndexCallback
 .text.HAL_TIMEx_DirectionChangeCallback
                0x00000000080045e4       0x14 ./Drivers/STM32G4xx_HAL_Driver/Src/stm32g4xx_hal_tim_ex.o
                0x00000000080045e4                HAL_TIMEx_DirectionChangeCallback
 .text.HAL_TIMEx_IndexErrorCallback
                0x00000000080045f8       0x14 ./Drivers/STM32G4xx_HAL_Driver/Src/stm32g4xx_hal_tim_ex.o
                0x00000000080045f8                HAL_TIMEx_IndexErrorCallback
 .text.HAL_TIMEx_TransitionErrorCallback
                0x000000000800460c       0x14 ./Drivers/STM32G4xx_HAL_Driver/Src/stm32g4xx_hal_tim_ex.o
                0x000000000800460c                HAL_TIMEx_TransitionErrorCallback
 .text.HAL_UART_Init
                0x0000000008004620       0xa0 ./Drivers/STM32G4xx_HAL_Driver/Src/stm32g4xx_hal_uart.o
                0x0000000008004620                HAL_UART_Init
 .text.HAL_UART_IRQHandler
                0x00000000080046c0      0x630 ./Drivers/STM32G4xx_HAL_Driver/Src/stm32g4xx_hal_uart.o
                0x00000000080046c0                HAL_UART_IRQHandler
 .text.HAL_UART_TxCpltCallback
                0x0000000008004cf0       0x14 ./Drivers/STM32G4xx_HAL_Driver/Src/stm32g4xx_hal_uart.o
                0x0000000008004cf0                HAL_UART_TxCpltCallback
 .text.HAL_UART_ErrorCallback
                0x0000000008004d04       0x14 ./Drivers/STM32G4xx_HAL_Driver/Src/stm32g4xx_hal_uart.o
                0x0000000008004d04                HAL_UART_ErrorCallback
 .text.HAL_UARTEx_RxEventCallback
                0x0000000008004d18       0x18 ./Drivers/STM32G4xx_HAL_Driver/Src/stm32g4xx_hal_uart.o
                0x0000000008004d18                HAL_UARTEx_RxEventCallback
 .text.UART_SetConfig
                0x0000000008004d30      0x5f8 ./Drivers/STM32G4xx_HAL_Driver/Src/stm32g4xx_hal_uart.o
                0x0000000008004d30                UART_SetConfig
 .text.UART_AdvFeatureConfig
                0x0000000008005328      0x144 ./Drivers/STM32G4xx_HAL_Driver/Src/stm32g4xx_hal_uart.o
                0x0000000008005328                UART_AdvFeatureConfig
 .text.UART_CheckIdleState
                0x000000000800546c       0x96 ./Drivers/STM32G4xx_HAL_Driver/Src/stm32g4xx_hal_uart.o
                0x000000000800546c                UART_CheckIdleState
 .text.UART_WaitOnFlagUntilTimeout
                0x0000000008005502      0x190 ./Drivers/STM32G4xx_HAL_Driver/Src/stm32g4xx_hal_uart.o
                0x0000000008005502                UART_WaitOnFlagUntilTimeout
 .text.UART_EndRxTransfer
                0x0000000008005692       0xcc ./Drivers/STM32G4xx_HAL_Driver/Src/stm32g4xx_hal_uart.o
 .text.UART_DMAAbortOnError
                0x000000000800575e       0x2c ./Drivers/STM32G4xx_HAL_Driver/Src/stm32g4xx_hal_uart.o
 .text.UART_EndTransmit_IT
                0x000000000800578a       0x56 ./Drivers/STM32G4xx_HAL_Driver/Src/stm32g4xx_hal_uart.o
 .text.HAL_UARTEx_WakeupCallback
                0x00000000080057e0       0x14 ./Drivers/STM32G4xx_HAL_Driver/Src/stm32g4xx_hal_uart_ex.o
                0x00000000080057e0                HAL_UARTEx_WakeupCallback
 .text.HAL_UARTEx_RxFifoFullCallback
                0x00000000080057f4       0x14 ./Drivers/STM32G4xx_HAL_Driver/Src/stm32g4xx_hal_uart_ex.o
                0x00000000080057f4                HAL_UARTEx_RxFifoFullCallback
 .text.HAL_UARTEx_TxFifoEmptyCallback
                0x0000000008005808       0x14 ./Drivers/STM32G4xx_HAL_Driver/Src/stm32g4xx_hal_uart_ex.o
                0x0000000008005808                HAL_UARTEx_TxFifoEmptyCallback
 .text.HAL_UARTEx_DisableFifoMode
                0x000000000800581c       0x72 ./Drivers/STM32G4xx_HAL_Driver/Src/stm32g4xx_hal_uart_ex.o
                0x000000000800581c                HAL_UARTEx_DisableFifoMode
 .text.HAL_UARTEx_SetTxFifoThreshold
                0x000000000800588e       0x7c ./Drivers/STM32G4xx_HAL_Driver/Src/stm32g4xx_hal_uart_ex.o
                0x000000000800588e                HAL_UARTEx_SetTxFifoThreshold
 .text.HAL_UARTEx_SetRxFifoThreshold
                0x000000000800590a       0x7c ./Drivers/STM32G4xx_HAL_Driver/Src/stm32g4xx_hal_uart_ex.o
                0x000000000800590a                HAL_UARTEx_SetRxFifoThreshold
 *fill*         0x0000000008005986        0x2 
 .text.UARTEx_SetNbDataToProcess
                0x0000000008005988       0x9c ./Drivers/STM32G4xx_HAL_Driver/Src/stm32g4xx_hal_uart_ex.o
 .text.__libc_init_array
                0x0000000008005a24       0x48 /opt/st/stm32cubeide_1.12.1/plugins/com.st.stm32cube.ide.mcu.externaltools.gnu-tools-for-stm32.10.3-2021.10.linux64_1.0.200.202301161003/tools/bin/../lib/gcc/arm-none-eabi/10.3.1/../../../../arm-none-eabi/lib/thumb/v7e-m+fp/hard/libc_nano.a(lib_a-init.o)
                0x0000000008005a24                __libc_init_array
 .text.memset   0x0000000008005a6c       0x10 /opt/st/stm32cubeide_1.12.1/plugins/com.st.stm32cube.ide.mcu.externaltools.gnu-tools-for-stm32.10.3-2021.10.linux64_1.0.200.202301161003/tools/bin/../lib/gcc/arm-none-eabi/10.3.1/../../../../arm-none-eabi/lib/thumb/v7e-m+fp/hard/libc_nano.a(lib_a-memset.o)
                0x0000000008005a6c                memset
 .text.roundf   0x0000000008005a7c       0x48 /opt/st/stm32cubeide_1.12.1/plugins/com.st.stm32cube.ide.mcu.externaltools.gnu-tools-for-stm32.10.3-2021.10.linux64_1.0.200.202301161003/tools/bin/../lib/gcc/arm-none-eabi/10.3.1/../../../../arm-none-eabi/lib/thumb/v7e-m+fp/hard/libm.a(lib_a-sf_round.o)
                0x0000000008005a7c                roundf
 *(.glue_7)
 .glue_7        0x0000000008005ac4        0x0 linker stubs
 *(.glue_7t)
 .glue_7t       0x0000000008005ac4        0x0 linker stubs
 *(.eh_frame)
 .eh_frame      0x0000000008005ac4        0x0 /opt/st/stm32cubeide_1.12.1/plugins/com.st.stm32cube.ide.mcu.externaltools.gnu-tools-for-stm32.10.3-2021.10.linux64_1.0.200.202301161003/tools/bin/../lib/gcc/arm-none-eabi/10.3.1/thumb/v7e-m+fp/hard/crtbegin.o
 *(.init)
 .init          0x0000000008005ac4        0x4 /opt/st/stm32cubeide_1.12.1/plugins/com.st.stm32cube.ide.mcu.externaltools.gnu-tools-for-stm32.10.3-2021.10.linux64_1.0.200.202301161003/tools/bin/../lib/gcc/arm-none-eabi/10.3.1/thumb/v7e-m+fp/hard/crti.o
                0x0000000008005ac4                _init
 .init          0x0000000008005ac8        0x8 /opt/st/stm32cubeide_1.12.1/plugins/com.st.stm32cube.ide.mcu.externaltools.gnu-tools-for-stm32.10.3-2021.10.linux64_1.0.200.202301161003/tools/bin/../lib/gcc/arm-none-eabi/10.3.1/thumb/v7e-m+fp/hard/crtn.o
 *(.fini)
 .fini          0x0000000008005ad0        0x4 /opt/st/stm32cubeide_1.12.1/plugins/com.st.stm32cube.ide.mcu.externaltools.gnu-tools-for-stm32.10.3-2021.10.linux64_1.0.200.202301161003/tools/bin/../lib/gcc/arm-none-eabi/10.3.1/thumb/v7e-m+fp/hard/crti.o
                0x0000000008005ad0                _fini
 .fini          0x0000000008005ad4        0x8 /opt/st/stm32cubeide_1.12.1/plugins/com.st.stm32cube.ide.mcu.externaltools.gnu-tools-for-stm32.10.3-2021.10.linux64_1.0.200.202301161003/tools/bin/../lib/gcc/arm-none-eabi/10.3.1/thumb/v7e-m+fp/hard/crtn.o
                0x0000000008005adc                . = ALIGN (0x4)
                0x0000000008005adc                _etext = .

.vfp11_veneer   0x0000000008005adc        0x0
 .vfp11_veneer  0x0000000008005adc        0x0 linker stubs

.v4_bx          0x0000000008005adc        0x0
 .v4_bx         0x0000000008005adc        0x0 linker stubs

.iplt           0x0000000008005adc        0x0
 .iplt          0x0000000008005adc        0x0 /opt/st/stm32cubeide_1.12.1/plugins/com.st.stm32cube.ide.mcu.externaltools.gnu-tools-for-stm32.10.3-2021.10.linux64_1.0.200.202301161003/tools/bin/../lib/gcc/arm-none-eabi/10.3.1/thumb/v7e-m+fp/hard/crtbegin.o

.rodata         0x0000000008005adc       0x40
                0x0000000008005adc                . = ALIGN (0x4)
 *(.rodata)
 *(.rodata*)
 .rodata.AHBPrescTable
                0x0000000008005adc       0x10 ./Core/Src/system_stm32g4xx.o
                0x0000000008005adc                AHBPrescTable
 .rodata.APBPrescTable
                0x0000000008005aec        0x8 ./Core/Src/system_stm32g4xx.o
                0x0000000008005aec                APBPrescTable
 .rodata.UARTPrescTable
                0x0000000008005af4       0x18 ./Drivers/STM32G4xx_HAL_Driver/Src/stm32g4xx_hal_uart.o
                0x0000000008005af4                UARTPrescTable
 .rodata.numerator.1
                0x0000000008005b0c        0x8 ./Drivers/STM32G4xx_HAL_Driver/Src/stm32g4xx_hal_uart_ex.o
 .rodata.denominator.0
                0x0000000008005b14        0x8 ./Drivers/STM32G4xx_HAL_Driver/Src/stm32g4xx_hal_uart_ex.o
                0x0000000008005b1c                . = ALIGN (0x4)

.ARM.extab      0x0000000008005b1c        0x0
                0x0000000008005b1c                . = ALIGN (0x4)
 *(.ARM.extab* .gnu.linkonce.armextab.*)
                0x0000000008005b1c                . = ALIGN (0x4)

.ARM            0x0000000008005b1c        0x8
                0x0000000008005b1c                . = ALIGN (0x4)
                0x0000000008005b1c                __exidx_start = .
 *(.ARM.exidx*)
 .ARM.exidx     0x0000000008005b1c        0x8 /opt/st/stm32cubeide_1.12.1/plugins/com.st.stm32cube.ide.mcu.externaltools.gnu-tools-for-stm32.10.3-2021.10.linux64_1.0.200.202301161003/tools/bin/../lib/gcc/arm-none-eabi/10.3.1/thumb/v7e-m+fp/hard/libgcc.a(_udivmoddi4.o)
                0x0000000008005b24                __exidx_end = .
                0x0000000008005b24                . = ALIGN (0x4)

.rel.dyn        0x0000000008005b24        0x0
 .rel.iplt      0x0000000008005b24        0x0 /opt/st/stm32cubeide_1.12.1/plugins/com.st.stm32cube.ide.mcu.externaltools.gnu-tools-for-stm32.10.3-2021.10.linux64_1.0.200.202301161003/tools/bin/../lib/gcc/arm-none-eabi/10.3.1/thumb/v7e-m+fp/hard/crtbegin.o

.preinit_array  0x0000000008005b24        0x0
                0x0000000008005b24                . = ALIGN (0x4)
                0x0000000008005b24                PROVIDE (__preinit_array_start = .)
 *(.preinit_array*)
                0x0000000008005b24                PROVIDE (__preinit_array_end = .)
                0x0000000008005b24                . = ALIGN (0x4)

.init_array     0x0000000008005b24        0x4
                0x0000000008005b24                . = ALIGN (0x4)
                0x0000000008005b24                PROVIDE (__init_array_start = .)
 *(SORT_BY_NAME(.init_array.*))
 *(.init_array*)
 .init_array    0x0000000008005b24        0x4 /opt/st/stm32cubeide_1.12.1/plugins/com.st.stm32cube.ide.mcu.externaltools.gnu-tools-for-stm32.10.3-2021.10.linux64_1.0.200.202301161003/tools/bin/../lib/gcc/arm-none-eabi/10.3.1/thumb/v7e-m+fp/hard/crtbegin.o
                0x0000000008005b28                PROVIDE (__init_array_end = .)
                0x0000000008005b28                . = ALIGN (0x4)

.fini_array     0x0000000008005b28        0x4
                0x0000000008005b28                . = ALIGN (0x4)
                [!provide]                        PROVIDE (__fini_array_start = .)
 *(SORT_BY_NAME(.fini_array.*))
 *(.fini_array*)
 .fini_array    0x0000000008005b28        0x4 /opt/st/stm32cubeide_1.12.1/plugins/com.st.stm32cube.ide.mcu.externaltools.gnu-tools-for-stm32.10.3-2021.10.linux64_1.0.200.202301161003/tools/bin/../lib/gcc/arm-none-eabi/10.3.1/thumb/v7e-m+fp/hard/crtbegin.o
                [!provide]                        PROVIDE (__fini_array_end = .)
                0x0000000008005b2c                . = ALIGN (0x4)
                0x0000000008005b2c                _sidata = LOADADDR (.data)

.data           0x0000000020000000        0xc load address 0x0000000008005b2c
                0x0000000020000000                . = ALIGN (0x4)
                0x0000000020000000                _sdata = .
 *(.data)
 *(.data*)
 .data.SystemCoreClock
                0x0000000020000000        0x4 ./Core/Src/system_stm32g4xx.o
                0x0000000020000000                SystemCoreClock
 .data.uwTickPrio
                0x0000000020000004        0x4 ./Drivers/STM32G4xx_HAL_Driver/Src/stm32g4xx_hal.o
                0x0000000020000004                uwTickPrio
 .data.uwTickFreq
                0x0000000020000008        0x4 ./Drivers/STM32G4xx_HAL_Driver/Src/stm32g4xx_hal.o
                0x0000000020000008                uwTickFreq
 *(.RamFunc)
 *(.RamFunc*)
                0x000000002000000c                . = ALIGN (0x4)
                0x000000002000000c                _edata = .

.igot.plt       0x000000002000000c        0x0 load address 0x0000000008005b38
 .igot.plt      0x000000002000000c        0x0 /opt/st/stm32cubeide_1.12.1/plugins/com.st.stm32cube.ide.mcu.externaltools.gnu-tools-for-stm32.10.3-2021.10.linux64_1.0.200.202301161003/tools/bin/../lib/gcc/arm-none-eabi/10.3.1/thumb/v7e-m+fp/hard/crtbegin.o
                0x000000002000000c                . = ALIGN (0x4)

.bss            0x000000002000000c     0x1258 load address 0x0000000008005b38
                0x000000002000000c                _sbss = .
                0x000000002000000c                __bss_start__ = _sbss
 *(.bss)
 .bss           0x000000002000000c       0x1c /opt/st/stm32cubeide_1.12.1/plugins/com.st.stm32cube.ide.mcu.externaltools.gnu-tools-for-stm32.10.3-2021.10.linux64_1.0.200.202301161003/tools/bin/../lib/gcc/arm-none-eabi/10.3.1/thumb/v7e-m+fp/hard/crtbegin.o
 *(.bss*)
 .bss.hi2s2     0x0000000020000028       0x3c ./Core/Src/main.o
                0x0000000020000028                hi2s2
 .bss.hi2s3     0x0000000020000064       0x3c ./Core/Src/main.o
                0x0000000020000064                hi2s3
 .bss.hdma_spi2_rx
                0x00000000200000a0       0x60 ./Core/Src/main.o
                0x00000000200000a0                hdma_spi2_rx
 .bss.hdma_spi3_tx
                0x0000000020000100       0x60 ./Core/Src/main.o
                0x0000000020000100                hdma_spi3_tx
 .bss.hlpuart1  0x0000000020000160       0x90 ./Core/Src/main.o
                0x0000000020000160                hlpuart1
 .bss.hdma_lpuart1_tx
                0x00000000200001f0       0x60 ./Core/Src/main.o
                0x00000000200001f0                hdma_lpuart1_tx
 .bss.htim16    0x0000000020000250       0x4c ./Core/Src/main.o
                0x0000000020000250                htim16
 .bss.button    0x000000002000029c        0x4 ./Core/Src/main.o
                0x000000002000029c                button
 .bss.buf       0x00000000200002a0      0xfa0 ./Core/Src/main.o
                0x00000000200002a0                buf
 .bss.wptr      0x0000000020001240        0x4 ./Core/Src/main.o
                0x0000000020001240                wptr
 .bss.rptr      0x0000000020001244        0x4 ./Core/Src/main.o
                0x0000000020001244                rptr
 .bss.shift     0x0000000020001248        0x4 ./Core/Src/main.o
                0x0000000020001248                shift
 .bss.crossfade
                0x000000002000124c        0x4 ./Core/Src/main.o
                0x000000002000124c                crossfade
 .bss.rxBuf     0x0000000020001250        0x8 ./Core/Src/main.o
                0x0000000020001250                rxBuf
 .bss.txBuf     0x0000000020001258        0x8 ./Core/Src/main.o
                0x0000000020001258                txBuf
 .bss.uwTick    0x0000000020001260        0x4 ./Drivers/STM32G4xx_HAL_Driver/Src/stm32g4xx_hal.o
                0x0000000020001260                uwTick
 *(COMMON)
                0x0000000020001264                . = ALIGN (0x4)
                0x0000000020001264                _ebss = .
                0x0000000020001264                __bss_end__ = _ebss

._user_heap_stack
                0x0000000020001264      0x604 load address 0x0000000008005b38
                0x0000000020001268                . = ALIGN (0x8)
 *fill*         0x0000000020001264        0x4 
                [!provide]                        PROVIDE (end = .)
                0x0000000020001268                PROVIDE (_end = .)
                0x0000000020001468                . = (. + _Min_Heap_Size)
 *fill*         0x0000000020001268      0x200 
                0x0000000020001868                . = (. + _Min_Stack_Size)
 *fill*         0x0000000020001468      0x400 
                0x0000000020001868                . = ALIGN (0x8)

/DISCARD/
 libc.a(*)
 libm.a(*)
 libgcc.a(*)

.ARM.attributes
                0x0000000000000000       0x30
 *(.ARM.attributes)
 .ARM.attributes
                0x0000000000000000       0x1e /opt/st/stm32cubeide_1.12.1/plugins/com.st.stm32cube.ide.mcu.externaltools.gnu-tools-for-stm32.10.3-2021.10.linux64_1.0.200.202301161003/tools/bin/../lib/gcc/arm-none-eabi/10.3.1/thumb/v7e-m+fp/hard/crti.o
 .ARM.attributes
                0x000000000000001e       0x34 /opt/st/stm32cubeide_1.12.1/plugins/com.st.stm32cube.ide.mcu.externaltools.gnu-tools-for-stm32.10.3-2021.10.linux64_1.0.200.202301161003/tools/bin/../lib/gcc/arm-none-eabi/10.3.1/thumb/v7e-m+fp/hard/crtbegin.o
 .ARM.attributes
                0x0000000000000052       0x34 ./Core/Src/main.o
 .ARM.attributes
                0x0000000000000086       0x34 ./Core/Src/stm32g4xx_hal_msp.o
 .ARM.attributes
                0x00000000000000ba       0x34 ./Core/Src/stm32g4xx_it.o
 .ARM.attributes
                0x00000000000000ee       0x34 ./Core/Src/system_stm32g4xx.o
 .ARM.attributes
                0x0000000000000122       0x21 ./Core/Startup/startup_stm32g474retx.o
 .ARM.attributes
                0x0000000000000143       0x34 ./Drivers/STM32G4xx_HAL_Driver/Src/stm32g4xx_hal.o
 .ARM.attributes
                0x0000000000000177       0x34 ./Drivers/STM32G4xx_HAL_Driver/Src/stm32g4xx_hal_cortex.o
 .ARM.attributes
                0x00000000000001ab       0x34 ./Drivers/STM32G4xx_HAL_Driver/Src/stm32g4xx_hal_dma.o
 .ARM.attributes
                0x00000000000001df       0x34 ./Drivers/STM32G4xx_HAL_Driver/Src/stm32g4xx_hal_gpio.o
 .ARM.attributes
                0x0000000000000213       0x34 ./Drivers/STM32G4xx_HAL_Driver/Src/stm32g4xx_hal_i2s.o
 .ARM.attributes
                0x0000000000000247       0x34 ./Drivers/STM32G4xx_HAL_Driver/Src/stm32g4xx_hal_pwr_ex.o
 .ARM.attributes
                0x000000000000027b       0x34 ./Drivers/STM32G4xx_HAL_Driver/Src/stm32g4xx_hal_rcc.o
 .ARM.attributes
                0x00000000000002af       0x34 ./Drivers/STM32G4xx_HAL_Driver/Src/stm32g4xx_hal_rcc_ex.o
 .ARM.attributes
                0x00000000000002e3       0x34 ./Drivers/STM32G4xx_HAL_Driver/Src/stm32g4xx_hal_tim.o
 .ARM.attributes
                0x0000000000000317       0x34 ./Drivers/STM32G4xx_HAL_Driver/Src/stm32g4xx_hal_tim_ex.o
 .ARM.attributes
                0x000000000000034b       0x34 ./Drivers/STM32G4xx_HAL_Driver/Src/stm32g4xx_hal_uart.o
 .ARM.attributes
                0x000000000000037f       0x34 ./Drivers/STM32G4xx_HAL_Driver/Src/stm32g4xx_hal_uart_ex.o
 .ARM.attributes
                0x00000000000003b3       0x34 /opt/st/stm32cubeide_1.12.1/plugins/com.st.stm32cube.ide.mcu.externaltools.gnu-tools-for-stm32.10.3-2021.10.linux64_1.0.200.202301161003/tools/bin/../lib/gcc/arm-none-eabi/10.3.1/../../../../arm-none-eabi/lib/thumb/v7e-m+fp/hard/libc_nano.a(lib_a-init.o)
 .ARM.attributes
                0x00000000000003e7       0x34 /opt/st/stm32cubeide_1.12.1/plugins/com.st.stm32cube.ide.mcu.externaltools.gnu-tools-for-stm32.10.3-2021.10.linux64_1.0.200.202301161003/tools/bin/../lib/gcc/arm-none-eabi/10.3.1/../../../../arm-none-eabi/lib/thumb/v7e-m+fp/hard/libc_nano.a(lib_a-memset.o)
 .ARM.attributes
                0x000000000000041b       0x34 /opt/st/stm32cubeide_1.12.1/plugins/com.st.stm32cube.ide.mcu.externaltools.gnu-tools-for-stm32.10.3-2021.10.linux64_1.0.200.202301161003/tools/bin/../lib/gcc/arm-none-eabi/10.3.1/../../../../arm-none-eabi/lib/thumb/v7e-m+fp/hard/libm.a(lib_a-sf_round.o)
 .ARM.attributes
                0x000000000000044f       0x1e /opt/st/stm32cubeide_1.12.1/plugins/com.st.stm32cube.ide.mcu.externaltools.gnu-tools-for-stm32.10.3-2021.10.linux64_1.0.200.202301161003/tools/bin/../lib/gcc/arm-none-eabi/10.3.1/thumb/v7e-m+fp/hard/libgcc.a(_aeabi_uldivmod.o)
 .ARM.attributes
                0x000000000000046d       0x34 /opt/st/stm32cubeide_1.12.1/plugins/com.st.stm32cube.ide.mcu.externaltools.gnu-tools-for-stm32.10.3-2021.10.linux64_1.0.200.202301161003/tools/bin/../lib/gcc/arm-none-eabi/10.3.1/thumb/v7e-m+fp/hard/libgcc.a(_udivmoddi4.o)
 .ARM.attributes
                0x00000000000004a1       0x1e /opt/st/stm32cubeide_1.12.1/plugins/com.st.stm32cube.ide.mcu.externaltools.gnu-tools-for-stm32.10.3-2021.10.linux64_1.0.200.202301161003/tools/bin/../lib/gcc/arm-none-eabi/10.3.1/thumb/v7e-m+fp/hard/libgcc.a(_dvmd_tls.o)
 .ARM.attributes
                0x00000000000004bf       0x1e /opt/st/stm32cubeide_1.12.1/plugins/com.st.stm32cube.ide.mcu.externaltools.gnu-tools-for-stm32.10.3-2021.10.linux64_1.0.200.202301161003/tools/bin/../lib/gcc/arm-none-eabi/10.3.1/thumb/v7e-m+fp/hard/crtn.o
OUTPUT(pitch-shift-g4.elf elf32-littlearm)
LOAD linker stubs
LOAD /opt/st/stm32cubeide_1.12.1/plugins/com.st.stm32cube.ide.mcu.externaltools.gnu-tools-for-stm32.10.3-2021.10.linux64_1.0.200.202301161003/tools/bin/../lib/gcc/arm-none-eabi/10.3.1/../../../../arm-none-eabi/lib/thumb/v7e-m+fp/hard/libc.a
LOAD /opt/st/stm32cubeide_1.12.1/plugins/com.st.stm32cube.ide.mcu.externaltools.gnu-tools-for-stm32.10.3-2021.10.linux64_1.0.200.202301161003/tools/bin/../lib/gcc/arm-none-eabi/10.3.1/../../../../arm-none-eabi/lib/thumb/v7e-m+fp/hard/libm.a
LOAD /opt/st/stm32cubeide_1.12.1/plugins/com.st.stm32cube.ide.mcu.externaltools.gnu-tools-for-stm32.10.3-2021.10.linux64_1.0.200.202301161003/tools/bin/../lib/gcc/arm-none-eabi/10.3.1/thumb/v7e-m+fp/hard/libgcc.a

.debug_info     0x0000000000000000    0x14bfe
 .debug_info    0x0000000000000000     0x1c98 ./Core/Src/main.o
 .debug_info    0x0000000000001c98     0x1868 ./Core/Src/stm32g4xx_hal_msp.o
 .debug_info    0x0000000000003500      0xd35 ./Core/Src/stm32g4xx_it.o
 .debug_info    0x0000000000004235      0x59f ./Core/Src/system_stm32g4xx.o
 .debug_info    0x00000000000047d4       0x22 ./Core/Startup/startup_stm32g474retx.o
 .debug_info    0x00000000000047f6      0xb9d ./Drivers/STM32G4xx_HAL_Driver/Src/stm32g4xx_hal.o
 .debug_info    0x0000000000005393      0xe7e ./Drivers/STM32G4xx_HAL_Driver/Src/stm32g4xx_hal_cortex.o
 .debug_info    0x0000000000006211      0x8ee ./Drivers/STM32G4xx_HAL_Driver/Src/stm32g4xx_hal_dma.o
 .debug_info    0x0000000000006aff      0x82f ./Drivers/STM32G4xx_HAL_Driver/Src/stm32g4xx_hal_gpio.o
 .debug_info    0x000000000000732e      0xe90 ./Drivers/STM32G4xx_HAL_Driver/Src/stm32g4xx_hal_i2s.o
 .debug_info    0x00000000000081be      0x983 ./Drivers/STM32G4xx_HAL_Driver/Src/stm32g4xx_hal_pwr_ex.o
 .debug_info    0x0000000000008b41      0xcb7 ./Drivers/STM32G4xx_HAL_Driver/Src/stm32g4xx_hal_rcc.o
 .debug_info    0x00000000000097f8      0xd32 ./Drivers/STM32G4xx_HAL_Driver/Src/stm32g4xx_hal_rcc_ex.o
 .debug_info    0x000000000000a52a     0x2e83 ./Drivers/STM32G4xx_HAL_Driver/Src/stm32g4xx_hal_tim.o
 .debug_info    0x000000000000d3ad     0x1eea ./Drivers/STM32G4xx_HAL_Driver/Src/stm32g4xx_hal_tim_ex.o
 .debug_info    0x000000000000f297     0x4936 ./Drivers/STM32G4xx_HAL_Driver/Src/stm32g4xx_hal_uart.o
 .debug_info    0x0000000000013bcd     0x1031 ./Drivers/STM32G4xx_HAL_Driver/Src/stm32g4xx_hal_uart_ex.o

.debug_abbrev   0x0000000000000000     0x261f
 .debug_abbrev  0x0000000000000000      0x35e ./Core/Src/main.o
 .debug_abbrev  0x000000000000035e      0x276 ./Core/Src/stm32g4xx_hal_msp.o
 .debug_abbrev  0x00000000000005d4      0x1d6 ./Core/Src/stm32g4xx_it.o
 .debug_abbrev  0x00000000000007aa      0x116 ./Core/Src/system_stm32g4xx.o
 .debug_abbrev  0x00000000000008c0       0x12 ./Core/Startup/startup_stm32g474retx.o
 .debug_abbrev  0x00000000000008d2      0x269 ./Drivers/STM32G4xx_HAL_Driver/Src/stm32g4xx_hal.o
 .debug_abbrev  0x0000000000000b3b      0x30d ./Drivers/STM32G4xx_HAL_Driver/Src/stm32g4xx_hal_cortex.o
 .debug_abbrev  0x0000000000000e48      0x1d7 ./Drivers/STM32G4xx_HAL_Driver/Src/stm32g4xx_hal_dma.o
 .debug_abbrev  0x000000000000101f      0x1bb ./Drivers/STM32G4xx_HAL_Driver/Src/stm32g4xx_hal_gpio.o
 .debug_abbrev  0x00000000000011da      0x232 ./Drivers/STM32G4xx_HAL_Driver/Src/stm32g4xx_hal_i2s.o
 .debug_abbrev  0x000000000000140c      0x229 ./Drivers/STM32G4xx_HAL_Driver/Src/stm32g4xx_hal_pwr_ex.o
 .debug_abbrev  0x0000000000001635      0x2bd ./Drivers/STM32G4xx_HAL_Driver/Src/stm32g4xx_hal_rcc.o
 .debug_abbrev  0x00000000000018f2      0x247 ./Drivers/STM32G4xx_HAL_Driver/Src/stm32g4xx_hal_rcc_ex.o
 .debug_abbrev  0x0000000000001b39      0x28e ./Drivers/STM32G4xx_HAL_Driver/Src/stm32g4xx_hal_tim.o
 .debug_abbrev  0x0000000000001dc7      0x2ab ./Drivers/STM32G4xx_HAL_Driver/Src/stm32g4xx_hal_tim_ex.o
 .debug_abbrev  0x0000000000002072      0x2f0 ./Drivers/STM32G4xx_HAL_Driver/Src/stm32g4xx_hal_uart.o
 .debug_abbrev  0x0000000000002362      0x2bd ./Drivers/STM32G4xx_HAL_Driver/Src/stm32g4xx_hal_uart_ex.o

.debug_aranges  0x0000000000000000     0x1180
 .debug_aranges
                0x0000000000000000       0x90 ./Core/Src/main.o
 .debug_aranges
                0x0000000000000090       0x50 ./Core/Src/stm32g4xx_hal_msp.o
 .debug_aranges
                0x00000000000000e0       0x90 ./Core/Src/stm32g4xx_it.o
 .debug_aranges
                0x0000000000000170       0x28 ./Core/Src/system_stm32g4xx.o
 .debug_aranges
                0x0000000000000198       0x28 ./Core/Startup/startup_stm32g474retx.o
 .debug_aranges
                0x00000000000001c0      0x130 ./Drivers/STM32G4xx_HAL_Driver/Src/stm32g4xx_hal.o
 .debug_aranges
                0x00000000000002f0      0x118 ./Drivers/STM32G4xx_HAL_Driver/Src/stm32g4xx_hal_cortex.o
 .debug_aranges
                0x0000000000000408       0x90 ./Drivers/STM32G4xx_HAL_Driver/Src/stm32g4xx_hal_dma.o
 .debug_aranges
                0x0000000000000498       0x58 ./Drivers/STM32G4xx_HAL_Driver/Src/stm32g4xx_hal_gpio.o
 .debug_aranges
                0x00000000000004f0      0x100 ./Drivers/STM32G4xx_HAL_Driver/Src/stm32g4xx_hal_i2s.o
 .debug_aranges
                0x00000000000005f0      0x140 ./Drivers/STM32G4xx_HAL_Driver/Src/stm32g4xx_hal_pwr_ex.o
 .debug_aranges
                0x0000000000000730       0x98 ./Drivers/STM32G4xx_HAL_Driver/Src/stm32g4xx_hal_rcc.o
 .debug_aranges
                0x00000000000007c8       0xb0 ./Drivers/STM32G4xx_HAL_Driver/Src/stm32g4xx_hal_rcc_ex.o
 .debug_aranges
                0x0000000000000878      0x3e0 ./Drivers/STM32G4xx_HAL_Driver/Src/stm32g4xx_hal_tim.o
 .debug_aranges
                0x0000000000000c58      0x240 ./Drivers/STM32G4xx_HAL_Driver/Src/stm32g4xx_hal_tim_ex.o
 .debug_aranges
                0x0000000000000e98      0x248 ./Drivers/STM32G4xx_HAL_Driver/Src/stm32g4xx_hal_uart.o
 .debug_aranges
                0x00000000000010e0       0xa0 ./Drivers/STM32G4xx_HAL_Driver/Src/stm32g4xx_hal_uart_ex.o

.debug_ranges   0x0000000000000000     0x10a8
 .debug_ranges  0x0000000000000000       0x80 ./Core/Src/main.o
 .debug_ranges  0x0000000000000080       0x40 ./Core/Src/stm32g4xx_hal_msp.o
 .debug_ranges  0x00000000000000c0       0x80 ./Core/Src/stm32g4xx_it.o
 .debug_ranges  0x0000000000000140       0x18 ./Core/Src/system_stm32g4xx.o
 .debug_ranges  0x0000000000000158       0x20 ./Core/Startup/startup_stm32g474retx.o
 .debug_ranges  0x0000000000000178      0x120 ./Drivers/STM32G4xx_HAL_Driver/Src/stm32g4xx_hal.o
 .debug_ranges  0x0000000000000298      0x108 ./Drivers/STM32G4xx_HAL_Driver/Src/stm32g4xx_hal_cortex.o
 .debug_ranges  0x00000000000003a0       0x80 ./Drivers/STM32G4xx_HAL_Driver/Src/stm32g4xx_hal_dma.o
 .debug_ranges  0x0000000000000420       0x48 ./Drivers/STM32G4xx_HAL_Driver/Src/stm32g4xx_hal_gpio.o
 .debug_ranges  0x0000000000000468       0xf0 ./Drivers/STM32G4xx_HAL_Driver/Src/stm32g4xx_hal_i2s.o
 .debug_ranges  0x0000000000000558      0x130 ./Drivers/STM32G4xx_HAL_Driver/Src/stm32g4xx_hal_pwr_ex.o
 .debug_ranges  0x0000000000000688       0x88 ./Drivers/STM32G4xx_HAL_Driver/Src/stm32g4xx_hal_rcc.o
 .debug_ranges  0x0000000000000710       0xa0 ./Drivers/STM32G4xx_HAL_Driver/Src/stm32g4xx_hal_rcc_ex.o
 .debug_ranges  0x00000000000007b0      0x3d0 ./Drivers/STM32G4xx_HAL_Driver/Src/stm32g4xx_hal_tim.o
 .debug_ranges  0x0000000000000b80      0x230 ./Drivers/STM32G4xx_HAL_Driver/Src/stm32g4xx_hal_tim_ex.o
 .debug_ranges  0x0000000000000db0      0x268 ./Drivers/STM32G4xx_HAL_Driver/Src/stm32g4xx_hal_uart.o
 .debug_ranges  0x0000000000001018       0x90 ./Drivers/STM32G4xx_HAL_Driver/Src/stm32g4xx_hal_uart_ex.o

.debug_macro    0x0000000000000000    0x26b6d
 .debug_macro   0x0000000000000000      0x3c2 ./Core/Src/main.o
 .debug_macro   0x00000000000003c2      0xa78 ./Core/Src/main.o
 .debug_macro   0x0000000000000e3a      0x161 ./Core/Src/main.o
 .debug_macro   0x0000000000000f9b       0x2e ./Core/Src/main.o
 .debug_macro   0x0000000000000fc9       0x28 ./Core/Src/main.o
 .debug_macro   0x0000000000000ff1       0x22 ./Core/Src/main.o
 .debug_macro   0x0000000000001013       0x8e ./Core/Src/main.o
 .debug_macro   0x00000000000010a1       0x51 ./Core/Src/main.o
 .debug_macro   0x00000000000010f2      0x103 ./Core/Src/main.o
 .debug_macro   0x00000000000011f5       0x6a ./Core/Src/main.o
 .debug_macro   0x000000000000125f      0x1df ./Core/Src/main.o
 .debug_macro   0x000000000000143e       0x1c ./Core/Src/main.o
 .debug_macro   0x000000000000145a       0x22 ./Core/Src/main.o
 .debug_macro   0x000000000000147c       0xfb ./Core/Src/main.o
 .debug_macro   0x0000000000001577     0x1011 ./Core/Src/main.o
 .debug_macro   0x0000000000002588      0x11f ./Core/Src/main.o
 .debug_macro   0x00000000000026a7    0x18b93 ./Core/Src/main.o
 .debug_macro   0x000000000001b23a       0x6d ./Core/Src/main.o
 .debug_macro   0x000000000001b2a7     0x3554 ./Core/Src/main.o
 .debug_macro   0x000000000001e7fb      0x174 ./Core/Src/main.o
 .debug_macro   0x000000000001e96f       0x5c ./Core/Src/main.o
 .debug_macro   0x000000000001e9cb     0x171f ./Core/Src/main.o
 .debug_macro   0x00000000000200ea      0x600 ./Core/Src/main.o
 .debug_macro   0x00000000000206ea      0x1b6 ./Core/Src/main.o
 .debug_macro   0x00000000000208a0      0x34a ./Core/Src/main.o
 .debug_macro   0x0000000000020bea      0x53c ./Core/Src/main.o
 .debug_macro   0x0000000000021126      0x18b ./Core/Src/main.o
 .debug_macro   0x00000000000212b1       0x43 ./Core/Src/main.o
 .debug_macro   0x00000000000212f4      0x23d ./Core/Src/main.o
 .debug_macro   0x0000000000021531      0x211 ./Core/Src/main.o
 .debug_macro   0x0000000000021742      0x45c ./Core/Src/main.o
 .debug_macro   0x0000000000021b9e      0x11c ./Core/Src/main.o
 .debug_macro   0x0000000000021cba      0x1c3 ./Core/Src/main.o
 .debug_macro   0x0000000000021e7d      0x122 ./Core/Src/main.o
 .debug_macro   0x0000000000021f9f      0x3d1 ./Core/Src/main.o
 .debug_macro   0x0000000000022370      0xbef ./Core/Src/main.o
 .debug_macro   0x0000000000022f5f      0x718 ./Core/Src/main.o
 .debug_macro   0x0000000000023677      0x67e ./Core/Src/main.o
 .debug_macro   0x0000000000023cf5       0xa6 ./Core/Src/main.o
 .debug_macro   0x0000000000023d9b      0x358 ./Core/Src/main.o
 .debug_macro   0x00000000000240f3       0x5e ./Core/Src/main.o
 .debug_macro   0x0000000000024151       0x52 ./Core/Src/main.o
 .debug_macro   0x00000000000241a3       0x1e ./Core/Src/main.o
 .debug_macro   0x00000000000241c1       0x3c ./Core/Src/main.o
 .debug_macro   0x00000000000241fd       0x34 ./Core/Src/main.o
 .debug_macro   0x0000000000024231       0x16 ./Core/Src/main.o
 .debug_macro   0x0000000000024247       0x43 ./Core/Src/main.o
 .debug_macro   0x000000000002428a       0x34 ./Core/Src/main.o
 .debug_macro   0x00000000000242be       0x10 ./Core/Src/main.o
 .debug_macro   0x00000000000242ce       0x58 ./Core/Src/main.o
 .debug_macro   0x0000000000024326       0x71 ./Core/Src/main.o
 .debug_macro   0x0000000000024397       0x1c ./Core/Src/main.o
 .debug_macro   0x00000000000243b3      0x12a ./Core/Src/main.o
 .debug_macro   0x00000000000244dd      0x341 ./Core/Src/main.o
 .debug_macro   0x000000000002481e      0x19b ./Core/Src/main.o
 .debug_macro   0x00000000000249b9       0x16 ./Core/Src/main.o
 .debug_macro   0x00000000000249cf       0x35 ./Core/Src/main.o
 .debug_macro   0x0000000000024a04       0x16 ./Core/Src/main.o
 .debug_macro   0x0000000000024a1a       0x29 ./Core/Src/main.o
 .debug_macro   0x0000000000024a43       0x1c ./Core/Src/main.o
 .debug_macro   0x0000000000024a5f       0x10 ./Core/Src/main.o
 .debug_macro   0x0000000000024a6f       0x10 ./Core/Src/main.o
 .debug_macro   0x0000000000024a7f       0x1c ./Core/Src/main.o
 .debug_macro   0x0000000000024a9b       0x52 ./Core/Src/main.o
 .debug_macro   0x0000000000024aed       0x22 ./Core/Src/main.o
 .debug_macro   0x0000000000024b0f       0x10 ./Core/Src/main.o
 .debug_macro   0x0000000000024b1f       0x52 ./Core/Src/main.o
 .debug_macro   0x0000000000024b71       0xd5 ./Core/Src/main.o
 .debug_macro   0x0000000000024c46       0x1c ./Core/Src/main.o
 .debug_macro   0x0000000000024c62       0x3d ./Core/Src/main.o
 .debug_macro   0x0000000000024c9f       0x16 ./Core/Src/main.o
 .debug_macro   0x0000000000024cb5      0x145 ./Core/Src/main.o
 .debug_macro   0x0000000000024dfa       0x16 ./Core/Src/main.o
 .debug_macro   0x0000000000024e10       0x10 ./Core/Src/main.o
 .debug_macro   0x0000000000024e20       0x10 ./Core/Src/main.o
 .debug_macro   0x0000000000024e30       0x35 ./Core/Src/main.o
 .debug_macro   0x0000000000024e65      0x1e7 ./Core/Src/stm32g4xx_hal_msp.o
 .debug_macro   0x000000000002504c      0x1f1 ./Core/Src/stm32g4xx_it.o
 .debug_macro   0x000000000002523d      0x1d8 ./Core/Src/system_stm32g4xx.o
 .debug_macro   0x0000000000025415      0x226 ./Drivers/STM32G4xx_HAL_Driver/Src/stm32g4xx_hal.o
 .debug_macro   0x000000000002563b      0x1d8 ./Drivers/STM32G4xx_HAL_Driver/Src/stm32g4xx_hal_cortex.o
 .debug_macro   0x0000000000025813      0x1d8 ./Drivers/STM32G4xx_HAL_Driver/Src/stm32g4xx_hal_dma.o
 .debug_macro   0x00000000000259eb      0x1df ./Drivers/STM32G4xx_HAL_Driver/Src/stm32g4xx_hal_gpio.o
 .debug_macro   0x0000000000025bca      0x1e0 ./Drivers/STM32G4xx_HAL_Driver/Src/stm32g4xx_hal_i2s.o
 .debug_macro   0x0000000000025daa      0x202 ./Drivers/STM32G4xx_HAL_Driver/Src/stm32g4xx_hal_pwr_ex.o
 .debug_macro   0x0000000000025fac      0x21a ./Drivers/STM32G4xx_HAL_Driver/Src/stm32g4xx_hal_rcc.o
 .debug_macro   0x00000000000261c6      0x202 ./Drivers/STM32G4xx_HAL_Driver/Src/stm32g4xx_hal_rcc_ex.o
 .debug_macro   0x00000000000263c8      0x1e0 ./Drivers/STM32G4xx_HAL_Driver/Src/stm32g4xx_hal_tim.o
 .debug_macro   0x00000000000265a8      0x1de ./Drivers/STM32G4xx_HAL_Driver/Src/stm32g4xx_hal_tim_ex.o
 .debug_macro   0x0000000000026786      0x203 ./Drivers/STM32G4xx_HAL_Driver/Src/stm32g4xx_hal_uart.o
 .debug_macro   0x0000000000026989      0x1e4 ./Drivers/STM32G4xx_HAL_Driver/Src/stm32g4xx_hal_uart_ex.o

.debug_line     0x0000000000000000    0x13b1e
 .debug_line    0x0000000000000000      0xcbf ./Core/Src/main.o
 .debug_line    0x0000000000000cbf      0x899 ./Core/Src/stm32g4xx_hal_msp.o
 .debug_line    0x0000000000001558      0x825 ./Core/Src/stm32g4xx_it.o
 .debug_line    0x0000000000001d7d      0x73b ./Core/Src/system_stm32g4xx.o
 .debug_line    0x00000000000024b8       0x89 ./Core/Startup/startup_stm32g474retx.o
 .debug_line    0x0000000000002541      0xab2 ./Drivers/STM32G4xx_HAL_Driver/Src/stm32g4xx_hal.o
 .debug_line    0x0000000000002ff3      0xc65 ./Drivers/STM32G4xx_HAL_Driver/Src/stm32g4xx_hal_cortex.o
 .debug_line    0x0000000000003c58      0xe1e ./Drivers/STM32G4xx_HAL_Driver/Src/stm32g4xx_hal_dma.o
 .debug_line    0x0000000000004a76      0xaf5 ./Drivers/STM32G4xx_HAL_Driver/Src/stm32g4xx_hal_gpio.o
 .debug_line    0x000000000000556b     0x1033 ./Drivers/STM32G4xx_HAL_Driver/Src/stm32g4xx_hal_i2s.o
 .debug_line    0x000000000000659e      0xc69 ./Drivers/STM32G4xx_HAL_Driver/Src/stm32g4xx_hal_pwr_ex.o
 .debug_line    0x0000000000007207      0xec8 ./Drivers/STM32G4xx_HAL_Driver/Src/stm32g4xx_hal_rcc.o
 .debug_line    0x00000000000080cf     0x11d5 ./Drivers/STM32G4xx_HAL_Driver/Src/stm32g4xx_hal_rcc_ex.o
 .debug_line    0x00000000000092a4     0x3eeb ./Drivers/STM32G4xx_HAL_Driver/Src/stm32g4xx_hal_tim.o
 .debug_line    0x000000000000d18f     0x2106 ./Drivers/STM32G4xx_HAL_Driver/Src/stm32g4xx_hal_tim_ex.o
 .debug_line    0x000000000000f295     0x3b2c ./Drivers/STM32G4xx_HAL_Driver/Src/stm32g4xx_hal_uart.o
 .debug_line    0x0000000000012dc1      0xd5d ./Drivers/STM32G4xx_HAL_Driver/Src/stm32g4xx_hal_uart_ex.o

.debug_str      0x0000000000000000    0xfda4b
 .debug_str     0x0000000000000000    0xf939d ./Core/Src/main.o
                                      0xf9770 (size before relaxing)
 .debug_str     0x00000000000f939d      0x31e ./Core/Src/stm32g4xx_hal_msp.o
                                      0xf4ea3 (size before relaxing)
 .debug_str     0x00000000000f96bb      0x1a8 ./Core/Src/stm32g4xx_it.o
                                      0xf43df (size before relaxing)
 .debug_str     0x00000000000f9863       0xdb ./Core/Src/system_stm32g4xx.o
                                      0xf3a5d (size before relaxing)
 .debug_str     0x00000000000f993e       0x36 ./Core/Startup/startup_stm32g474retx.o
                                         0x66 (size before relaxing)
 .debug_str     0x00000000000f9974      0x5c6 ./Drivers/STM32G4xx_HAL_Driver/Src/stm32g4xx_hal.o
                                      0xf4748 (size before relaxing)
 .debug_str     0x00000000000f9f3a      0x31d ./Drivers/STM32G4xx_HAL_Driver/Src/stm32g4xx_hal_cortex.o
                                      0xf43f3 (size before relaxing)
 .debug_str     0x00000000000fa257      0x29f ./Drivers/STM32G4xx_HAL_Driver/Src/stm32g4xx_hal_dma.o
                                      0xf3e37 (size before relaxing)
 .debug_str     0x00000000000fa4f6       0xd7 ./Drivers/STM32G4xx_HAL_Driver/Src/stm32g4xx_hal_gpio.o
                                      0xf3be8 (size before relaxing)
 .debug_str     0x00000000000fa5cd      0x24f ./Drivers/STM32G4xx_HAL_Driver/Src/stm32g4xx_hal_i2s.o
                                      0xf4004 (size before relaxing)
 .debug_str     0x00000000000fa81c      0x4a5 ./Drivers/STM32G4xx_HAL_Driver/Src/stm32g4xx_hal_pwr_ex.o
                                      0xf3f4b (size before relaxing)
 .debug_str     0x00000000000facc1      0x4fb ./Drivers/STM32G4xx_HAL_Driver/Src/stm32g4xx_hal_rcc.o
                                      0xf417c (size before relaxing)
 .debug_str     0x00000000000fb1bc      0x3f0 ./Drivers/STM32G4xx_HAL_Driver/Src/stm32g4xx_hal_rcc_ex.o
                                      0xf41a6 (size before relaxing)
 .debug_str     0x00000000000fb5ac      0xf22 ./Drivers/STM32G4xx_HAL_Driver/Src/stm32g4xx_hal_tim.o
                                      0xf4f4b (size before relaxing)
 .debug_str     0x00000000000fc4ce      0x995 ./Drivers/STM32G4xx_HAL_Driver/Src/stm32g4xx_hal_tim_ex.o
                                      0xf4bcf (size before relaxing)
 .debug_str     0x00000000000fce63      0x99e ./Drivers/STM32G4xx_HAL_Driver/Src/stm32g4xx_hal_uart.o
                                      0xf49f0 (size before relaxing)
 .debug_str     0x00000000000fd801      0x24a ./Drivers/STM32G4xx_HAL_Driver/Src/stm32g4xx_hal_uart_ex.o
                                      0xf41d4 (size before relaxing)

.comment        0x0000000000000000       0x50
 .comment       0x0000000000000000       0x50 ./Core/Src/main.o
                                         0x51 (size before relaxing)
 .comment       0x0000000000000050       0x51 ./Core/Src/stm32g4xx_hal_msp.o
 .comment       0x0000000000000050       0x51 ./Core/Src/stm32g4xx_it.o
 .comment       0x0000000000000050       0x51 ./Core/Src/system_stm32g4xx.o
 .comment       0x0000000000000050       0x51 ./Drivers/STM32G4xx_HAL_Driver/Src/stm32g4xx_hal.o
 .comment       0x0000000000000050       0x51 ./Drivers/STM32G4xx_HAL_Driver/Src/stm32g4xx_hal_cortex.o
 .comment       0x0000000000000050       0x51 ./Drivers/STM32G4xx_HAL_Driver/Src/stm32g4xx_hal_dma.o
 .comment       0x0000000000000050       0x51 ./Drivers/STM32G4xx_HAL_Driver/Src/stm32g4xx_hal_gpio.o
 .comment       0x0000000000000050       0x51 ./Drivers/STM32G4xx_HAL_Driver/Src/stm32g4xx_hal_i2s.o
 .comment       0x0000000000000050       0x51 ./Drivers/STM32G4xx_HAL_Driver/Src/stm32g4xx_hal_pwr_ex.o
 .comment       0x0000000000000050       0x51 ./Drivers/STM32G4xx_HAL_Driver/Src/stm32g4xx_hal_rcc.o
 .comment       0x0000000000000050       0x51 ./Drivers/STM32G4xx_HAL_Driver/Src/stm32g4xx_hal_rcc_ex.o
 .comment       0x0000000000000050       0x51 ./Drivers/STM32G4xx_HAL_Driver/Src/stm32g4xx_hal_tim.o
 .comment       0x0000000000000050       0x51 ./Drivers/STM32G4xx_HAL_Driver/Src/stm32g4xx_hal_tim_ex.o
 .comment       0x0000000000000050       0x51 ./Drivers/STM32G4xx_HAL_Driver/Src/stm32g4xx_hal_uart.o
 .comment       0x0000000000000050       0x51 ./Drivers/STM32G4xx_HAL_Driver/Src/stm32g4xx_hal_uart_ex.o

.debug_frame    0x0000000000000000     0x4ac0
 .debug_frame   0x0000000000000000      0x210 ./Core/Src/main.o
 .debug_frame   0x0000000000000210      0x114 ./Core/Src/stm32g4xx_hal_msp.o
 .debug_frame   0x0000000000000324      0x1ac ./Core/Src/stm32g4xx_it.o
 .debug_frame   0x00000000000004d0       0x58 ./Core/Src/system_stm32g4xx.o
 .debug_frame   0x0000000000000528      0x4a0 ./Drivers/STM32G4xx_HAL_Driver/Src/stm32g4xx_hal.o
 .debug_frame   0x00000000000009c8      0x498 ./Drivers/STM32G4xx_HAL_Driver/Src/stm32g4xx_hal_cortex.o
 .debug_frame   0x0000000000000e60      0x24c ./Drivers/STM32G4xx_HAL_Driver/Src/stm32g4xx_hal_dma.o
 .debug_frame   0x00000000000010ac      0x14c ./Drivers/STM32G4xx_HAL_Driver/Src/stm32g4xx_hal_gpio.o
 .debug_frame   0x00000000000011f8      0x458 ./Drivers/STM32G4xx_HAL_Driver/Src/stm32g4xx_hal_i2s.o
 .debug_frame   0x0000000000001650      0x4fc ./Drivers/STM32G4xx_HAL_Driver/Src/stm32g4xx_hal_pwr_ex.o
 .debug_frame   0x0000000000001b4c      0x23c ./Drivers/STM32G4xx_HAL_Driver/Src/stm32g4xx_hal_rcc.o
 .debug_frame   0x0000000000001d88      0x2ac ./Drivers/STM32G4xx_HAL_Driver/Src/stm32g4xx_hal_rcc_ex.o
 .debug_frame   0x0000000000002034     0x1220 ./Drivers/STM32G4xx_HAL_Driver/Src/stm32g4xx_hal_tim.o
 .debug_frame   0x0000000000003254      0xa70 ./Drivers/STM32G4xx_HAL_Driver/Src/stm32g4xx_hal_tim_ex.o
 .debug_frame   0x0000000000003cc4      0xa94 ./Drivers/STM32G4xx_HAL_Driver/Src/stm32g4xx_hal_uart.o
 .debug_frame   0x0000000000004758      0x29c ./Drivers/STM32G4xx_HAL_Driver/Src/stm32g4xx_hal_uart_ex.o
 .debug_frame   0x00000000000049f4       0x2c /opt/st/stm32cubeide_1.12.1/plugins/com.st.stm32cube.ide.mcu.externaltools.gnu-tools-for-stm32.10.3-2021.10.linux64_1.0.200.202301161003/tools/bin/../lib/gcc/arm-none-eabi/10.3.1/../../../../arm-none-eabi/lib/thumb/v7e-m+fp/hard/libc_nano.a(lib_a-init.o)
 .debug_frame   0x0000000000004a20       0x20 /opt/st/stm32cubeide_1.12.1/plugins/com.st.stm32cube.ide.mcu.externaltools.gnu-tools-for-stm32.10.3-2021.10.linux64_1.0.200.202301161003/tools/bin/../lib/gcc/arm-none-eabi/10.3.1/../../../../arm-none-eabi/lib/thumb/v7e-m+fp/hard/libc_nano.a(lib_a-memset.o)
 .debug_frame   0x0000000000004a40       0x20 /opt/st/stm32cubeide_1.12.1/plugins/com.st.stm32cube.ide.mcu.externaltools.gnu-tools-for-stm32.10.3-2021.10.linux64_1.0.200.202301161003/tools/bin/../lib/gcc/arm-none-eabi/10.3.1/../../../../arm-none-eabi/lib/thumb/v7e-m+fp/hard/libm.a(lib_a-sf_round.o)
 .debug_frame   0x0000000000004a60       0x2c /opt/st/stm32cubeide_1.12.1/plugins/com.st.stm32cube.ide.mcu.externaltools.gnu-tools-for-stm32.10.3-2021.10.linux64_1.0.200.202301161003/tools/bin/../lib/gcc/arm-none-eabi/10.3.1/thumb/v7e-m+fp/hard/libgcc.a(_aeabi_uldivmod.o)
 .debug_frame   0x0000000000004a8c       0x34 /opt/st/stm32cubeide_1.12.1/plugins/com.st.stm32cube.ide.mcu.externaltools.gnu-tools-for-stm32.10.3-2021.10.linux64_1.0.200.202301161003/tools/bin/../lib/gcc/arm-none-eabi/10.3.1/thumb/v7e-m+fp/hard/libgcc.a(_udivmoddi4.o)
